geewiz

Level 1 of the Dungeon
(1, 0, D:1)
  a +0 club
(6, -2, D:1)
  a +0 club
(8, 16, D:1)
  a +0 ring mail
(12, 6, D:1)
  a +0 short sword
  a kobold skeleton
  a hobgoblin skeleton
(13, 11, D:1)
  a rat skeleton
(14, 11, D:1)
  a frilled lizard skeleton
(25, -3, D:1)
  a bat corpse (skeletalised by now)
(30, 14, D:1)
  a +0 club
  a kobold skeleton
(30, 20, D:1)
  a +0 spear
(30, 22, D:1)
  a +0 dagger
  a goblin corpse (skeletalised by now)
(35, 31, D:1)
  a +0 robe
  a human skeleton
(38, -1, D:1)
  a +0 antimagic spear
  a gnoll skeleton
(39, 0, D:1)
  a +0 club
  a +0 animal skin
  the hobgoblin corpse of Robin (skeletalised by now)
(55, 7, D:1)
  a +0 short sword
(58, -2, D:1)
  a quill talisman

Level 2 of the Dungeon
[Shop] Jotua's Weapon Shoppe
  a +0 hand axe (33 gold)
  a +0 dagger (22 gold)
  a +0 club (5 gold)
  2 poisoned darts (13 gold)
  a +0 dagger (22 gold)
  a +0 dagger (22 gold)
  a +0 short sword (33 gold)
  a +0 quarterstaff (55 gold)
  a +0 war axe of draining (91 gold)
(10, 8, D:2)
  a +0 hand axe
  a +0 club
  a +0 short sword
  an orc corpse (skeletalised by now)
(10, 18, D:2)
  a frilled lizard skeleton
(11, 7, D:2)
  a +0 hand axe
  a +0 chain mail
  an orc corpse (skeletalised by now)
(12, 11, D:2)
  a +0 dagger
  a kobold skeleton
(13, 6, D:2)
  a +0 dagger
  a +0 robe
  an orc corpse (skeletalised by now)
(14, 29, D:2)
  a +0 dagger
(14, 32, D:2)
  an adder corpse (skeletalised by now)
(14, 35, D:2)
  a human corpse (skeletalised by now)
(15, -9, D:2)
  a quokka skeleton
(15, 31, D:2)
  a +0 hand axe
(21, 31, D:2)
  a +0 ring mail
(28, 14, D:2)
  a +2 quarterstaff of chaos
  a +0 cloak
(29, -13, D:2)
  a +0 dagger
  a goblin skeleton
(31, 15, D:2)
  a +0 hammer
(36, -16, D:2)
  a +0 quarterstaff
(41, 7, D:2)
  the felid corpse of Natasha (skeletalised by now)
(42, -8, D:2)
  a +0 spear
(43, -9, D:2)
  a +0 dagger
  a goblin skeleton
(43, -8, D:2)
  a +0 short sword
  a +0 dagger
(46, -9, D:2)
  a +0 spear
(46, 15, D:2)
  a +0 club
  a +0 dagger
  a goblin corpse (skeletalised by now)
(48, -8, D:2)
  an adder skeleton
(49, 17, D:2)
  a +0 robe
(51, -9, D:2)
  a +0 dagger
  a goblin skeleton
(53, -10, D:2)
  a +0 dagger

Level 3 of the Dungeon
(0, 0, D:3)
  a ball python corpse (skeletalised by now)
(3, 14, D:3)
  a +0 club
  a +0 sling
  a goblin corpse (skeletalised by now)
(4, -21, D:3)
  a +1 robe of positive energy
  a +1 dagger of venom
(5, -19, D:3)
  a +0 whip
  a kobold skeleton
(5, -17, D:3)
  a +0 spear
(5, -16, D:3)
  a +0 spear
(5, 11, D:3)
  a quokka skeleton
(6, -18, D:3)
  a +0 flail
  a gnoll skeleton
(6, -16, D:3)
  a +0 whip
(6, 9, D:3)
  a +0 club
  a +0 dagger
  a +0 club
  a goblin skeleton
(6, 12, D:3)
  a +0 dagger
(7, 11, D:3)
  a +0 giant club
  an ogre skeleton
(9, 7, D:3)
  4 large rocks
(10, 7, D:3)
  4 large rocks
(11, -12, D:3)
  a +0 chain mail
(11, 2, D:3)
  a +0 club
(13, 15, D:3)
  a +0 mace
  a +0 ring mail
  an orc skeleton
(20, 7, D:3)
  a hobgoblin skeleton
(27, 22, D:3)
  a +0 dagger
  a goblin corpse (skeletalised by now)
(30, -18, D:3)
  an adder corpse (skeletalised by now)
(32, 16, D:3)
  a +0 dagger
  a +0 club
  a goblin skeleton
(37, 14, D:3)
  a +0 dagger
  a goblin skeleton
(38, 2, D:3)
  a +0 club
(47, 7, D:3)
  a +0 dagger
(54, 1, D:3)
  a +0 dagger
  a goblin corpse (skeletalised by now)

Level 4 of the Dungeon
(0, 0, D:4)
  an adder skeleton
(11, 24, D:4)
  an adder corpse (skeletalised by now)
(14, -1, D:4)
  a +0 dagger
(38, 14, D:4)
  a +0 dagger
(39, 9, D:4)
  a +0 leather armour
  a +0 mace
(40, 1, D:4)
  an iguana skeleton
(40, 8, D:4)
  a +0 robe
  a +0 dagger
(40, 11, D:4)
  a +0 mace
(40, 12, D:4)
  a +0 leather armour
  a +0 dagger
  an orc skeleton
(41, 19, D:4)
  a +0 robe
  a +0 dagger
  an orc skeleton
(41, 25, D:4)
  a +0 leather armour
  a +0 club
(42, 3, D:4)
  a +0 dagger
  a kobold skeleton
(43, 5, D:4)
  a +0 robe
(45, 16, D:4)
  a +3 whip
(45, 17, D:4)
  a hobgoblin skeleton
(47, -10, D:4)
  a +0 robe

Level 5 of the Dungeon
(2, 35, D:5)
  a black bear corpse (skeletalised by now)
(7, -21, D:5)
  a +0 giant club
  an ogre skeleton
(10, -17, D:5)
  a +0 scale mail
  a +0 club
  an orc skeleton
(13, -5, D:5)
  a +0 giant club
  an ogre skeleton
(16, 23, D:5)
  a +0 robe
(21, 17, D:5)
  a +0 chain mail
(21, 19, D:5)
  an adder corpse (skeletalised by now)
(32, -17, D:5)
  a +0 flail
(33, -18, D:5)
  a +0 halberd
(33, -17, D:5)
  a +0 spear
  a +0 scale mail
  a +0 halberd
  a gnoll corpse (skeletalised by now)
(33, -16, D:5)
  a +0 flail
  a gnoll corpse (skeletalised by now)
(33, 24, D:5)
  a jackal skeleton
(51, 11, D:5)
  a +0 sling
(51, 24, D:5)
  a +0 short sword
  an orc corpse (skeletalised by now)
(52, 24, D:5)
  a +0 dagger
  a +0 robe
  an orc corpse (skeletalised by now)
(53, 24, D:5)
  a +0 war axe
  an orc corpse (skeletalised by now)
(57, -12, D:5)
  a +0 long sword
(58, 37, D:5)
  a +0 whip
  a +0 leather armour
(59, 37, D:5)
  a +0 hand axe
  an orc corpse (skeletalised by now)
(63, 26, D:5)
  an iguana corpse (skeletalised by now)

Level 6 of the Dungeon
[Shop] Gotoug's Distillery
  a potion of berserk rage (82 gold)
  a potion of might (66 gold)
  a potion of mutation (132 gold)
[Shop] Hebuom's Book Shop
  a parchment of Mephitic Cloud (129 gold)
  a parchment of Ozocubu's Armour (129 gold)
  a parchment of Poisonous Vapours (64 gold)
  a parchment of Freeze (64 gold)
  a parchment of Martyr's Knell (162 gold)
  a parchment of Vampiric Draining (129 gold)
  a parchment of Dispel Undead (162 gold)
  a parchment of Hailstorm (129 gold)
  a parchment of Forge Blazeheart Golem (162 gold)
  a parchment of Permafrost Eruption (226 gold)
  a parchment of Maxwell's Portable Piledriver (129 gold)
  a parchment of Sublimation of Blood (97 gold)
  a parchment of Vhi's Electric Charge (162 gold)
[Shop] Ismics's Assorted Antiques
  the +8 great sword of Wyrd {distort, rCorr Int+3 SInv} (2466 gold)
    rCorr:      It protects you from acid and corrosion.
    Int+3:      It affects your intelligence (+3).
    SInv:       It lets you see invisible.
  a +0 helmet (126 gold)
  a +0 chain mail (168 gold)
  a +0 leather armour (56 gold)
  a +0 falchion (84 gold)
  a phantom mirror (1120 gold)
  a +0 chain mail (168 gold)
[Shop] Wymakh's Overcharged Wands
  a wand of digging (11) (693 gold)
  a wand of flame (40) (420 gold)
  a wand of flame (40) (420 gold)
  a wand of warping (18) (648 gold)
  a wand of warping (18) (648 gold)
  a wand of mindburst (30) (630 gold)
(2, 24, D:6)
  a +0 scale mail
(8, 23, D:6)
  a +0 plate armour
  a +0 short sword
  a +0 flail
  a +0 club
  an orc skeleton
(9, 6, D:6)
  a +0 trident
(14, 15, D:6)
  2 potions of moonshine
  2 potions of lignification
  3 potions of mutation
(15, 23, D:6)
  a +0 helmet
  a +0 robe
(15, 25, D:6)
  a +0 whip
  a +0 chain mail
  a +0 short sword
  a +0 heavy hand axe
(15, 35, D:6)
  a +0 chain mail
(19, 10, D:6)
  a hound skeleton
(20, 9, D:6)
  a hound skeleton
(21, 3, D:6)
  a +0 dagger
(21, 9, D:6)
  a +0 giant club
  a +0 giant club
  a +0 giant club
  a two-headed ogre skeleton
(21, 20, D:6)
  a +2 flail of protection
(21, 24, D:6)
  a +0 club
(22, 18, D:6)
  a +0 club
  a +0 dagger
  an orc skeleton
(24, 18, D:6)
  a +0 chain mail
(26, -2, D:6)
  a hound corpse (skeletalised by now)
(35, 2, D:6)
  a manticore corpse (skeletalised by now)
(43, 16, D:6)
  a +0 dagger
  an orc skeleton
(44, 15, D:6)
  a +0 hand axe
  a +0 whip
  a +0 flail
  an orc skeleton
  an orc skeleton
(47, 25, D:6)
  a bullfrog skeleton

Level 7 of the Dungeon
(0, 0, D:7)
  a +0 dagger
  a +0 robe
  a kobold corpse (skeletalised by now)
(25, -19, D:7)
  a +0 halberd
  a +0 spear
(27, -17, D:7)
  a +0 whip
  a +3 flail
  a gnoll corpse (skeletalised by now)
(27, 7, D:7)
  a steam dragon skeleton
(28, 0, D:7)
  a +0 quarterstaff
  a +0 sling
  a +0 leather armour
  the human skeleton of Joseph
(29, -40, D:7)
  a +0 short sword
  an orc skeleton
(41, 1, D:7)
  a +0 battleaxe
  a +0 orcbow
  a +0 chain mail
  an orc skeleton
(43, 1, D:7)
  a +0 flail
  a +0 ring mail
  a +3 dagger
  a +0 robe
  an orc skeleton
(52, -7, D:7)
  a +0 war axe

Level 8 of the Dungeon
(14, 28, D:8)
  a +0 war axe
  an orc skeleton
(15, -8, D:8)
  a +0 trident
(15, 2, D:8)
  a +0 robe
  a +0 dagger
(16, 29, D:8)
  a +0 hand axe
(17, 29, D:8)
  a +0 flail
  a +0 mace
  a +0 leather armour
  an orc skeleton
  an orc skeleton
(19, 2, D:8)
  a +0 whip
  a kobold skeleton
(19, 3, D:8)
  a +0 whip
  a wyvern skeleton
(19, 4, D:8)
  a +0 plate armour
(21, 1, D:8)
  a +0 robe
  a +0 dagger
  a +0 dagger
  a kobold skeleton
  a kobold skeleton
(21, 29, D:8)
  a +0 whip
(22, -14, D:8)
  a +0 dagger
  a +0 dagger
  a +0 leather armour
  an orc skeleton
  a kobold skeleton
(23, -14, D:8)
  a +0 chain mail
  a +0 dagger
  a +0 club
  a +0 flail
  a kobold skeleton
(23, -8, D:8)
  a +0 giant spiked club
  a +0 dire flail
  a two-headed ogre corpse (skeletalised by now)
(24, -14, D:8)
  a +0 short sword
  a +0 leather armour
  a +0 club
  a +0 leather armour
  a +0 mace
  a kobold skeleton
  a kobold skeleton
(25, -14, D:8)
  a +0 dagger
  a kobold skeleton
(25, -6, D:8)
  a rimehorn talisman
(25, -4, D:8)
  a +0 rapier
(26, 29, D:8)
  a +0 whip
  a gnoll corpse (skeletalised by now)
(30, 26, D:8)
  a +0 helmet
(31, 20, D:8)
  a +0 giant club
  a +0 giant club
(33, -4, D:8)
  3 large rocks
  a cyclops skeleton
(34, 20, D:8)
  a +0 robe
(34, 29, D:8)
  a +0 spear
  a +0 ring mail
(35, -4, D:8)
  a +0 mace
  an orc skeleton
(36, -4, D:8)
  a +0 chain mail
  a +0 hand axe
  an orc skeleton
(37, 29, D:8)
  a +0 spear
  a gnoll skeleton
(42, 4, D:8)
  a medusa talisman
(43, -9, D:8)
  a +0 club
  a kobold skeleton
(44, 20, D:8)
  a +0 falchion
(46, 0, D:8)
  a water moccasin corpse (skeletalised by now)

Level 9 of the Dungeon
(0, 0, D:9)
  a +0 robe
(3, 4, D:9)
  a +0 robe
  a +0 dagger
  a +0 robe
  a +0 dagger
  a +0 robe
  a +0 dagger
  a +0 plate armour
  a +0 dire flail
  an orc skeleton
  an orc skeleton
  an orc skeleton
  a yak skeleton
(4, 4, D:9)
  a +2 short sword of flaming
(7, 11, D:9)
  a parchment of Kiss of Death
(7, 16, D:9)
  a +0 robe
(8, 16, D:9)
  a +0 ring mail
  a +0 short sword
  an orc skeleton
(8, 19, D:9)
  a +0 club
  a kobold skeleton
(9, 16, D:9)
  a +2 falchion of holy wrath
  an orc skeleton
(10, 34, D:9)
  a +2 spear
  a +0 robe
(11, 15, D:9)
  a +0 hand axe
  an orc skeleton
(15, 32, D:9)
  a +0 spear
(17, 20, D:9)
  a +0 club
(22, 37, D:9)
  a +0 robe
  a +3 morningstar
(22, 38, D:9)
  a +0 orcbow
  a +0 robe
  a +0 war axe
  a centaur skeleton
(22, 39, D:9)
  a howler monkey corpse (skeletalised by now)
(22, 41, D:9)
  a +0 shortbow
  a centaur corpse (skeletalised by now)
(23, 30, D:9)
  a +0 chain mail
(33, 12, D:9)
  a +0 short sword
(34, 9, D:9)
  a +0 dagger
(35, 15, D:9)
  a +0 scale mail
(45, 4, D:9)
  a +0 dagger
  a kobold skeleton
(51, 32, D:9)
  a +0 ring mail
  a +0 hand axe
  a +0 scale mail
  a +0 short sword
  a +0 leather armour
  a +0 hand axe
  a +0 robe
  a +0 dagger
  an orc skeleton
  an orc skeleton
  an orc skeleton
  an orc skeleton
(52, 41, D:9)
  a +0 leather armour

Level 10 of the Dungeon
(2, 8, D:10)
  a troll skeleton
(5, -11, D:10)
  a parchment of Sandblast
(6, -13, D:10)
  a wyvern skeleton
(10, -21, D:10)
  an acid dragon skeleton
(16, -1, D:10)
  a +0 leather armour
(30, -22, D:10)
  a +0 helmet
(35, 8, D:10)
  a basilisk skeleton
(37, -20, D:10)
  a +0 giant spiked club
  a +0 giant club
  a two-headed ogre corpse (skeletalised by now)
(39, 7, D:10)
  a +0 orcbow
(41, -4, D:10)
  a +0 robe
(46, -8, D:10)
  a yak skeleton
(47, -15, D:10)
  a +0 hand axe
  a +0 scale mail
(47, -14, D:10)
  a +0 dagger
  an orc corpse (skeletalised by now)
(47, -13, D:10)
  a +0 short sword
  an orc corpse (skeletalised by now)
(52, -9, D:10)
  a +0 orcbow

Level 11 of the Dungeon
(0, 0, D:11)
  a +0 short sword
(1, 8, D:11)
  a +0 plate armour
(5, 23, D:11)
  a +0 robe
  a +0 dagger
  a kobold skeleton
(25, 27, D:11)
  a yak skeleton
(26, 26, D:11)
  a yak skeleton
(26, 28, D:11)
  a yak skeleton
(31, 0, D:11)
  a +0 short sword
  a kobold skeleton
(31, 1, D:11)
  a +0 whip
(31, 2, D:11)
  a +0 short sword
(31, 24, D:11)
  a +1 heavy mace
  (unseen)
(32, 7, D:11)
  a +0 whip
  a +0 leather armour
  a +0 mace
  a +0 short sword
  a +0 ring mail
  an orc corpse (skeletalised by now)
  an orc corpse (skeletalised by now)
(32, 8, D:11)
  a +0 dagger
  a +0 robe
  an orc corpse (skeletalised by now)
(33, 1, D:11)
  a +0 robe
(36, -1, D:11)
  a yak skeleton
(45, 1, D:11)
  a +0 leather armour of cold resistance
(48, 0, D:11)
  a +0 chain mail

Level 12 of the Dungeon
(4, 41, D:12)
  a +0 dagger
  a +0 robe
(10, 28, D:12)
  a yak corpse (skeletalised by now)
(11, 10, D:12)
  3 large rocks
(11, 12, D:12)
  a +0 falchion
(11, 20, D:12)
  a +0 mace
(15, 9, D:12)
  a +0 scale mail
(18, 14, D:12)
  a +0 club
  a +0 scale mail
  a +0 giant spiked club
  a +0 giant spiked club
  an orc skeleton
(18, 17, D:12)
  a +0 ring mail
(19, 14, D:12)
  a +2 heavy trident
  a +0 ring mail
  a gnoll skeleton
(19, 17, D:12)
  4 large rocks
(20, 40, D:12)
  a +0 rapier
  a +0 ring mail
(21, 16, D:12)
  a +0 troll leather armour
  a troll skeleton
(22, 21, D:12)
  a parchment of Blink
(23, 37, D:12)
  a +0 war axe
(29, 13, D:12)
  a +0 orcbow
  a centaur skeleton
(32, 29, D:12)
  an acid dragon skeleton
(33, 19, D:12)
  a +0 troll leather armour
  a troll skeleton
(34, 20, D:12)
  2 large rocks
  a cyclops skeleton
(34, 31, D:12)
  a +0 orcbow
(35, 18, D:12)
  6 large rocks
  a cyclops skeleton
(36, 7, D:12)
  a +0 dagger
(36, 42, D:12)
  a +0 falchion
(37, 24, D:12)
  an ugly thing skeleton
(37, 34, D:12)
  a tengu skeleton
(38, 35, D:12)
  a +0 arbalest
  a yaktaur skeleton
(39, 25, D:12)
  a +0 dagger
  a +0 robe
  a +0 morningstar
  a +0 giant club
  a +0 dire flail
  an orc skeleton
(40, -6, D:12)
  a +0 cloak
(40, 33, D:12)
  a +0 arbalest
(40, 34, D:12)
  a +0 orcbow
  a centaur corpse (skeletalised by now)
(40, 41, D:12)
  a +0 mace
(41, 25, D:12)
  3 large rocks
  a cyclops skeleton
(44, 22, D:12)
  a +0 great mace
  a +0 plate armour
  an orc skeleton
(45, 21, D:12)
  a +0 flail
  a +0 robe
  an ogre skeleton
(45, 22, D:12)
  a +0 broad axe
  a +0 plate armour
(46, -2, D:12)
  6 large rocks
  a cyclops corpse (skeletalised by now)
(54, -12, D:12)
  a +1 pair of boots
  a +2 robe of cold resistance
  a +0 cloak
(56, 40, D:12)
  a +0 flail
(59, 34, D:12)
  4 large rocks
(61, 14, D:12)
  a +0 robe
  a +0 dagger
(63, 6, D:12)
  a +0 plate armour
  a +2 heavy great mace
  a human skeleton

Level 13 of the Dungeon
(0, 0, D:13)
  a +0 ring mail
(3, 30, D:13)
  a +0 plate armour
  a human corpse (skeletalised by now)
(5, 21, D:13)
  a +0 great mace
(5, 30, D:13)
  a +0 glaive
(7, 21, D:13)
  a +0 plate armour
(9, 21, D:13)
  a +0 plate armour
(11, 21, D:13)
  a +0 plate armour
(14, 13, D:13)
  a rime drake skeleton
(16, 13, D:13)
  a +0 orcbow
(16, 14, D:13)
  a +0 shortbow
  a centaur skeleton
(17, 12, D:13)
  a +0 orcbow
  a centaur skeleton
(18, 14, D:13)
  a +0 orcbow
  a centaur skeleton
(18, 36, D:13)
  a +1 battleaxe
  a +0 plate armour
  a human corpse (skeletalised by now)
(19, 7, D:13)
  a +0 chain mail
  a +0 robe
  a +0 dagger
  4 large rocks
(20, 6, D:13)
  a +0 scale mail
  a +0 whip
(20, 38, D:13)
  a +0 dagger
(21, 6, D:13)
  a +0 dagger
  an orc skeleton
(22, 37, D:13)
  a +0 robe
  a +0 dagger
  an orc skeleton
(22, 38, D:13)
  a +0 whip
  an orc skeleton
(23, 8, D:13)
  a +0 long sword
(23, 39, D:13)
  a +0 robe
  a +0 dagger
  an orc skeleton
(25, 24, D:13)
  a human skeleton
(27, 8, D:13)
  a +0 scale mail
(28, 41, D:13)
  a +0 scale mail
  a +0 hand axe
  a +0 orcbow
  an orc skeleton
  a centaur skeleton
(33, 13, D:13)
  a +0 chain mail
  a +2 long sword of holy wrath
  a human skeleton
(34, 10, D:13)
  a +0 plate armour
  a +0 long sword
  a human skeleton
  a human skeleton
  a human skeleton
(38, 31, D:13)
  a +0 ring mail

Level 14 of the Dungeon
(2, 4, D:14)
  an ugly thing skeleton
(2, 5, D:14)
  a manticore skeleton
(3, 5, D:14)
  an ugly thing skeleton
(3, 14, D:14)
  4 large rocks
  a cyclops skeleton
(9, 5, D:14)
  a staff of earth
(11, 16, D:14)
  a +0 ring mail
  a +2 war axe
  a tengu skeleton
(12, 13, D:14)
  5 large rocks
(23, -19, D:14)
  a +0 orcbow of flaming
(23, -16, D:14)
  2 large rocks
  a +0 leather armour
  a +0 great sword
  a tengu skeleton
  a cyclops skeleton
(24, -7, D:14)
  a +0 mace
(25, -14, D:14)
  a +0 orcbow
(35, 17, D:14)
  a +0 giant club
  a +0 giant club
  a two-headed ogre corpse (skeletalised by now)
(46, -21, D:14)
  a +0 orcbow
(47, -18, D:14)
  a +0 arbalest
(47, -9, D:14)
  a +0 robe
  a +0 dagger
  an elf skeleton
(52, -2, D:14)
  a +1 scimitar of flaming
(54, -11, D:14)
  a +0 barding
  a +1 longbow of flaming
  the centaur skeleton of Nessos
(56, -4, D:14)
  an orb of energy

Level 15 of the Dungeon
(0, 0, D:15)
  a +0 shortbow
(0, 1, D:15)
  a +0 shortbow
  a shapeshifter corpse (skeletalised by now)
(0, 2, D:15)
  a +0 shortbow
  a +0 orcbow
(15, 7, D:15)
  an ice dragon corpse (skeletalised by now)
(16, 6, D:15)
  a hydra corpse (skeletalised by now)
(17, -9, D:15)
  a +0 giant club
  a +0 giant club
  a two-headed ogre corpse (skeletalised by now)
(17, 13, D:15)
  a +0 ring mail
(18, -10, D:15)
  a +0 giant spiked club
  a +0 giant club
  a two-headed ogre corpse (skeletalised by now)
(19, -11, D:15)
  a +0 giant club
  a +0 giant club
  a two-headed ogre corpse (skeletalised by now)
(19, -10, D:15)
  a +0 flail
  a +0 robe
(32, 11, D:15)
  a +0 glaive
(35, -25, D:15)
  a +0 war axe
(41, -35, D:15)
  a +1 spear of venom
(47, 6, D:15)
  a +0 giant spiked club
  a +0 giant club
(52, -33, D:15)
  a +0 orcbow
  a centaur corpse (skeletalised by now)
(56, -15, D:15)
  a +0 giant spiked club
(57, 4, D:15)
  an amulet of alchemy

the Ecumenical Temple

Level 1 of the Lair of Beasts
(0, 0, Lair:1)
  a bullfrog corpse
(9, -4, Lair:1)
  a parchment of Frozen Ramparts
(18, 12, Lair:1)
  a basilisk skeleton
(24, -20, Lair:1)
  a +0 rapier
(31, 17, Lair:1)
  a water moccasin corpse (skeletalised by now)
(33, -22, Lair:1)
  a bullfrog corpse
(33, 14, Lair:1)
  a +0 morningstar
(34, -17, Lair:1)
  a blink frog corpse
(35, -19, Lair:1)
  a blink frog corpse
(36, 9, Lair:1)
  a wolf corpse (skeletalised by now)
(37, 12, Lair:1)
  a komodo dragon corpse (skeletalised by now)
(38, 3, Lair:1)
  a wolf corpse
(39, 3, Lair:1)
  a water moccasin corpse
  a black mamba corpse
(39, 4, Lair:1)
  a wolf corpse

the Necropolis
(0, 0, Necropolis)
  a potion of berserk rage
(2, 17, Necropolis)
  3 potions of lignification
(2, 18, Necropolis)
  the Reference Book on Reconfigured Formation
    Spells                              Type                    Level
     a - Poisonous Vapours               Alchemy/Air                 1
     b - Alistair's Intoxication         Alchemy                     5
     c - Summon Hydra                    Summoning                   7
     d - Summon Horrible Things          Summoning                   8
  (unseen)
(3, -2, Necropolis)
  a lupine talisman
(3, -1, Necropolis)
  32 gold pieces
(4, -2, Necropolis)
  a scarf of invisibility
  (unseen)
(4, -1, Necropolis)
  a scroll of blinking
(5, -1, Necropolis)
  an amulet of faith
(5, 18, Necropolis)
  a +5 broad axe of protection
  (unseen)
(6, -1, Necropolis)
  17 gold pieces
(6, 16, Necropolis)
  a +0 pair of gloves of infusion
  (unseen)
(6, 17, Necropolis)
  18 gold pieces
(7, 17, Necropolis)
  a parchment of Arcjolt
(8, 0, Necropolis)
  a potion of berserk rage
(42, 8, Necropolis)
  26 gold pieces
(42, 9, Necropolis)
  a +0 trident
(42, 10, Necropolis)
  a +0 falchion
(43, 8, Necropolis)
  a scroll of fear
(44, 8, Necropolis)
  a potion of curing
(44, 9, Necropolis)
  a +0 short sword
(44, 10, Necropolis)
  a +0 halberd
