// Jest Snapshot v1, https://goo.gl/fbAQLP

exports[`http://crawl.akrasiac.org/rawdata/9to/morgue-9to-20221222-030513.txt 1`] = `
{
  "background": "Hedge Wizard",
  "datetime": 2022-12-22T03:05:13.000Z,
  "eventCount": 256,
  "eventErrors": [],
  "events": [
    {
      "branch": "Dungeon",
      "data": "9to the Kobold Hedge Wizard began the quest for the Orb.",
      "level": "1",
      "location": "Dungeon:1",
      "note": "9to the Kobold Hedge Wizard began the quest for the Orb.",
      "turn": "0",
      "type": "first-event",
    },
    {
      "branch": "Dungeon",
      "data": {
        "hp": "10",
        "level": "1",
        "mp": "4",
      },
      "level": "1",
      "location": "Dungeon:1",
      "note": "Reached XP level 1. HP: 10/10 MP: 4/4",
      "turn": "0",
      "type": "experience-level",
    },
    {
      "branch": "Dungeon",
      "data": {
        "hp": "15",
        "level": "2",
        "mp": "6",
      },
      "level": "1",
      "location": "Dungeon:1",
      "note": "Reached XP level 2. HP: 15/15 MP: 4/6",
      "turn": "173",
      "type": "experience-level",
    },
    {
      "branch": "Dungeon",
      "data": {
        "hp": "19",
        "level": "3",
        "mp": "7",
      },
      "level": "1",
      "location": "Dungeon:1",
      "note": "Reached XP level 3. HP: 10/19 MP: 2/7",
      "turn": "811",
      "type": "experience-level",
    },
    {
      "branch": "Dungeon",
      "data": {
        "level": "1",
        "skill": "Ice Magic",
      },
      "level": "1",
      "location": "Dungeon:1",
      "note": "Reached skill level 1 in Ice Magic",
      "turn": "1047",
      "type": "skill-level",
    },
    {
      "branch": "Dungeon",
      "data": {
        "who": "Terence",
      },
      "level": "2",
      "location": "Dungeon:2",
      "note": "Noticed Terence",
      "turn": "2431",
      "type": "unique-noticed",
    },
    {
      "branch": "Dungeon",
      "data": {
        "name": "Pid Onos's Assorted Antiques",
      },
      "level": "3",
      "location": "Dungeon:3",
      "note": "Found Pid Onos's Assorted Antiques.",
      "turn": "3097",
      "type": "shop",
    },
    {
      "branch": "Dungeon",
      "data": {
        "name": "Giumaycu's Assorted Antiques",
      },
      "level": "3",
      "location": "Dungeon:3",
      "note": "Found Giumaycu's Assorted Antiques.",
      "turn": "3161",
      "type": "shop",
    },
    {
      "branch": "Dungeon",
      "data": {
        "hp": "24",
        "level": "4",
        "mp": "9",
      },
      "level": "3",
      "location": "Dungeon:3",
      "note": "Reached XP level 4. HP: 24/24 MP: 6/9",
      "turn": "3332",
      "type": "experience-level",
    },
    {
      "branch": "Dungeon",
      "data": {
        "name": "Royr's Distillery",
      },
      "level": "3",
      "location": "Dungeon:3",
      "note": "Found Royr's Distillery.",
      "turn": "3367",
      "type": "shop",
    },
    {
      "branch": "Dungeon",
      "data": {
        "item": "+2 helmet of Satisfaction {+Inv Int+4}",
      },
      "level": "3",
      "location": "Dungeon:3",
      "note": "Identified the +2 helmet of Satisfaction {+Inv Int+4}",
      "turn": "3407",
      "type": "ident",
    },
    {
      "branch": "Dungeon",
      "data": {
        "item": "+2 helmet of Satisfaction {+Inv Int+4}",
      },
      "level": "3",
      "location": "Dungeon:3",
      "note": "Identified the +2 helmet of Satisfaction {+Inv Int+4}",
      "turn": "3407",
      "type": "item",
    },
    {
      "branch": "Dungeon",
      "data": {
        "god": "Qazlal",
      },
      "level": "3",
      "location": "Dungeon:3",
      "note": "Found a stormy altar of Qazlal.",
      "turn": "3428",
      "type": "altar",
    },
    {
      "branch": "Dungeon",
      "data": {
        "god": "Unknown",
      },
      "level": "3",
      "location": "Dungeon:3",
      "note": "Found a faded altar of an unknown god.",
      "turn": "3550",
      "type": "altar",
    },
    {
      "branch": "Dungeon",
      "data": {
        "god": "Trog",
      },
      "level": "3",
      "location": "Dungeon:3",
      "note": "Found a bloodstained altar of Trog.",
      "turn": "4125",
      "type": "altar",
    },
    {
      "branch": "Dungeon",
      "data": {
        "name": "Suewocu's Magic Scroll Shoppe",
      },
      "level": "3",
      "location": "Dungeon:3",
      "note": "Found Suewocu's Magic Scroll Shoppe.",
      "turn": "4234",
      "type": "shop",
    },
    {
      "branch": "Dungeon",
      "data": {
        "gold": "24",
        "is_valid_shop": true,
        "item": "scroll of identify",
      },
      "level": "3",
      "location": "Dungeon:3",
      "note": "Bought a scroll of identify for 24 gold pieces",
      "turn": "4237",
      "type": "bought",
    },
    {
      "branch": "Dungeon",
      "data": {
        "gold": "90",
        "is_valid_shop": true,
        "item": "scroll of blinking",
      },
      "level": "3",
      "location": "Dungeon:3",
      "note": "Bought a scroll of blinking for 90 gold pieces",
      "turn": "4237",
      "type": "bought",
    },
    {
      "branch": "Dungeon",
      "data": {
        "gold": "12",
        "is_valid_shop": true,
        "item": "scroll of noise",
      },
      "level": "3",
      "location": "Dungeon:3",
      "note": "Bought a scroll of noise for 12 gold pieces",
      "turn": "4237",
      "type": "bought",
    },
    {
      "branch": "Dungeon",
      "data": {
        "hp": "28",
        "level": "5",
        "mp": "10",
      },
      "level": "2",
      "location": "Dungeon:2",
      "note": "Reached XP level 5. HP: 28/28 MP: 5/10",
      "turn": "5239",
      "type": "experience-level",
    },
    {
      "branch": "Dungeon",
      "data": {
        "level": "1",
        "skill": "Fighting",
      },
      "level": "4",
      "location": "Dungeon:4",
      "note": "Reached skill level 1 in Fighting",
      "turn": "5962",
      "type": "skill-level",
    },
    {
      "branch": "Dungeon",
      "data": {
        "level": "1",
        "skill": "Short Blades",
      },
      "level": "4",
      "location": "Dungeon:4",
      "note": "Reached skill level 1 in Short Blades",
      "turn": "5962",
      "type": "skill-level",
    },
    {
      "branch": "Dungeon",
      "data": {
        "hp": "34",
        "level": "6",
        "mp": "11",
      },
      "level": "4",
      "location": "Dungeon:4",
      "note": "Reached XP level 6. HP: 34/34 MP: 5/11",
      "turn": "6077",
      "type": "experience-level",
    },
    {
      "branch": "Dungeon",
      "data": {
        "level": "1",
        "skill": "Hexes",
      },
      "level": "4",
      "location": "Dungeon:4",
      "note": "Reached skill level 1 in Hexes",
      "turn": "6135",
      "type": "skill-level",
    },
    {
      "branch": "Dungeon",
      "data": {
        "god": "Xom",
      },
      "level": "4",
      "location": "Dungeon:4",
      "note": "Found a shimmering altar of Xom.",
      "turn": "6618",
      "type": "altar",
    },
    {
      "branch": "Dungeon",
      "data": {
        "god": "Makhleb",
      },
      "level": "4",
      "location": "Dungeon:4",
      "note": "Found a burning altar of Makhleb.",
      "turn": "6618",
      "type": "altar",
    },
    {
      "branch": "Dungeon",
      "data": {
        "who": "Eustachio",
      },
      "level": "5",
      "location": "Dungeon:5",
      "note": "Noticed Eustachio",
      "turn": "6999",
      "type": "unique-noticed",
    },
    {
      "branch": "Dungeon",
      "data": {
        "level": "4",
        "skill": "Spellcasting",
      },
      "level": "5",
      "location": "Dungeon:5",
      "note": "Reached skill level 4 in Spellcasting",
      "turn": "7370",
      "type": "skill-level",
    },
    {
      "branch": "Dungeon",
      "data": {
        "hp": "38",
        "level": "7",
        "mp": "13",
      },
      "level": "5",
      "location": "Dungeon:5",
      "note": "Reached XP level 7. HP: 30/38 MP: 4/13",
      "turn": "7411",
      "type": "experience-level",
    },
    {
      "branch": "Temple",
      "data": {
        "god": "Ashenzari",
      },
      "level": undefined,
      "location": "Temple",
      "note": "Became a worshipper of Ashenzari the Shackled",
      "turn": "7975",
      "type": "join-god",
    },
    {
      "branch": "Dungeon",
      "data": {
        "god": "Uskayaw",
      },
      "level": "5",
      "location": "Dungeon:5",
      "note": "Found a hide-covered altar of Uskayaw.",
      "turn": "8107",
      "type": "altar",
    },
    {
      "branch": "Dungeon",
      "data": {
        "who": "Grinder",
      },
      "level": "5",
      "location": "Dungeon:5",
      "note": "Noticed Grinder",
      "turn": "8127",
      "type": "unique-noticed",
    },
    {
      "branch": "Dungeon",
      "data": {
        "hp": "44",
        "level": "8",
        "mp": "14",
      },
      "level": "6",
      "location": "Dungeon:6",
      "note": "Reached XP level 8. HP: 44/44 MP: 14/14",
      "turn": "8625",
      "type": "experience-level",
    },
    {
      "branch": "Dungeon",
      "data": {
        "level": "5",
        "skill": "Ice Magic",
      },
      "level": "6",
      "location": "Dungeon:6",
      "note": "Reached skill level 5 in Ice Magic",
      "turn": "8637",
      "type": "skill-level",
    },
    {
      "branch": "Dungeon",
      "data": {
        "level": "5",
        "skill": "Spellcasting",
      },
      "level": "8",
      "location": "Dungeon:8",
      "note": "Reached skill level 5 in Spellcasting",
      "turn": "9725",
      "type": "skill-level",
    },
    {
      "branch": "Dungeon",
      "data": {
        "bips": "*",
        "god": "Ashenzari",
      },
      "level": "6",
      "location": "Dungeon:6",
      "note": "Reached * piety under Ashenzari",
      "turn": "10160",
      "type": "piety-god",
    },
    {
      "branch": "Dungeon",
      "data": {
        "item": "scroll of acquirement",
      },
      "level": "6",
      "location": "Dungeon:6",
      "note": "Identified a scroll of acquirement",
      "turn": "10160",
      "type": "ident",
    },
    {
      "branch": "Dungeon",
      "data": {
        "item": "scroll of acquirement",
      },
      "level": "6",
      "location": "Dungeon:6",
      "note": "Identified a scroll of acquirement",
      "turn": "10160",
      "type": "item",
    },
    {
      "branch": "Dungeon",
      "data": {
        "hp": "48",
        "level": "9",
        "mp": "17",
      },
      "level": "6",
      "location": "Dungeon:6",
      "note": "Reached XP level 9. HP: 48/48 MP: 9/17",
      "turn": "10337",
      "type": "experience-level",
    },
    {
      "branch": "Dungeon",
      "data": {
        "item": "amulet of Elemental Vulnerability {rPois rF-- rC-- AC+8}",
      },
      "level": "6",
      "location": "Dungeon:6",
      "note": "Found the amulet of Elemental Vulnerability {rPois rF-- rC-- AC+8}",
      "turn": "10510",
      "type": "found",
    },
    {
      "branch": "Dungeon",
      "data": {
        "item": "amulet of Elemental Vulnerability {rPois rF-- rC-- AC+8}",
      },
      "level": "6",
      "location": "Dungeon:6",
      "note": "Found the amulet of Elemental Vulnerability {rPois rF-- rC-- AC+8}",
      "turn": "10510",
      "type": "item",
    },
    {
      "branch": "Dungeon",
      "data": {
        "who": "Terence",
      },
      "level": "2",
      "location": "Dungeon:2",
      "note": "Killed Terence",
      "turn": "11090",
      "type": "unique-killed",
    },
    {
      "branch": "Dungeon",
      "data": {
        "who": "Grinder",
      },
      "level": "5",
      "location": "Dungeon:5",
      "note": "Killed Grinder",
      "turn": "11750",
      "type": "unique-killed",
    },
    {
      "branch": "Dungeon",
      "data": {
        "level": "6",
        "skill": "Spellcasting",
      },
      "level": "5",
      "location": "Dungeon:5",
      "note": "Reached skill level 6 in Spellcasting",
      "turn": "11751",
      "type": "skill-level",
    },
    {
      "branch": "Dungeon",
      "data": {
        "level": "5",
        "skill": "Conjurations",
      },
      "level": "5",
      "location": "Dungeon:5",
      "note": "Reached skill level 5 in Conjurations",
      "turn": "11751",
      "type": "skill-level",
    },
    {
      "branch": "Dungeon",
      "data": {
        "level": "5",
        "skill": "Hexes",
      },
      "level": "5",
      "location": "Dungeon:5",
      "note": "Reached skill level 5 in Hexes",
      "turn": "11751",
      "type": "skill-level",
    },
    {
      "branch": "Dungeon",
      "data": {
        "who": "Eustachio",
      },
      "level": "5",
      "location": "Dungeon:5",
      "note": "Killed Eustachio",
      "turn": "11910",
      "type": "unique-killed",
    },
    {
      "branch": "Dungeon",
      "data": {
        "level": "1",
        "skill": "Evocations",
      },
      "level": "5",
      "location": "Dungeon:5",
      "note": "Reached skill level 1 in Evocations",
      "turn": "11911",
      "type": "skill-level",
    },
    {
      "branch": "Dungeon",
      "data": {
        "bips": "**",
        "god": "Ashenzari",
      },
      "level": "7",
      "location": "Dungeon:7",
      "note": "Reached ** piety under Ashenzari",
      "turn": "12673",
      "type": "piety-god",
    },
    {
      "branch": "Dungeon",
      "data": {
        "god": "Zin",
      },
      "level": "7",
      "location": "Dungeon:7",
      "note": "Found a glowing silver altar of Zin.",
      "turn": "13210",
      "type": "altar",
    },
    {
      "branch": "Dungeon",
      "data": {
        "hp": "56",
        "level": "10",
        "mp": "21",
      },
      "level": "8",
      "location": "Dungeon:8",
      "note": "Reached XP level 10. HP: 46/56 MP: 12/21",
      "turn": "13428",
      "type": "experience-level",
    },
    {
      "branch": "Dungeon",
      "data": {
        "level": "7",
        "skill": "Spellcasting",
      },
      "level": "8",
      "location": "Dungeon:8",
      "note": "Reached skill level 7 in Spellcasting",
      "turn": "13906",
      "type": "skill-level",
    },
    {
      "branch": "Dungeon",
      "data": {
        "bips": "***",
        "god": "Ashenzari",
      },
      "level": "9",
      "location": "Dungeon:9",
      "note": "Reached *** piety under Ashenzari",
      "turn": "14770",
      "type": "piety-god",
    },
    {
      "branch": "Dungeon",
      "data": {
        "name": "Damaf's Weapon Emporium",
      },
      "level": "9",
      "location": "Dungeon:9",
      "note": "Found Damaf's Weapon Emporium.",
      "turn": "14892",
      "type": "shop",
    },
    {
      "branch": "Dungeon",
      "data": {
        "hp": "64",
        "level": "11",
        "mp": "23",
      },
      "level": "10",
      "location": "Dungeon:10",
      "note": "Reached XP level 11. HP: 52/64 MP: 20/23",
      "turn": "16161",
      "type": "experience-level",
    },
    {
      "branch": "Dungeon",
      "data": {
        "god": "Ru",
      },
      "level": "10",
      "location": "Dungeon:10",
      "note": "Found a sacrificial altar of Ru.",
      "turn": "16259",
      "type": "altar",
    },
    {
      "branch": "Dungeon",
      "data": {
        "name": "Wierett's Distillery",
      },
      "level": "10",
      "location": "Dungeon:10",
      "note": "Found Wierett's Distillery.",
      "turn": "16404",
      "type": "shop",
    },
    {
      "branch": "Dungeon",
      "data": {
        "gold": "40",
        "is_valid_shop": true,
        "item": "potion of might",
      },
      "level": "10",
      "location": "Dungeon:10",
      "note": "Bought a potion of might for 40 gold pieces",
      "turn": "16409",
      "type": "bought",
    },
    {
      "branch": "Dungeon",
      "data": {
        "level": "5",
        "skill": "Stealth",
      },
      "level": "10",
      "location": "Dungeon:10",
      "note": "Reached skill level 5 in Stealth",
      "turn": "16673",
      "type": "skill-level",
    },
    {
      "branch": "Dungeon",
      "data": {
        "level": "5",
        "skill": "Fighting",
      },
      "level": "10",
      "location": "Dungeon:10",
      "note": "Reached skill level 5 in Fighting",
      "turn": "16976",
      "type": "skill-level",
    },
    {
      "branch": "Dungeon",
      "data": {
        "level": "8",
        "skill": "Spellcasting",
      },
      "level": "10",
      "location": "Dungeon:10",
      "note": "Reached skill level 8 in Spellcasting",
      "turn": "16976",
      "type": "skill-level",
    },
    {
      "branch": "Dungeon",
      "data": {
        "gold": "135",
        "is_valid_shop": true,
        "item": "pair of gloves",
      },
      "level": "3",
      "location": "Dungeon:3",
      "note": "Bought a pair of gloves for 135 gold pieces",
      "turn": "17398",
      "type": "bought",
    },
    {
      "branch": "Dungeon",
      "data": {
        "gold": "25",
        "is_valid_shop": true,
        "item": "scroll labelled LUOWIA VECVI",
      },
      "level": "3",
      "location": "Dungeon:3",
      "note": "Bought a scroll labelled LUOWIA VECVI for 25 gold pieces",
      "turn": "17415",
      "type": "bought",
    },
    {
      "branch": "Lair",
      "data": {
        "who": "Sonja",
      },
      "level": "1",
      "location": "Lair:1",
      "note": "Noticed Sonja",
      "turn": "18015",
      "type": "unique-noticed",
    },
    {
      "branch": "Lair",
      "data": {
        "who": "Sonja",
      },
      "level": "1",
      "location": "Lair:1",
      "note": "Killed Sonja",
      "turn": "18021",
      "type": "unique-killed",
    },
    {
      "branch": "Lair",
      "data": {
        "hp": "75",
        "level": "12",
        "mp": "27",
      },
      "level": "2",
      "location": "Lair:2",
      "note": "Reached XP level 12. HP: 65/75 MP: 19/27",
      "turn": "18568",
      "type": "experience-level",
    },
    {
      "branch": "Lair",
      "data": {
        "bips": "****",
        "god": "Ashenzari",
      },
      "level": "2",
      "location": "Lair:2",
      "note": "Reached **** piety under Ashenzari",
      "turn": "18758",
      "type": "piety-god",
    },
    {
      "branch": "Lair",
      "data": {
        "level": "5",
        "skill": "Evocations",
      },
      "level": "1",
      "location": "Lair:1",
      "note": "Reached skill level 5 in Evocations",
      "turn": "19641",
      "type": "skill-level",
    },
    {
      "branch": "Lair",
      "data": {
        "level": "9",
        "skill": "Spellcasting",
      },
      "level": "3",
      "location": "Lair:3",
      "note": "Reached skill level 9 in Spellcasting",
      "turn": "19947",
      "type": "skill-level",
    },
    {
      "branch": "Lair",
      "data": {
        "hp": "82",
        "level": "13",
        "mp": "29",
      },
      "level": "3",
      "location": "Lair:3",
      "note": "Reached XP level 13. HP: 82/82 MP: 7/29",
      "turn": "21211",
      "type": "experience-level",
    },
    {
      "branch": "Lair",
      "data": {
        "item": "+6 trident "Demon's Death Toll" {flame, rPois rF+ Stlth+}",
      },
      "level": "4",
      "location": "Lair:4",
      "note": "Identified the +6 trident "Demon's Death Toll" {flame, rPois rF+ Stlth+}",
      "turn": "23183",
      "type": "ident",
    },
    {
      "branch": "Lair",
      "data": {
        "item": "+6 trident "Demon's Death Toll" {flame, rPois rF+ Stlth+}",
      },
      "level": "4",
      "location": "Lair:4",
      "note": "Identified the +6 trident "Demon's Death Toll" {flame, rPois rF+ Stlth+}",
      "turn": "23183",
      "type": "item",
    },
    {
      "branch": "Lair",
      "data": {
        "level": "1",
        "skill": "Fire Magic",
      },
      "level": "5",
      "location": "Lair:5",
      "note": "Reached skill level 1 in Fire Magic",
      "turn": "24573",
      "type": "skill-level",
    },
    {
      "branch": "Lair",
      "data": {
        "god": "Jiyva",
      },
      "level": "5",
      "location": "Lair:5",
      "note": "Found a viscous altar of Jiyva.",
      "turn": "24701",
      "type": "altar",
    },
    {
      "branch": "IceCave",
      "data": {
        "level": "10",
        "skill": "Spellcasting",
      },
      "level": undefined,
      "location": "IceCave",
      "note": "Reached skill level 10 in Spellcasting",
      "turn": "24866",
      "type": "skill-level",
    },
    {
      "branch": "IceCave",
      "data": {
        "hp": "92",
        "level": "14",
        "mp": "32",
      },
      "level": undefined,
      "location": "IceCave",
      "note": "Reached XP level 14. HP: 30/92 MP: 28/32",
      "turn": "25731",
      "type": "experience-level",
    },
    {
      "branch": "IceCave",
      "data": {
        "level": "5",
        "skill": "Fire Magic",
      },
      "level": undefined,
      "location": "IceCave",
      "note": "Reached skill level 5 in Fire Magic",
      "turn": "26354",
      "type": "skill-level",
    },
    {
      "branch": "IceCave",
      "data": {
        "god": "Jiyva",
      },
      "level": undefined,
      "location": "IceCave",
      "note": "Found a viscous altar of Jiyva.",
      "turn": "26632",
      "type": "altar",
    },
    {
      "branch": "IceCave",
      "data": {
        "item": "ring of Plog {Ice rN+}",
      },
      "level": undefined,
      "location": "IceCave",
      "note": "Identified the ring of Plog {Ice rN+}",
      "turn": "26640",
      "type": "ident",
    },
    {
      "branch": "IceCave",
      "data": {
        "item": "ring of Plog {Ice rN+}",
      },
      "level": undefined,
      "location": "IceCave",
      "note": "Identified the ring of Plog {Ice rN+}",
      "turn": "26640",
      "type": "item",
    },
    {
      "branch": "Lair",
      "data": {
        "item": "+0 ring mail of Lugonu's Inspiration {Harm Drain Regen+ rCorr}",
      },
      "level": "5",
      "location": "Lair:5",
      "note": "Identified the +0 ring mail of Lugonu's Inspiration {Harm Drain Regen+ rCorr}",
      "turn": "27004",
      "type": "ident",
    },
    {
      "branch": "Lair",
      "data": {
        "item": "+0 ring mail of Lugonu's Inspiration {Harm Drain Regen+ rCorr}",
      },
      "level": "5",
      "location": "Lair:5",
      "note": "Identified the +0 ring mail of Lugonu's Inspiration {Harm Drain Regen+ rCorr}",
      "turn": "27004",
      "type": "item",
    },
    {
      "branch": "Lair",
      "data": {
        "level": "10",
        "skill": "Conjurations",
      },
      "level": "5",
      "location": "Lair:5",
      "note": "Reached skill level 10 in Conjurations",
      "turn": "27174",
      "type": "skill-level",
    },
    {
      "branch": "Lair",
      "data": {
        "level": "5",
        "skill": "Dodging",
      },
      "level": "5",
      "location": "Lair:5",
      "note": "Reached skill level 5 in Dodging",
      "turn": "27606",
      "type": "skill-level",
    },
    {
      "branch": "Lair",
      "data": {
        "bips": "*****",
        "god": "Ashenzari",
      },
      "level": "2",
      "location": "Lair:2",
      "note": "Reached ***** piety under Ashenzari",
      "turn": "27799",
      "type": "piety-god",
    },
    {
      "branch": "Lair",
      "data": {
        "who": "Gastronok",
      },
      "level": "2",
      "location": "Lair:2",
      "note": "Noticed Gastronok",
      "turn": "28764",
      "type": "unique-noticed",
    },
    {
      "branch": "Dungeon",
      "data": {
        "gold": "90",
        "is_valid_shop": true,
        "item": "scroll of enchant weapon",
      },
      "level": "3",
      "location": "Dungeon:3",
      "note": "Bought a scroll of enchant weapon for 90 gold pieces",
      "turn": "29007",
      "type": "bought",
    },
    {
      "branch": "Dungeon",
      "data": {
        "gold": "114",
        "is_valid_shop": true,
        "item": "scroll of summoning",
      },
      "level": "3",
      "location": "Dungeon:3",
      "note": "Bought a scroll of summoning for 114 gold pieces",
      "turn": "29007",
      "type": "bought",
    },
    {
      "branch": "Dungeon",
      "data": {
        "level": "1",
        "skill": "Air Magic",
      },
      "level": "11",
      "location": "Dungeon:11",
      "note": "Reached skill level 1 in Air Magic",
      "turn": "29375",
      "type": "skill-level",
    },
    {
      "branch": "Dungeon",
      "data": {
        "level": "11",
        "skill": "Spellcasting",
      },
      "level": "11",
      "location": "Dungeon:11",
      "note": "Reached skill level 11 in Spellcasting",
      "turn": "29528",
      "type": "skill-level",
    },
    {
      "branch": "Dungeon",
      "data": {
        "item": "+2 giant spiked club of Quantum Leap {vorpal, rPois rF+ Dex+3}",
      },
      "level": "12",
      "location": "Dungeon:12",
      "note": "Identified the +2 giant spiked club of Quantum Leap {vorpal, rPois rF+ Dex+3}",
      "turn": "31676",
      "type": "ident",
    },
    {
      "branch": "Dungeon",
      "data": {
        "item": "+2 giant spiked club of Quantum Leap {vorpal, rPois rF+ Dex+3}",
      },
      "level": "12",
      "location": "Dungeon:12",
      "note": "Identified the +2 giant spiked club of Quantum Leap {vorpal, rPois rF+ Dex+3}",
      "turn": "31676",
      "type": "item",
    },
    {
      "branch": "Dungeon",
      "data": {
        "hp": "97",
        "level": "15",
        "mp": "34",
      },
      "level": "13",
      "location": "Dungeon:13",
      "note": "Reached XP level 15. HP: 52/97 MP: 27/34",
      "turn": "32832",
      "type": "experience-level",
    },
    {
      "branch": "Dungeon",
      "data": {
        "level": "1",
        "skill": "Shields",
      },
      "level": "14",
      "location": "Dungeon:14",
      "note": "Reached skill level 1 in Shields",
      "turn": "33991",
      "type": "skill-level",
    },
    {
      "branch": "Dungeon",
      "data": {
        "god": "Okawaru",
      },
      "level": "14",
      "location": "Dungeon:14",
      "note": "Found an iron altar of Okawaru.",
      "turn": "34066",
      "type": "altar",
    },
    {
      "branch": "Dungeon",
      "data": {
        "god": "Cheibriados",
      },
      "level": "14",
      "location": "Dungeon:14",
      "note": "Found a snail-covered altar of Cheibriados.",
      "turn": "34247",
      "type": "altar",
    },
    {
      "branch": "Dungeon",
      "data": {
        "level": "5",
        "skill": "Short Blades",
      },
      "level": "14",
      "location": "Dungeon:14",
      "note": "Reached skill level 5 in Short Blades",
      "turn": "34467",
      "type": "skill-level",
    },
    {
      "branch": "Dungeon",
      "data": {
        "branch": "Vaults",
      },
      "level": "14",
      "location": "Dungeon:14",
      "note": "Found a gate to the Vaults.",
      "turn": "35059",
      "type": "portal",
    },
    {
      "branch": "Orc",
      "data": {
        "name": "Foets's General Store",
      },
      "level": "1",
      "location": "Orc:1",
      "note": "Found Foets's General Store.",
      "turn": "35827",
      "type": "shop",
    },
    {
      "branch": "Orc",
      "data": {
        "god": "Trog",
      },
      "level": "1",
      "location": "Orc:1",
      "note": "Found a bloodstained altar of Trog.",
      "turn": "36136",
      "type": "altar",
    },
    {
      "branch": "Orc",
      "data": {
        "who": "Jorgrun",
      },
      "level": "1",
      "location": "Orc:1",
      "note": "Noticed Jorgrun",
      "turn": "36216",
      "type": "unique-noticed",
    },
    {
      "branch": "Orc",
      "data": {
        "who": "Jorgrun",
      },
      "level": "1",
      "location": "Orc:1",
      "note": "Killed Jorgrun",
      "turn": "36227",
      "type": "unique-killed",
    },
    {
      "branch": "Orc",
      "data": {
        "name": "Fiwuhog's Distillery",
      },
      "level": "1",
      "location": "Orc:1",
      "note": "Found Fiwuhog's Distillery.",
      "turn": "36648",
      "type": "shop",
    },
    {
      "branch": "Orc",
      "data": {
        "gold": "75",
        "is_valid_shop": true,
        "item": "potion of heal wounds",
      },
      "level": "1",
      "location": "Orc:1",
      "note": "Bought a potion of heal wounds for 75 gold pieces",
      "turn": "36655",
      "type": "bought",
    },
    {
      "branch": "Orc",
      "data": {
        "name": "Ada Utev's Weapon Shoppe",
      },
      "level": "1",
      "location": "Orc:1",
      "note": "Found Ada Utev's Weapon Shoppe.",
      "turn": "36713",
      "type": "shop",
    },
    {
      "branch": "Orc",
      "data": {
        "level": "12",
        "skill": "Spellcasting",
      },
      "level": "2",
      "location": "Orc:2",
      "note": "Reached skill level 12 in Spellcasting",
      "turn": "37984",
      "type": "skill-level",
    },
    {
      "branch": "Orc",
      "data": {
        "level": "5",
        "skill": "Air Magic",
      },
      "level": "2",
      "location": "Orc:2",
      "note": "Reached skill level 5 in Air Magic",
      "turn": "37984",
      "type": "skill-level",
    },
    {
      "branch": "Orc",
      "data": {
        "name": "Aloanauff's Antique Armour Emporium",
      },
      "level": "2",
      "location": "Orc:2",
      "note": "Found Aloanauff's Antique Armour Emporium.",
      "turn": "39146",
      "type": "shop",
    },
    {
      "branch": "Orc",
      "data": {
        "name": "Tietax's Antique Weapon Boutique",
      },
      "level": "2",
      "location": "Orc:2",
      "note": "Found Tietax's Antique Weapon Boutique.",
      "turn": "39146",
      "type": "shop",
    },
    {
      "branch": "Orc",
      "data": {
        "name": "Ogreysm's Magic Scroll Shop",
      },
      "level": "2",
      "location": "Orc:2",
      "note": "Found Ogreysm's Magic Scroll Shop.",
      "turn": "39146",
      "type": "shop",
    },
    {
      "branch": "Orc",
      "data": {
        "name": "Rutasoam's Antique Armour Shoppe",
      },
      "level": "2",
      "location": "Orc:2",
      "note": "Found Rutasoam's Antique Armour Shoppe.",
      "turn": "39147",
      "type": "shop",
    },
    {
      "branch": "Orc",
      "data": {
        "gold": "162",
        "is_valid_shop": true,
        "item": "pair of boots",
      },
      "level": "2",
      "location": "Orc:2",
      "note": "Bought a pair of boots for 162 gold pieces",
      "turn": "39159",
      "type": "bought",
    },
    {
      "branch": "Elf",
      "data": {
        "hp": "101",
        "level": "16",
        "mp": "35",
      },
      "level": "1",
      "location": "Elf:1",
      "note": "Reached XP level 16. HP: 79/101 MP: 9/35",
      "turn": "39360",
      "type": "experience-level",
    },
    {
      "branch": "Elf",
      "data": {
        "level": "10",
        "skill": "Dodging",
      },
      "level": "1",
      "location": "Elf:1",
      "note": "Reached skill level 10 in Dodging",
      "turn": "41950",
      "type": "skill-level",
    },
    {
      "branch": "Swamp",
      "data": {
        "item": "+1 robe of the Guilds {-Cast Rampage Dex+9}",
      },
      "level": "1",
      "location": "Swamp:1",
      "note": "Identified the +1 robe of the Guilds {-Cast Rampage Dex+9}",
      "turn": "44147",
      "type": "ident",
    },
    {
      "branch": "Swamp",
      "data": {
        "item": "+1 robe of the Guilds {-Cast Rampage Dex+9}",
      },
      "level": "1",
      "location": "Swamp:1",
      "note": "Identified the +1 robe of the Guilds {-Cast Rampage Dex+9}",
      "turn": "44147",
      "type": "item",
    },
    {
      "branch": "Swamp",
      "data": {
        "level": "5",
        "skill": "Shields",
      },
      "level": "1",
      "location": "Swamp:1",
      "note": "Reached skill level 5 in Shields",
      "turn": "44716",
      "type": "skill-level",
    },
    {
      "branch": "Swamp",
      "data": {
        "god": "Hepliaklqana",
      },
      "level": "1",
      "location": "Swamp:1",
      "note": "Found a hazy altar of Hepliaklqana.",
      "turn": "44781",
      "type": "altar",
    },
    {
      "branch": "Swamp",
      "data": {
        "hp": "106",
        "level": "17",
        "mp": "37",
      },
      "level": "1",
      "location": "Swamp:1",
      "note": "Reached XP level 17. HP: 106/106 MP: 37/37",
      "turn": "44797",
      "type": "experience-level",
    },
    {
      "branch": "Swamp",
      "data": {
        "bips": "******",
        "god": "Ashenzari",
      },
      "level": "2",
      "location": "Swamp:2",
      "note": "Reached ****** piety under Ashenzari",
      "turn": "45894",
      "type": "piety-god",
    },
    {
      "branch": "Swamp",
      "data": {
        "level": "13",
        "skill": "Spellcasting",
      },
      "level": "2",
      "location": "Swamp:2",
      "note": "Reached skill level 13 in Spellcasting",
      "turn": "46314",
      "type": "skill-level",
    },
    {
      "branch": "Swamp",
      "data": {
        "who": "Donald",
      },
      "level": "3",
      "location": "Swamp:3",
      "note": "Noticed Donald",
      "turn": "49725",
      "type": "unique-noticed",
    },
    {
      "branch": "Swamp",
      "data": {
        "who": "Donald",
      },
      "level": "3",
      "location": "Swamp:3",
      "note": "Killed Donald",
      "turn": "49731",
      "type": "unique-killed",
    },
    {
      "branch": "Spider",
      "data": {
        "level": "10",
        "skill": "Fire Magic",
      },
      "level": "1",
      "location": "Spider:1",
      "note": "Reached skill level 10 in Fire Magic",
      "turn": "52088",
      "type": "skill-level",
    },
    {
      "branch": "Spider",
      "data": {
        "item": "+2 robe "Mioseef" {+Inv rPois}",
      },
      "level": "1",
      "location": "Spider:1",
      "note": "Identified the +2 robe "Mioseef" {+Inv rPois}",
      "turn": "52956",
      "type": "ident",
    },
    {
      "branch": "Spider",
      "data": {
        "item": "+2 robe "Mioseef" {+Inv rPois}",
      },
      "level": "1",
      "location": "Spider:1",
      "note": "Identified the +2 robe "Mioseef" {+Inv rPois}",
      "turn": "52956",
      "type": "item",
    },
    {
      "branch": "Spider",
      "data": {
        "hp": "115",
        "level": "18",
        "mp": "39",
      },
      "level": "1",
      "location": "Spider:1",
      "note": "Reached XP level 18. HP: 92/115 MP: 3/39",
      "turn": "53001",
      "type": "experience-level",
    },
    {
      "branch": "Spider",
      "data": {
        "item": "+0 morningstar of Magnificence {elec, rPois Str-3 Dex+2 SInv}",
      },
      "level": "2",
      "location": "Spider:2",
      "note": "Identified the +0 morningstar of Magnificence {elec, rPois Str-3 Dex+2 SInv}",
      "turn": "55401",
      "type": "ident",
    },
    {
      "branch": "Spider",
      "data": {
        "item": "+0 morningstar of Magnificence {elec, rPois Str-3 Dex+2 SInv}",
      },
      "level": "2",
      "location": "Spider:2",
      "note": "Identified the +0 morningstar of Magnificence {elec, rPois Str-3 Dex+2 SInv}",
      "turn": "55401",
      "type": "item",
    },
    {
      "branch": "Spider",
      "data": {
        "level": "10",
        "skill": "Fighting",
      },
      "level": "3",
      "location": "Spider:3",
      "note": "Reached skill level 10 in Fighting",
      "turn": "57045",
      "type": "skill-level",
    },
    {
      "branch": "Spider",
      "data": {
        "item": "+7 kite shield of the Barber Surgeon {Contam Regen+ Str+4 Int+4 Dex+6}",
      },
      "level": "3",
      "location": "Spider:3",
      "note": "Acquired the +7 kite shield of the Barber Surgeon {Contam Regen+ Str+4 Int+4 Dex+6}",
      "turn": "58215",
      "type": "acquirement",
    },
    {
      "branch": "Spider",
      "data": {
        "item": "+1 leather armour of the Beloved God {+Blink Dex+4}",
      },
      "level": "4",
      "location": "Spider:4",
      "note": "Identified the +1 leather armour of the Beloved God {+Blink Dex+4}",
      "turn": "58861",
      "type": "ident",
    },
    {
      "branch": "Spider",
      "data": {
        "item": "+1 leather armour of the Beloved God {+Blink Dex+4}",
      },
      "level": "4",
      "location": "Spider:4",
      "note": "Identified the +1 leather armour of the Beloved God {+Blink Dex+4}",
      "turn": "58861",
      "type": "item",
    },
    {
      "branch": "Spider",
      "data": {
        "item": "+11 broad axe of the Charming Enemy {drain, Fly Str+7 Dex-3 Stlth+}",
      },
      "level": "4",
      "location": "Spider:4",
      "note": "Identified the +11 broad axe of the Charming Enemy {drain, Fly Str+7 Dex-3 Stlth+}",
      "turn": "59250",
      "type": "ident",
    },
    {
      "branch": "Spider",
      "data": {
        "item": "+11 broad axe of the Charming Enemy {drain, Fly Str+7 Dex-3 Stlth+}",
      },
      "level": "4",
      "location": "Spider:4",
      "note": "Identified the +11 broad axe of the Charming Enemy {drain, Fly Str+7 Dex-3 Stlth+}",
      "turn": "59250",
      "type": "item",
    },
    {
      "branch": "Spider",
      "data": {
        "level": "10",
        "skill": "Evocations",
      },
      "level": "4",
      "location": "Spider:4",
      "note": "Reached skill level 10 in Evocations",
      "turn": "59741",
      "type": "skill-level",
    },
    {
      "branch": "Spider",
      "data": {
        "level": "14",
        "skill": "Spellcasting",
      },
      "level": "4",
      "location": "Spider:4",
      "note": "Reached skill level 14 in Spellcasting",
      "turn": "60167",
      "type": "skill-level",
    },
    {
      "branch": "Spider",
      "data": {
        "item": "+1 hat "Gaillis" {+Blink}",
      },
      "level": "4",
      "location": "Spider:4",
      "note": "Identified the +1 hat "Gaillis" {+Blink}",
      "turn": "60434",
      "type": "ident",
    },
    {
      "branch": "Spider",
      "data": {
        "item": "+1 hat "Gaillis" {+Blink}",
      },
      "level": "4",
      "location": "Spider:4",
      "note": "Identified the +1 hat "Gaillis" {+Blink}",
      "turn": "60434",
      "type": "item",
    },
    {
      "branch": "Spider",
      "data": {
        "who": "Arachne",
      },
      "level": "4",
      "location": "Spider:4",
      "note": "Noticed Arachne",
      "turn": "60535",
      "type": "unique-noticed",
    },
    {
      "branch": "Spider",
      "data": {
        "who": "Arachne",
      },
      "level": "4",
      "location": "Spider:4",
      "note": "Killed Arachne",
      "turn": "60542",
      "type": "unique-killed",
    },
    {
      "branch": "Spider",
      "data": {
        "hp": "121",
        "level": "19",
        "mp": "40",
      },
      "level": "4",
      "location": "Spider:4",
      "note": "Reached XP level 19. HP: 98/121 MP: 0/40",
      "turn": "60748",
      "type": "experience-level",
    },
    {
      "branch": "Lair",
      "data": {
        "who": "Gastronok",
      },
      "level": "2",
      "location": "Lair:2",
      "note": "Killed Gastronok",
      "turn": "63746",
      "type": "unique-killed",
    },
    {
      "branch": "Lair",
      "data": {
        "hp": "128",
        "level": "20",
        "mp": "41",
      },
      "level": "4",
      "location": "Lair:4",
      "note": "Reached XP level 20. HP: 128/128 MP: 22/41",
      "turn": "63888",
      "type": "experience-level",
    },
    {
      "branch": "Dungeon",
      "data": {
        "who": "Roxanne",
      },
      "level": "15",
      "location": "Dungeon:15",
      "note": "Noticed Roxanne",
      "turn": "65448",
      "type": "unique-noticed",
    },
    {
      "branch": "Dungeon",
      "data": {
        "who": "Roxanne",
      },
      "level": "15",
      "location": "Dungeon:15",
      "note": "Killed Roxanne",
      "turn": "66802",
      "type": "unique-killed",
    },
    {
      "branch": "Orc",
      "data": {
        "gold": "324",
        "is_valid_shop": true,
        "item": "translucent ring mail",
      },
      "level": "2",
      "location": "Orc:2",
      "note": "Bought a translucent ring mail for 324 gold pieces",
      "turn": "67605",
      "type": "bought",
    },
    {
      "branch": "Orc",
      "data": {
        "gold": "324",
        "item": "+2 ring mail of the Earth {Regen+}",
      },
      "level": "2",
      "location": "Orc:2",
      "note": "Identified the +2 ring mail of the Earth {Regen+} (You bought it in a shop on level 2 of the Orcish Mines)",
      "turn": "67605",
      "type": "ident-bought-loc",
    },
    {
      "branch": "Orc",
      "data": {
        "gold": "324",
        "item": "+2 ring mail of the Earth {Regen+}",
      },
      "level": "2",
      "location": "Orc:2",
      "note": "Identified the +2 ring mail of the Earth {Regen+} (You bought it in a shop on level 2 of the Orcish Mines)",
      "turn": "67605",
      "type": "item",
    },
    {
      "branch": "Orc",
      "data": {
        "gold": "324",
        "is_valid_shop": true,
        "item": "scorched scale mail",
      },
      "level": "2",
      "location": "Orc:2",
      "note": "Bought a scorched scale mail for 324 gold pieces",
      "turn": "67605",
      "type": "bought",
    },
    {
      "branch": "Orc",
      "data": {
        "gold": "324",
        "item": "+0 scale mail of Qonalopu {-Tele Rampage Fly rF+}",
      },
      "level": "2",
      "location": "Orc:2",
      "note": "Identified the +0 scale mail of Qonalopu {-Tele Rampage Fly rF+} (You bought it in a shop on level 2 of the Orcish Mines)",
      "turn": "67605",
      "type": "ident-bought-loc",
    },
    {
      "branch": "Orc",
      "data": {
        "gold": "324",
        "item": "+0 scale mail of Qonalopu {-Tele Rampage Fly rF+}",
      },
      "level": "2",
      "location": "Orc:2",
      "note": "Identified the +0 scale mail of Qonalopu {-Tele Rampage Fly rF+} (You bought it in a shop on level 2 of the Orcish Mines)",
      "turn": "67605",
      "type": "item",
    },
    {
      "branch": "Orc",
      "data": {
        "gold": "45",
        "is_valid_shop": true,
        "item": "scroll of teleportation",
      },
      "level": "2",
      "location": "Orc:2",
      "note": "Bought a scroll of teleportation for 45 gold pieces",
      "turn": "67653",
      "type": "bought",
    },
    {
      "branch": "Elf",
      "data": {
        "item": "+3 halberd of Ysuptuam {vorpal, *Slow rC- rCorr Int+6}",
      },
      "level": "2",
      "location": "Elf:2",
      "note": "Identified the +3 halberd of Ysuptuam {vorpal, *Slow rC- rCorr Int+6}",
      "turn": "67736",
      "type": "ident",
    },
    {
      "branch": "Elf",
      "data": {
        "item": "+3 halberd of Ysuptuam {vorpal, *Slow rC- rCorr Int+6}",
      },
      "level": "2",
      "location": "Elf:2",
      "note": "Identified the +3 halberd of Ysuptuam {vorpal, *Slow rC- rCorr Int+6}",
      "turn": "67736",
      "type": "item",
    },
    {
      "branch": "Elf",
      "data": {
        "level": "1",
        "skill": "Earth Magic",
      },
      "level": "2",
      "location": "Elf:2",
      "note": "Reached skill level 1 in Earth Magic",
      "turn": "67810",
      "type": "skill-level",
    },
    {
      "branch": "Elf",
      "data": {
        "name": "Fuwura Odyu's Book Emporium",
      },
      "level": "2",
      "location": "Elf:2",
      "note": "Found Fuwura Odyu's Book Emporium.",
      "turn": "68209",
      "type": "shop",
    },
    {
      "branch": "Orc",
      "data": {
        "gold": "60",
        "is_valid_shop": true,
        "item": "scroll of amnesia",
      },
      "level": "2",
      "location": "Orc:2",
      "note": "Bought a scroll of amnesia for 60 gold pieces",
      "turn": "68376",
      "type": "bought",
    },
    {
      "branch": "Elf",
      "data": {
        "gold": "600",
        "is_valid_shop": true,
        "item": "Great Wizards, Vol. VII",
      },
      "level": "2",
      "location": "Elf:2",
      "note": "Bought Great Wizards, Vol. VII for 600 gold pieces",
      "turn": "68466",
      "type": "bought",
    },
    {
      "branch": "Elf",
      "data": {
        "level": "1",
        "skill": "Transmutations",
      },
      "level": "3",
      "location": "Elf:3",
      "note": "Reached skill level 1 in Transmutations",
      "turn": "68779",
      "type": "skill-level",
    },
    {
      "branch": "Elf",
      "data": {
        "hp": "134",
        "level": "21",
        "mp": "43",
      },
      "level": "3",
      "location": "Elf:3",
      "note": "Reached XP level 21. HP: 134/134 MP: 29/43",
      "turn": "68967",
      "type": "experience-level",
    },
    {
      "branch": "Elf",
      "data": {
        "name": "Xileehaw's General Store",
      },
      "level": "3",
      "location": "Elf:3",
      "note": "Found Xileehaw's General Store.",
      "turn": "69224",
      "type": "shop",
    },
    {
      "branch": "Elf",
      "data": {
        "name": "Bagilu's General Store",
      },
      "level": "3",
      "location": "Elf:3",
      "note": "Found Bagilu's General Store.",
      "turn": "69226",
      "type": "shop",
    },
    {
      "branch": "Elf",
      "data": {
        "name": "Emna's Jewellery Shoppe",
      },
      "level": "3",
      "location": "Elf:3",
      "note": "Found Emna's Jewellery Shoppe.",
      "turn": "69226",
      "type": "shop",
    },
    {
      "branch": "Elf",
      "data": {
        "gold": "112",
        "is_valid_shop": true,
        "item": "scroll of blinking",
      },
      "level": "3",
      "location": "Elf:3",
      "note": "Bought a scroll of blinking for 112 gold pieces",
      "turn": "69228",
      "type": "bought",
    },
    {
      "branch": "Elf",
      "data": {
        "gold": "75",
        "is_valid_shop": true,
        "item": "potion of heal wounds",
      },
      "level": "3",
      "location": "Elf:3",
      "note": "Bought a potion of heal wounds for 75 gold pieces",
      "turn": "69228",
      "type": "bought",
    },
    {
      "branch": "Elf",
      "data": {
        "name": "Gofagoq's Book Shoppe",
      },
      "level": "3",
      "location": "Elf:3",
      "note": "Found Gofagoq's Book Shoppe.",
      "turn": "69229",
      "type": "shop",
    },
    {
      "branch": "Elf",
      "data": {
        "level": "15",
        "skill": "Spellcasting",
      },
      "level": "3",
      "location": "Elf:3",
      "note": "Reached skill level 15 in Spellcasting",
      "turn": "70418",
      "type": "skill-level",
    },
    {
      "branch": "Elf",
      "data": {
        "item": "Laviykam's Grimoire of Greatest Risks and Utility",
      },
      "level": "3",
      "location": "Elf:3",
      "note": "Identified Laviykam's Grimoire of Greatest Risks and Utility",
      "turn": "71301",
      "type": "ident",
    },
    {
      "branch": "Elf",
      "data": {
        "item": "Laviykam's Grimoire of Greatest Risks and Utility",
      },
      "level": "3",
      "location": "Elf:3",
      "note": "Identified Laviykam's Grimoire of Greatest Risks and Utility",
      "turn": "71301",
      "type": "item",
    },
    {
      "branch": "Elf",
      "data": {
        "item": "+4 hand axe of Uqixai {vorpal, rC++}",
      },
      "level": "3",
      "location": "Elf:3",
      "note": "Identified the +4 hand axe of Uqixai {vorpal, rC++}",
      "turn": "71356",
      "type": "ident",
    },
    {
      "branch": "Elf",
      "data": {
        "item": "+4 hand axe of Uqixai {vorpal, rC++}",
      },
      "level": "3",
      "location": "Elf:3",
      "note": "Identified the +4 hand axe of Uqixai {vorpal, rC++}",
      "turn": "71356",
      "type": "item",
    },
    {
      "branch": "Elf",
      "data": {
        "item": "+8 plate armour of Baldness {Rampage rElec Str-2 Stlth+}",
      },
      "level": "3",
      "location": "Elf:3",
      "note": "Identified the +8 plate armour of Baldness {Rampage rElec Str-2 Stlth+}",
      "turn": "71356",
      "type": "ident",
    },
    {
      "branch": "Elf",
      "data": {
        "item": "+8 plate armour of Baldness {Rampage rElec Str-2 Stlth+}",
      },
      "level": "3",
      "location": "Elf:3",
      "note": "Identified the +8 plate armour of Baldness {Rampage rElec Str-2 Stlth+}",
      "turn": "71356",
      "type": "item",
    },
    {
      "branch": "Elf",
      "data": {
        "item": "+1 spear "Ytoss" {vorpal, Fragile Int+5 Dex+2}",
      },
      "level": "3",
      "location": "Elf:3",
      "note": "Identified the +1 spear "Ytoss" {vorpal, Fragile Int+5 Dex+2}",
      "turn": "71359",
      "type": "ident",
    },
    {
      "branch": "Elf",
      "data": {
        "item": "+1 spear "Ytoss" {vorpal, Fragile Int+5 Dex+2}",
      },
      "level": "3",
      "location": "Elf:3",
      "note": "Identified the +1 spear "Ytoss" {vorpal, Fragile Int+5 Dex+2}",
      "turn": "71359",
      "type": "item",
    },
    {
      "branch": "Elf",
      "data": {
        "gold": "420",
        "is_valid_shop": true,
        "item": "Trismegistus Codex",
      },
      "level": "3",
      "location": "Elf:3",
      "note": "Bought a Trismegistus Codex for 420 gold pieces",
      "turn": "71527",
      "type": "bought",
    },
    {
      "branch": "Vaults",
      "data": {
        "level": "15",
        "skill": "Conjurations",
      },
      "level": "1",
      "location": "Vaults:1",
      "note": "Reached skill level 15 in Conjurations",
      "turn": "72613",
      "type": "skill-level",
    },
    {
      "branch": "Vaults",
      "data": {
        "hp": "136",
        "level": "22",
        "mp": "43",
      },
      "level": "1",
      "location": "Vaults:1",
      "note": "Reached XP level 22. HP: 136/136 MP: 26/43",
      "turn": "73574",
      "type": "experience-level",
    },
    {
      "branch": "Vaults",
      "data": {
        "who": "Aizul",
      },
      "level": "2",
      "location": "Vaults:2",
      "note": "Noticed Aizul",
      "turn": "74256",
      "type": "unique-noticed",
    },
    {
      "branch": "Vaults",
      "data": {
        "who": "Aizul",
      },
      "level": "2",
      "location": "Vaults:2",
      "note": "Killed Aizul",
      "turn": "74271",
      "type": "unique-killed",
    },
    {
      "branch": "Vaults",
      "data": {
        "level": "16",
        "skill": "Spellcasting",
      },
      "level": "2",
      "location": "Vaults:2",
      "note": "Reached skill level 16 in Spellcasting",
      "turn": "74532",
      "type": "skill-level",
    },
    {
      "branch": "Vaults",
      "data": {
        "name": "Wura's Antique Weapon Boutique",
      },
      "level": "2",
      "location": "Vaults:2",
      "note": "Found Wura's Antique Weapon Boutique.",
      "turn": "75050",
      "type": "shop",
    },
    {
      "branch": "Vaults",
      "data": {
        "who": "Jory",
      },
      "level": "2",
      "location": "Vaults:2",
      "note": "Noticed Jory",
      "turn": "75184",
      "type": "unique-noticed",
    },
    {
      "branch": "Vaults",
      "data": {
        "who": "Jory",
      },
      "level": "2",
      "location": "Vaults:2",
      "note": "Killed Jory",
      "turn": "75191",
      "type": "unique-killed",
    },
    {
      "branch": "Vaults",
      "data": {
        "item": "+1 hat of the Little Devil {Rampage Int+6}",
      },
      "level": "3",
      "location": "Vaults:3",
      "note": "Identified the +1 hat of the Little Devil {Rampage Int+6}",
      "turn": "76994",
      "type": "ident",
    },
    {
      "branch": "Vaults",
      "data": {
        "item": "+1 hat of the Little Devil {Rampage Int+6}",
      },
      "level": "3",
      "location": "Vaults:3",
      "note": "Identified the +1 hat of the Little Devil {Rampage Int+6}",
      "turn": "76994",
      "type": "item",
    },
    {
      "branch": "Vaults",
      "data": {
        "level": "10",
        "skill": "Stealth",
      },
      "level": "3",
      "location": "Vaults:3",
      "note": "Reached skill level 10 in Stealth",
      "turn": "77281",
      "type": "skill-level",
    },
    {
      "branch": "Vaults",
      "data": {
        "hp": "145",
        "level": "23",
        "mp": "47",
      },
      "level": "3",
      "location": "Vaults:3",
      "note": "Reached XP level 23. HP: 134/145 MP: 8/47",
      "turn": "77284",
      "type": "experience-level",
    },
    {
      "branch": "Vaults",
      "data": {
        "level": "15",
        "skill": "Dodging",
      },
      "level": "3",
      "location": "Vaults:3",
      "note": "Reached skill level 15 in Dodging",
      "turn": "77358",
      "type": "skill-level",
    },
    {
      "branch": "Vaults",
      "data": {
        "level": "17",
        "skill": "Spellcasting",
      },
      "level": "3",
      "location": "Vaults:3",
      "note": "Reached skill level 17 in Spellcasting",
      "turn": "77873",
      "type": "skill-level",
    },
    {
      "branch": "Vaults",
      "data": {
        "who": "Xtahua",
      },
      "level": "4",
      "location": "Vaults:4",
      "note": "Noticed Xtahua",
      "turn": "78325",
      "type": "unique-noticed",
    },
    {
      "branch": "Vaults",
      "data": {
        "who": "Xtahua",
      },
      "level": "4",
      "location": "Vaults:4",
      "note": "Killed Xtahua",
      "turn": "78350",
      "type": "unique-killed",
    },
    {
      "branch": "Depths",
      "data": {
        "branch": "Pandemonium",
      },
      "level": "1",
      "location": "Depths:1",
      "note": "Found a one-way gate leading to the halls of Pandemonium.",
      "turn": "80138",
      "type": "portal",
    },
    {
      "branch": "Depths",
      "data": {
        "branch": "Hell",
      },
      "level": "1",
      "location": "Depths:1",
      "note": "Found a gateway to Hell.",
      "turn": "80394",
      "type": "portal",
    },
    {
      "branch": "Depths",
      "data": {
        "god": "Gozag",
      },
      "level": "1",
      "location": "Depths:1",
      "note": "Found an opulent altar of Gozag.",
      "turn": "80778",
      "type": "altar",
    },
    {
      "branch": "Depths",
      "data": {
        "name": "Judduappa's Distillery",
      },
      "level": "1",
      "location": "Depths:1",
      "note": "Found Judduappa's Distillery.",
      "turn": "81081",
      "type": "shop",
    },
    {
      "branch": "Depths",
      "data": {
        "name": "Aceall's Magic Scroll Shoppe",
      },
      "level": "1",
      "location": "Depths:1",
      "note": "Found Aceall's Magic Scroll Shoppe.",
      "turn": "81082",
      "type": "shop",
    },
    {
      "branch": "Depths",
      "data": {
        "name": "Aneulapp's Assorted Antiques",
      },
      "level": "1",
      "location": "Depths:1",
      "note": "Found Aneulapp's Assorted Antiques.",
      "turn": "81083",
      "type": "shop",
    },
    {
      "branch": "Depths",
      "data": {
        "gold": "105",
        "is_valid_shop": true,
        "item": "twisted agate ring",
      },
      "level": "1",
      "location": "Depths:1",
      "note": "Bought a twisted agate ring for 105 gold pieces",
      "turn": "81090",
      "type": "bought",
    },
    {
      "branch": "Depths",
      "data": {
        "who": "the Enchantress",
      },
      "level": "2",
      "location": "Depths:2",
      "note": "Noticed the Enchantress",
      "turn": "81801",
      "type": "unique-noticed",
    },
    {
      "branch": "Depths",
      "data": {
        "god": "Ashenzari",
      },
      "level": "2",
      "location": "Depths:2",
      "note": "Found a broken altar of Ashenzari.",
      "turn": "82056",
      "type": "altar",
    },
    {
      "branch": "Depths",
      "data": {
        "god": "Yredelemnul",
      },
      "level": "2",
      "location": "Depths:2",
      "note": "Found a basalt altar of Yredelemnul.",
      "turn": "82188",
      "type": "altar",
    },
    {
      "branch": "Depths",
      "data": {
        "hp": "151",
        "level": "24",
        "mp": "48",
      },
      "level": "2",
      "location": "Depths:2",
      "note": "Reached XP level 24. HP: 151/151 MP: 36/48",
      "turn": "82421",
      "type": "experience-level",
    },
    {
      "branch": "Depths",
      "data": {
        "level": "5",
        "skill": "Transmutations",
      },
      "level": "2",
      "location": "Depths:2",
      "note": "Reached skill level 5 in Transmutations",
      "turn": "82528",
      "type": "skill-level",
    },
    {
      "branch": "Depths",
      "data": {
        "who": "the Enchantress",
      },
      "level": "2",
      "location": "Depths:2",
      "note": "Killed the Enchantress",
      "turn": "82607",
      "type": "unique-killed",
    },
    {
      "branch": "Dungeon",
      "data": {
        "gold": "917",
        "is_valid_shop": true,
        "item": "+11 dagger "Goidux Ritoa" {vorpal, Will+}",
      },
      "level": "9",
      "location": "Dungeon:9",
      "note": "Bought the +11 dagger "Goidux Ritoa" {vorpal, Will+} for 917 gold pieces",
      "turn": "83520",
      "type": "bought",
    },
    {
      "branch": "Dungeon",
      "data": {
        "gold": "917",
        "item": "+11 dagger "Goidux Ritoa" {vorpal, Will+}",
      },
      "level": "9",
      "location": "Dungeon:9",
      "note": "Bought the +11 dagger "Goidux Ritoa" {vorpal, Will+} for 917 gold pieces",
      "turn": "83520",
      "type": "item",
    },
    {
      "branch": "Depths",
      "data": {
        "branch": "Abyss",
      },
      "level": "3",
      "location": "Depths:3",
      "note": "Found a one-way gate to the infinite horrors of the Abyss.",
      "turn": "84593",
      "type": "portal",
    },
    {
      "branch": "Depths",
      "data": {
        "level": "18",
        "skill": "Spellcasting",
      },
      "level": "3",
      "location": "Depths:3",
      "note": "Reached skill level 18 in Spellcasting",
      "turn": "84911",
      "type": "skill-level",
    },
    {
      "branch": "Depths",
      "data": {
        "item": "+9 shortbow of the Beast {venom, MP+9}",
      },
      "level": "3",
      "location": "Depths:3",
      "note": "Identified the +9 shortbow of the Beast {venom, MP+9}",
      "turn": "85201",
      "type": "ident",
    },
    {
      "branch": "Depths",
      "data": {
        "item": "+9 shortbow of the Beast {venom, MP+9}",
      },
      "level": "3",
      "location": "Depths:3",
      "note": "Identified the +9 shortbow of the Beast {venom, MP+9}",
      "turn": "85201",
      "type": "item",
    },
    {
      "branch": "Depths",
      "data": {
        "item": "+6 double sword "Houfees" {vorpal, rN+ Int+2}",
      },
      "level": "3",
      "location": "Depths:3",
      "note": "Identified the +6 double sword "Houfees" {vorpal, rN+ Int+2}",
      "turn": "85201",
      "type": "ident",
    },
    {
      "branch": "Depths",
      "data": {
        "item": "+6 double sword "Houfees" {vorpal, rN+ Int+2}",
      },
      "level": "3",
      "location": "Depths:3",
      "note": "Identified the +6 double sword "Houfees" {vorpal, rN+ Int+2}",
      "turn": "85201",
      "type": "item",
    },
    {
      "branch": "Depths",
      "data": {
        "item": "ring "Efeimo" {*Slow rF++ Dex+6}",
      },
      "level": "3",
      "location": "Depths:3",
      "note": "Identified the ring "Efeimo" {*Slow rF++ Dex+6}",
      "turn": "85201",
      "type": "ident",
    },
    {
      "branch": "Depths",
      "data": {
        "item": "ring "Efeimo" {*Slow rF++ Dex+6}",
      },
      "level": "3",
      "location": "Depths:3",
      "note": "Identified the ring "Efeimo" {*Slow rF++ Dex+6}",
      "turn": "85201",
      "type": "item",
    },
    {
      "branch": "Depths",
      "data": {
        "branch": "Abyss",
      },
      "level": "3",
      "location": "Depths:3",
      "note": "Found a one-way gate to the infinite horrors of the Abyss.",
      "turn": "85963",
      "type": "portal",
    },
    {
      "branch": "Depths",
      "data": {
        "branch": "Ziggurat",
      },
      "level": "4",
      "location": "Depths:4",
      "note": "Found a one-way gateway to a ziggurat.",
      "turn": "86401",
      "type": "portal",
    },
    {
      "branch": "Depths",
      "data": {
        "branch": "Zot",
      },
      "level": "4",
      "location": "Depths:4",
      "note": "Found a gate to the Realm of Zot.",
      "turn": "86991",
      "type": "portal",
    },
    {
      "branch": "Depths",
      "data": {
        "level": "10",
        "skill": "Short Blades",
      },
      "level": "4",
      "location": "Depths:4",
      "note": "Reached skill level 10 in Short Blades",
      "turn": "87478",
      "type": "skill-level",
    },
    {
      "branch": "Depths",
      "data": {
        "hp": "156",
        "level": "25",
        "mp": "48",
      },
      "level": "4",
      "location": "Depths:4",
      "note": "Reached XP level 25. HP: 156/156 MP: 24/48",
      "turn": "87718",
      "type": "experience-level",
    },
    {
      "branch": "Crypt",
      "data": {
        "item": "ring of Fait {Ice Will+ Slay+3 Stlth-}",
      },
      "level": "1",
      "location": "Crypt:1",
      "note": "Identified the ring of Fait {Ice Will+ Slay+3 Stlth-}",
      "turn": "88522",
      "type": "ident",
    },
    {
      "branch": "Crypt",
      "data": {
        "item": "ring of Fait {Ice Will+ Slay+3 Stlth-}",
      },
      "level": "1",
      "location": "Crypt:1",
      "note": "Identified the ring of Fait {Ice Will+ Slay+3 Stlth-}",
      "turn": "88522",
      "type": "item",
    },
    {
      "branch": "Crypt",
      "data": {
        "level": "10",
        "skill": "Hexes",
      },
      "level": "1",
      "location": "Crypt:1",
      "note": "Reached skill level 10 in Hexes",
      "turn": "88581",
      "type": "skill-level",
    },
    {
      "branch": "Crypt",
      "data": {
        "level": "5",
        "skill": "Earth Magic",
      },
      "level": "1",
      "location": "Crypt:1",
      "note": "Reached skill level 5 in Earth Magic",
      "turn": "88652",
      "type": "skill-level",
    },
    {
      "branch": "Crypt",
      "data": {
        "level": "19",
        "skill": "Spellcasting",
      },
      "level": "1",
      "location": "Crypt:1",
      "note": "Reached skill level 19 in Spellcasting",
      "turn": "88982",
      "type": "skill-level",
    },
    {
      "branch": "Crypt",
      "data": {
        "item": "+1 leather armour "Ixaokheu" {rPois Str+6 Dex-5}",
      },
      "level": "1",
      "location": "Crypt:1",
      "note": "Identified the +1 leather armour "Ixaokheu" {rPois Str+6 Dex-5}",
      "turn": "89385",
      "type": "ident",
    },
    {
      "branch": "Crypt",
      "data": {
        "item": "+1 leather armour "Ixaokheu" {rPois Str+6 Dex-5}",
      },
      "level": "1",
      "location": "Crypt:1",
      "note": "Identified the +1 leather armour "Ixaokheu" {rPois Str+6 Dex-5}",
      "turn": "89385",
      "type": "item",
    },
    {
      "branch": "Crypt",
      "data": {
        "level": "15",
        "skill": "Stealth",
      },
      "level": "2",
      "location": "Crypt:2",
      "note": "Reached skill level 15 in Stealth",
      "turn": "89936",
      "type": "skill-level",
    },
    {
      "branch": "Crypt",
      "data": {
        "level": "10",
        "skill": "Shields",
      },
      "level": "2",
      "location": "Crypt:2",
      "note": "Reached skill level 10 in Shields",
      "turn": "90196",
      "type": "skill-level",
    },
    {
      "branch": "Crypt",
      "data": {
        "item": "+5 battleaxe "Jaumn" {flame, Int+4 Stlth+}",
      },
      "level": "3",
      "location": "Crypt:3",
      "note": "Identified the +5 battleaxe "Jaumn" {flame, Int+4 Stlth+}",
      "turn": "90960",
      "type": "ident",
    },
    {
      "branch": "Crypt",
      "data": {
        "item": "+5 battleaxe "Jaumn" {flame, Int+4 Stlth+}",
      },
      "level": "3",
      "location": "Crypt:3",
      "note": "Identified the +5 battleaxe "Jaumn" {flame, Int+4 Stlth+}",
      "turn": "90960",
      "type": "item",
    },
    {
      "branch": "Crypt",
      "data": {
        "god": "Kikubaaqudgha",
      },
      "level": "3",
      "location": "Crypt:3",
      "note": "Found an ancient bone altar of Kikubaaqudgha.",
      "turn": "92123",
      "type": "altar",
    },
    {
      "branch": "Crypt",
      "data": {
        "hp": "163",
        "level": "26",
        "mp": "50",
      },
      "level": "3",
      "location": "Crypt:3",
      "note": "Reached XP level 26. HP: 163/163 MP: 22/50",
      "turn": "92134",
      "type": "experience-level",
    },
    {
      "branch": "Vaults",
      "data": {
        "level": "20",
        "skill": "Spellcasting",
      },
      "level": "5",
      "location": "Vaults:5",
      "note": "Reached skill level 20 in Spellcasting",
      "turn": "93883",
      "type": "skill-level",
    },
    {
      "branch": "Vaults",
      "data": {
        "item": "+0 pair of gloves of a Labyrinth {Str-5 Int+5}",
      },
      "level": "5",
      "location": "Vaults:5",
      "note": "Identified the +0 pair of gloves of a Labyrinth {Str-5 Int+5}",
      "turn": "93924",
      "type": "ident",
    },
    {
      "branch": "Vaults",
      "data": {
        "item": "+0 pair of gloves of a Labyrinth {Str-5 Int+5}",
      },
      "level": "5",
      "location": "Vaults:5",
      "note": "Identified the +0 pair of gloves of a Labyrinth {Str-5 Int+5}",
      "turn": "93924",
      "type": "item",
    },
    {
      "branch": "Vaults",
      "data": {
        "item": "+0 ring mail of Hijiemaa {rPois Int+7 Dex+4}",
      },
      "level": "5",
      "location": "Vaults:5",
      "note": "Identified the +0 ring mail of Hijiemaa {rPois Int+7 Dex+4}",
      "turn": "94300",
      "type": "ident",
    },
    {
      "branch": "Vaults",
      "data": {
        "item": "+0 ring mail of Hijiemaa {rPois Int+7 Dex+4}",
      },
      "level": "5",
      "location": "Vaults:5",
      "note": "Identified the +0 ring mail of Hijiemaa {rPois Int+7 Dex+4}",
      "turn": "94300",
      "type": "item",
    },
    {
      "branch": "Vaults",
      "data": {
        "item": "+10 whip "Aget" {vorpal, rPois rC- rCorr Str+6}",
      },
      "level": "5",
      "location": "Vaults:5",
      "note": "Identified the +10 whip "Aget" {vorpal, rPois rC- rCorr Str+6}",
      "turn": "94985",
      "type": "ident",
    },
    {
      "branch": "Vaults",
      "data": {
        "item": "+10 whip "Aget" {vorpal, rPois rC- rCorr Str+6}",
      },
      "level": "5",
      "location": "Vaults:5",
      "note": "Identified the +10 whip "Aget" {vorpal, rPois rC- rCorr Str+6}",
      "turn": "94985",
      "type": "item",
    },
    {
      "branch": "Vaults",
      "data": {
        "hp": "166",
        "level": "27",
        "mp": "50",
      },
      "level": "5",
      "location": "Vaults:5",
      "note": "Reached XP level 27. HP: 166/166 MP: 44/50",
      "turn": "95420",
      "type": "experience-level",
    },
    {
      "branch": "Vaults",
      "data": {
        "level": "15",
        "skill": "Evocations",
      },
      "level": "5",
      "location": "Vaults:5",
      "note": "Reached skill level 15 in Evocations",
      "turn": "95795",
      "type": "skill-level",
    },
    {
      "branch": "Zot",
      "data": {
        "level": "5",
        "skill": "Summonings",
      },
      "level": "2",
      "location": "Zot:2",
      "note": "Reached skill level 5 in Summonings",
      "turn": "98040",
      "type": "skill-level",
    },
    {
      "branch": "Zot",
      "data": {
        "item": "+11 quick blade of the Boar {vamp, rElec rCorr Dex+2 Stlth-}",
      },
      "level": "2",
      "location": "Zot:2",
      "note": "Identified the +11 quick blade of the Boar {vamp, rElec rCorr Dex+2 Stlth-}",
      "turn": "98682",
      "type": "ident",
    },
    {
      "branch": "Zot",
      "data": {
        "item": "+11 quick blade of the Boar {vamp, rElec rCorr Dex+2 Stlth-}",
      },
      "level": "2",
      "location": "Zot:2",
      "note": "Identified the +11 quick blade of the Boar {vamp, rElec rCorr Dex+2 Stlth-}",
      "turn": "98682",
      "type": "item",
    },
    {
      "branch": "Zot",
      "data": {
        "level": "21",
        "skill": "Spellcasting",
      },
      "level": "3",
      "location": "Zot:3",
      "note": "Reached skill level 21 in Spellcasting",
      "turn": "99443",
      "type": "skill-level",
    },
    {
      "branch": "Zot",
      "data": {
        "item": "+1 long sword "Transmigrator" {elec, rElec rC+ Dex+2 Stlth+}",
      },
      "level": "3",
      "location": "Zot:3",
      "note": "Identified the +1 long sword "Transmigrator" {elec, rElec rC+ Dex+2 Stlth+}",
      "turn": "99630",
      "type": "ident",
    },
    {
      "branch": "Zot",
      "data": {
        "item": "+1 long sword "Transmigrator" {elec, rElec rC+ Dex+2 Stlth+}",
      },
      "level": "3",
      "location": "Zot:3",
      "note": "Identified the +1 long sword "Transmigrator" {elec, rElec rC+ Dex+2 Stlth+}",
      "turn": "99630",
      "type": "item",
    },
    {
      "branch": "Zot",
      "data": {
        "item": "amulet of Fakhliys {Spirit Rampage rPois rF-}",
      },
      "level": "4",
      "location": "Zot:4",
      "note": "Identified the amulet of Fakhliys {Spirit Rampage rPois rF-}",
      "turn": "101641",
      "type": "ident",
    },
    {
      "branch": "Zot",
      "data": {
        "item": "amulet of Fakhliys {Spirit Rampage rPois rF-}",
      },
      "level": "4",
      "location": "Zot:4",
      "note": "Identified the amulet of Fakhliys {Spirit Rampage rPois rF-}",
      "turn": "101641",
      "type": "item",
    },
    {
      "branch": "Zot",
      "data": {
        "item": "+0 helmet of the Soldier {Int+3}",
      },
      "level": "4",
      "location": "Zot:4",
      "note": "Identified the +0 helmet of the Soldier {Int+3}",
      "turn": "101643",
      "type": "ident",
    },
    {
      "branch": "Zot",
      "data": {
        "item": "+0 helmet of the Soldier {Int+3}",
      },
      "level": "4",
      "location": "Zot:4",
      "note": "Identified the +0 helmet of the Soldier {Int+3}",
      "turn": "101643",
      "type": "item",
    },
    {
      "branch": "Zot",
      "data": {
        "level": "15",
        "skill": "Hexes",
      },
      "level": "5",
      "location": "Zot:5",
      "note": "Reached skill level 15 in Hexes",
      "turn": "102911",
      "type": "skill-level",
    },
    {
      "branch": "Zot",
      "data": {
        "level": "22",
        "skill": "Spellcasting",
      },
      "level": "5",
      "location": "Zot:5",
      "note": "Reached skill level 22 in Spellcasting",
      "turn": "103106",
      "type": "skill-level",
    },
    {
      "branch": "Dungeon",
      "data": "Escaped with the Orb!",
      "level": "$",
      "location": "Dungeon:$",
      "note": "Escaped with the Orb!",
      "turn": "104585",
      "type": "last-event",
    },
  ],
  "fullVersion": "0.29.1-2-gbd0b4ee654",
  "god": "Ashenzari",
  "isBloatcrawl": false,
  "isMorgue": true,
  "isSprint": false,
  "isTrunk": false,
  "is_bcrawl": false,
  "morgue": {
    "basename": "morgue-9to-20221222-030513",
    "date": 2022-12-22T03:05:13.000Z,
    "filename": "morgue-9to-20221222-030513.txt",
    "player": "9to",
    "timestamp": "1671678313000",
    "url": "http://crawl.akrasiac.org/rawdata/9to/morgue-9to-20221222-030513.txt",
  },
  "runeCount": 3,
  "runes": [
    "decaying",
    "silver",
    "gossamer",
  ],
  "score": "1402390",
  "species": "Kobold",
  "stash": {
    "artefact_list": [],
    "branch": {},
    "shop_list": [],
  },
  "timeSeconds": 41194,
  "turns": 104585,
  "value": "12360128747637419707",
  "version": "0.29.1",
}
`;
