bfarrick

Level 1 of the Dungeon
[Shop] Deckoves's Antique Armour Emporium
  a +0 buckler (126 gold)
  a +0 robe (19 gold)
  the +0 robe of Muttered Phrases {rC++ Str-4 Int+2 Dex+3} (764 gold)
    Str:       It affects your strength (-4).
    Int:       It affects your intelligence (+2).
    Dex:       It affects your dexterity (+3).
    rC:        It greatly protects you from cold.
  a +0 chain mail of willpower (322 gold)
  a +0 leather armour (56 gold)
  a +3 ring mail of positive energy (644 gold)
  a +0 pair of boots (126 gold)
  a +0 robe (19 gold)
(0, 0, D:1)
  19 arrows
(17, 5, D:1)
  a +0 dagger
(23, 28, D:1)
  an orb of light
(24, 13, D:1)
  a +0 quarterstaff
(26, -5, D:1)
  a +0 dagger
  a +0 short sword
  a +0 club
(27, -12, D:1)
  a +1 sacred scourge of holy wrath
  a +0 robe
(28, 12, D:1)
  a +1 dagger of venom

Level 2 of the Dungeon
(0, 0, D:2)
  14 stones
(2, -16, D:2)
  a +0 whip
(2, -2, D:2)
  a +0 ring mail
(6, -5, D:2)
  a +0 short sword
(12, -36, D:2)
  a +0 whip
(12, -10, D:2)
  a +0 long sword
(12, 2, D:2)
  a +0 leather armour
(15, -34, D:2)
  a +0 whip
(16, 4, D:2)
  a +0 dagger
(24, -24, D:2)
  18 arrows
(25, -20, D:2)
  a +0 hunting sling
(26, 2, D:2)
  a +0 club
(28, 0, D:2)
  a +0 whip
(31, -30, D:2)
  a +0 whip

Level 3 of the Dungeon
(0, 0, D:3)
  a +0 short sword
(1, 2, D:3)
  a +0 club
(2, 1, D:3)
  a +0 leather armour
(4, 27, D:3)
  a +0 club
(11, -5, D:3)
  a +0 robe
(14, 14, D:3)
  a +0 whip
  3 stones
(18, 10, D:3)
  21 stones
(20, -10, D:3)
  26 bolts
(21, -7, D:3)
  a +0 dagger
(23, 6, D:3)
  a +0 spear
(25, 5, D:3)
  a +0 halberd
(25, 6, D:3)
  a +0 club
(26, 5, D:3)
  a +0 whip
(26, 17, D:3)
  a +0 war axe
(27, 5, D:3)
  a +0 leather armour
  a +0 whip
(38, 20, D:3)
  15 sling bullets

Level 4 of the Dungeon
(0, 0, D:4)
  5 arrows
(6, 14, D:4)
  12 stones
(9, 16, D:4)
  4 poisoned darts
(23, 34, D:4)
  a +0 short sword
  a boomerang
(28, -14, D:4)
  a +0 club
  a +0 leather armour
  a +0 short sword
(28, 8, D:4)
  a +0 dagger
  5 stones
  a +0 giant club
(29, -14, D:4)
  a +0 falchion
  a +0 leather armour
  a +0 club
(29, 41, D:4)
  10 stones
(33, 26, D:4)
  a +0 dagger
(34, 42, D:4)
  a +0 dagger
(35, 26, D:4)
  a +1 falchion of holy wrath
(36, 26, D:4)
  a +0 dagger
(39, 2, D:4)
  18 arrows
(40, 25, D:4)
  a +0 club
(40, 38, D:4)
  a +0 club
  a +0 leather armour
  a +0 club
  a +0 scale mail
  a +0 dagger
  a +0 robe
(45, 16, D:4)
  a +0 scale mail
  a +0 club
(48, 13, D:4)
  a +0 scale mail
(50, 17, D:4)
  a +0 spear
(51, 17, D:4)
  a +0 whip
(51, 18, D:4)
  a +0 flail
  a +0 club
(53, 21, D:4)
  a +0 mace
(57, 15, D:4)
  a +0 dagger

Level 5 of the Dungeon
(0, 0, D:5)
  a +0 giant club
(1, -8, D:5)
  a +0 robe
(6, -27, D:5)
  a +0 leather armour
(6, -14, D:5)
  a +0 short sword
(18, -7, D:5)
  2 javelins
(26, -7, D:5)
  18 stones
(34, 27, D:5)
  a +0 hand axe
(39, 12, D:5)
  a +0 club
(45, 24, D:5)
  a +0 pair of boots
(58, -22, D:5)
  a +1 vorpal flail
  a +0 scale mail

Level 6 of the Dungeon
[Shop] Jerow's Antique Weapon Emporium
  the +3 glaive "Leviticus" {flame, Str+6} (1203 gold)
    It burns those it strikes, dealing additional fire damage. Big, fiery blades
    are also staple armaments of hydra-hunters.

    Str:       It affects your strength (+6).
  a +2 short sword of venom (405 gold)
  a +0 scythe (78 gold)
  a +0 trident (91 gold)
  a +0 trident (91 gold)
  a +0 quarterstaff (104 gold)
  a +0 club (26 gold)
(0, 0, D:6)
  a +0 hand axe
(1, -14, D:6)
  a +0 robe
(4, -14, D:6)
  29 arrows
(7, -14, D:6)
  a +0 leather armour
(10, -28, D:6)
  11 gold pieces
(10, -27, D:6)
  14 gold pieces
(10, -26, D:6)
  8 gold pieces
(11, -28, D:6)
  15 gold pieces
(11, -27, D:6)
  11 gold pieces
(11, -26, D:6)
  7 gold pieces
(12, -27, D:6)
  16 gold pieces
(12, -20, D:6)
  18 stones
(19, -21, D:6)
  +0 acid dragon scales
(23, -18, D:6)
  a +0 dagger (still there?)
  a +0 flail (still there?)
(23, -17, D:6)
  a +0 war axe
  a boomerang
  a +0 trident
(32, -23, D:6)
  a +0 quarterstaff
(33, -19, D:6)
  a +0 short sword
(33, -18, D:6)
  a +0 leather armour
  a +0 club
(38, -21, D:6)
  11 stones
(42, -8, D:6)
  21 stones
(47, -14, D:6)
  a +0 robe
  a +0 trident
(47, -13, D:6)
  a +0 robe
  a +0 short sword
(48, -22, D:6)
  a +3 dagger
  a +0 robe
(48, -16, D:6)
  a +0 robe
  a +3 war axe
(48, -15, D:6)
  a +0 robe
  a +3 scimitar
(54, -22, D:6)
  23 stones

Level 7 of the Dungeon
(0, 0, D:7)
  4 poisoned darts
(1, 36, D:7)
  +0 steam dragon scales
(3, 36, D:7)
  a +0 mace
  a +0 ring mail
(6, 1, D:7)
  a +0 trident of flaming
(8, 19, D:7)
  a +0 ring mail
(12, 9, D:7)
  a +0 short sword
(12, 10, D:7)
  28 bolts
  a +0 whip
  a +0 hand crossbow
(13, 9, D:7)
  a +0 whip
  4 stones
  a +0 short sword
  8 poisoned darts
  a +0 dagger
(14, -2, D:7)
  a +0 short sword
  3 stones
  a +0 club
  a +0 club
  a +0 short sword
  a curare-tipped dart
(14, -1, D:7)
  a +0 club
  a +2 dagger of freezing
  4 stones
(14, 9, D:7)
  a +0 whip
  a +0 giant spiked club
(17, 36, D:7)
  a +0 halberd
  3 silver boomerangs
  a +0 plate armour
(17, 37, D:7)
  a +0 dagger
  a +0 robe
(21, -20, D:7)
  12 arrows
(28, 13, D:7)
  20 bolts
(29, -18, D:7)
  an orb of mayhem
(30, 9, D:7)
  a +0 leather armour
  a +3 hand axe of flaming
(30, 10, D:7)
  a +0 robe
  a +0 dagger
(32, 11, D:7)
  a +0 leather armour
(34, 19, D:7)
  a +0 short sword
(47, -18, D:7)
  a +0 leather armour
(50, 13, D:7)
  a +0 short sword
(50, 14, D:7)
  a +0 flail
  a +0 scale mail
(51, 13, D:7)
  a +0 hand axe
  a +0 leather armour
(51, 14, D:7)
  a +0 whip
  a +0 dagger of freezing
  a +0 leather armour
(52, -9, D:7)
  12 bolts

Level 8 of the Dungeon
(0, 0, D:8)
  a staff of earth
(15, -22, D:8)
  19 stones
(15, 8, D:8)
  11 arrows
  a +0 shortbow
(17, -25, D:8)
  24 stones
(17, 8, D:8)
  2 stones
  a +0 club
(24, -29, D:8)
  a +0 whip
  a +0 robe
(24, -9, D:8)
  a +0 dagger
(26, 20, D:8)
  a scarf of harm
(32, -11, D:8)
  +0 acid dragon scales
(32, -6, D:8)
  a +0 hand crossbow
  a +0 dagger
(33, -9, D:8)
  +0 steam dragon scales
(33, -5, D:8)
  a +0 whip
(33, -4, D:8)
  a +0 falchion
  a +0 leather armour
  a curare-tipped dart
(33, -3, D:8)
  19 stones
  a +2 dagger of protection
(35, -2, D:8)
  4 stones
  a +0 whip
(35, 9, D:8)
  a +0 pair of gloves
  a +0 scale mail
(37, -19, D:8)
  17 stones
(38, 5, D:8)
  a +0 chain mail
  a +0 hunting sling
  2 boomerangs
  a +0 club
(43, 10, D:8)
  a +0 vorpal scimitar
(47, 11, D:8)
  a +0 troll leather armour
(54, 5, D:8)
  a staff of poison

Level 9 of the Dungeon
(0, 0, D:9)
  13 arrows
  a +0 shortbow
(1, 31, D:9)
  a +0 troll leather armour
(4, -6, D:9)
  a +0 ring mail
(7, 12, D:9)
  a +0 club
  a +0 spear
  a +0 robe
(8, 12, D:9)
  a +0 flail
  a +0 whip
(10, 25, D:9)
  a +0 robe
  a +0 dagger
  a +0 leather armour
  a +0 whip
  3 boomerangs
  a +0 whip
(11, -4, D:9)
  a +0 flail
(11, 23, D:9)
  a +0 whip
  a +2 robe of positive energy
  a +0 dagger
(11, 25, D:9)
  a +0 robe
  a +0 dagger
  a +0 robe
  a +0 dagger
(11, 26, D:9)
  a +0 leather armour
  a +0 dagger
  a +1 vorpal hand axe
(12, -3, D:9)
  a +0 robe
  a +0 whip
(12, 26, D:9)
  a +0 dagger
  a +0 falchion
(13, 6, D:9)
  a +0 spear
(13, 27, D:9)
  a +0 short sword
  a +0 flail
  a +0 robe
(14, 28, D:9)
  a +0 ring mail
  a +0 club
(15, 6, D:9)
  a +0 flail
(21, 24, D:9)
  a +0 battleaxe
(31, 16, D:9)
  a +0 dagger
(33, 6, D:9)
  18 stones
(46, 1, D:9)
  23 sling bullets

Level 10 of the Dungeon
(0, 0, D:10)
  13 bolts
(12, -34, D:10)
  13 arrows
(13, -12, D:10)
  a +0 hand crossbow
(14, -17, D:10)
  a +5 short sword
  a +0 leather armour
  a +0 dagger
  a +0 robe
(14, -16, D:10)
  a +0 mace
  a +0 short sword
  a +0 leather armour
  a +0 whip
  a +0 leather armour
(15, 5, D:10)
  a +0 leather armour
(25, 7, D:10)
  13 arrows
(31, -35, D:10)
  a +0 giant club
  a +0 giant spiked club
(31, 4, D:10)
  19 arrows
(35, 3, D:10)
  a +0 giant club
  a +0 dire flail
(37, -3, D:10)
  a +0 giant club
  a +0 giant club
(38, -34, D:10)
  15 stones
(45, -2, D:10)
  a +0 plate armour
(50, -27, D:10)
  16 stones
(53, 1, D:10)
  a +0 ring mail

Level 11 of the Dungeon
(0, 0, D:11)
  24 arrows
  a +0 shortbow
(3, -11, D:11)
  a +0 mace
(3, 14, D:11)
  a +0 leather armour
(5, -30, D:11)
  a +0 giant spiked club
  a +0 giant club
(11, -29, D:11)
  a +0 hand axe
(11, -25, D:11)
  a +0 giant club
  a +1 robe of cold resistance
(13, 8, D:11)
  24 bolts
(31, -24, D:11)
  a +0 dagger
  a +0 robe
  a +0 dagger
  a +0 robe
(32, -23, D:11)
  a +0 mace
  a +0 leather armour
(34, -21, D:11)
  a +0 battleaxe of venom
(35, -20, D:11)
  a +1 rapier of chaos
(35, -19, D:11)
  a staff of fire
(39, 23, D:11)
  a +0 club
  a +0 dagger
  7 poisoned darts
(39, 24, D:11)
  a +0 dagger
  3 poisoned darts
  a +0 club
  4 stones
(39, 25, D:11)
  a +0 short sword
(50, -17, D:11)
  19 arrows

Level 12 of the Dungeon
(0, 0, D:12)
  a +0 giant spiked club
  a +0 giant club
(1, -42, D:12)
  21 stones
(2, -27, D:12)
  15 sling bullets
(7, -19, D:12)
  a +0 pair of gloves
(11, -56, D:12)
  11 arrows
(13, -53, D:12)
  2 large rocks
(16, -49, D:12)
  a +0 giant club
  a +0 giant spiked club
(16, -47, D:12)
  5 large rocks
(16, -46, D:12)
  a +0 morningstar
(16, -11, D:12)
  29 stones
(22, -15, D:12)
  16 gold pieces
(23, -15, D:12)
  a +2 hunting sling of flaming
(24, -16, D:12)
  a +6 ring of intelligence
(24, -15, D:12)
  a scroll of fog
(25, -15, D:12)
  21 stones
(25, -12, D:12)
  an orb of mayhem
(26, -39, D:12)
  a +0 flail
  a +0 halberd
(26, -24, D:12)
  a hell hound corpse (skeletalised by now)
(27, -39, D:12)
  a +0 whip
  a +0 spear
(27, -14, D:12)
  a potion of ambrosia
(28, -39, D:12)
  a +0 kite shield
  a +0 scale mail
  a +1 spear of venom
(29, -39, D:12)
  a +0 halberd
(31, -37, D:12)
  a +0 leather armour
(33, -26, D:12)
  a +0 robe
  a +0 dagger
(34, -22, D:12)
  a +0 long sword
(35, -28, D:12)
  a +0 ring mail
  a +0 hand axe
(36, -28, D:12)
  21 stones
  a +1 morningstar of venom
(37, -33, D:12)
  a +0 buckler
(41, -40, D:12)
  a +0 chain mail
  a +0 rapier
(51, -33, D:12)
  14 stones
(51, -30, D:12)
  a +0 mace
(51, -28, D:12)
  3 large rocks

Level 13 of the Dungeon
(0, 0, D:13)
  a +0 whip
  a +0 robe
(1, -21, D:13)
  a +0 trident
  a +0 shortbow
  19 arrows
(1, -12, D:13)
  a +0 longbow
  17 arrows
(1, 0, D:13)
  a +0 giant spiked club
  a +0 giant club
(1, 1, D:13)
  a +0 flail
(2, -27, D:13)
  a +0 giant spiked club
  a +0 giant club
(2, -26, D:13)
  a +0 hand axe
  a +0 kite shield
(2, 1, D:13)
  a +0 shortbow
  21 arrows
  a +0 war axe
  a +0 leather armour
(3, 1, D:13)
  4 large rocks
(7, -17, D:13)
  a +0 scale mail
(8, -28, D:13)
  a +1 short sword of venom
  5 curare-tipped darts
  a +0 robe
(8, -26, D:13)
  a +0 long sword
  a +0 giant spiked club
  a +0 dire flail
(8, -19, D:13)
  16 stones
(8, -18, D:13)
  16 arrows
(8, -17, D:13)
  23 stones
(9, -28, D:13)
  a +0 dagger
  a +0 leather armour
(9, -27, D:13)
  a +0 dire flail
  a +0 dire flail
(9, -26, D:13)
  a +0 great sword of flaming
  a +0 dire flail
  a +0 dire flail
(10, -20, D:13)
  a +3 chain mail of poison resistance
(19, -13, D:13)
  a scarf of harm
(20, -13, D:13)
  a wand of charming (3)
(23, 4, D:13)
  14 stones
(31, -28, D:13)
  10 arrows
(32, -2, D:13)
  a +0 dagger
(34, 0, D:13)
  15 stones
(45, 5, D:13)
  20 arrows
(56, -14, D:13)
  a +0 dagger
(63, -20, D:13)
  a scroll of noise
(63, -3, D:13)
  a +0 ring mail

Level 14 of the Dungeon
(0, 0, D:14)
  a ring of positive energy
  a potion of invisibility
  7 potions of degeneration
  a ring of protection from fire
  a ring of protection from fire
  a +3 war axe of electrocution
  a +1 pair of gloves
  a +4 whip
(8, 38, D:14)
  a +0 hunting sling
(13, -6, D:14)
  a +0 chain mail
  a +0 dire flail
(14, -6, D:14)
  a +0 chain mail
  a +0 great mace
  a +0 chain mail
  a +2 great sword of electrocution
(15, -3, D:14)
  a +0 plate armour
(16, 18, D:14)
  a +0 dagger
(17, -3, D:14)
  a +0 arbalest
(19, -3, D:14)
  a +0 glaive
(19, 30, D:14)
  a +0 dagger
  a +0 robe
(21, -3, D:14)
  a +0 great mace
(22, 29, D:14)
  5 large rocks
(23, -3, D:14)
  a +0 broad axe
(25, -3, D:14)
  a +0 broad axe
(29, 29, D:14)
  a +1 hat
(31, 2, D:14)
  6 boomerangs
(45, 6, D:14)
  a staff of cold
(45, 11, D:14)
  a +4 bardiche of freezing
(45, 12, D:14)
  a +0 dagger
(55, -18, D:14)
  a +0 mace
(55, 31, D:14)
  a +0 ring mail
(59, 46, D:14)
  a +0 leather armour
(62, -4, D:14)
  3 large rocks
(62, 42, D:14)
  4 large rocks
(69, 13, D:14)
  12 stones
(71, 1, D:14)
  a +0 pair of boots

Level 15 of the Dungeon
[Shop] Fotokk's Elemental Accessories
  a tin of tremorstones (2/2) (520 gold)
  a wand of flame (7) (58 gold)
  a staff of air (325 gold)
  the Catalogue of Ice (624 gold)
    Spells                            Type                      Level
    Known
     a - Freeze                        Ice                           1
    no
     b - Hailstorm                     Conjuration/Ice               4
    yes
     c - Simulacrum                    Ice/Necromancy                6
    yes
     d - Polar Vortex                  Ice                           9
    no
(0, 0, D:15)
  a +2 long sword
  a +0 chain mail
(0, 1, D:15)
  a +0 club
(3, 1, D:15)
  19 bolts
(4, -4, D:15)
  a +0 shortbow
  35 arrows
(4, 1, D:15)
  a +0 short sword
(6, -10, D:15)
  the +10 quarterstaff of Analysis {elec, Str-5 Dex+5 SInv}
    It occasionally discharges a powerful burst of electricity upon striking a
    foe.

    Str:       It affects your strength (-5).
    Dex:       It affects your dexterity (+5).
    SInv:      It lets you see invisible.
(9, -4, D:15)
  a +0 ring mail
(10, -7, D:15)
  a +0 short sword
  a +0 chain mail
(10, -6, D:15)
  a +0 flail
  a +0 ring mail
(13, 10, D:15)
  26 arrows
(16, -13, D:15)
  a +0 short sword
(20, -1, D:15)
  3 large rocks
(27, -21, D:15)
  a +0 ring mail
  a +0 dagger
(27, -20, D:15)
  a +0 robe of cold resistance (still there?)
  a +0 dagger (still there?)
(30, -23, D:15)
  a +0 ring mail
  a +0 dagger
  a +0 ring mail
  a +0 rapier
(32, -20, D:15)
  a +0 robe
  a +0 dagger
(34, 2, D:15)
  a +0 barding
(36, 13, D:15)
  a +0 robe
  a +0 dagger
(36, 14, D:15)
  4 large rocks
(38, 16, D:15)
  a +0 glaive
(49, -15, D:15)
  a +0 short sword
  a +0 hand axe
  a +0 chain mail
  a +0 dagger
  a +0 robe
  a +0 great mace
  a +0 plate armour

the Ecumenical Temple

Level 1 of the Orcish Mines
[Shop] Gafotuk's Assorted Antiques
  a scroll of identify (60 gold)
  a +0 ring mail (120 gold)
  a +0 ring mail (120 gold)
  a scroll of fear (105 gold)
  a +0 ring mail (120 gold)
  a +2 vorpal trident (516 gold)
(1, 2, Orc:1)
  a +0 chain mail
  a +0 halberd
(2, 2, Orc:1)
  a +0 plate armour
  3 boomerangs
  a +0 scimitar
  a +0 club
  a +3 plate armour
  a +3 battleaxe
(2, 3, Orc:1)
  a +0 giant club
(2, 8, Orc:1)
  a +0 giant spiked club
(3, 3, Orc:1)
  a +0 whip
  a +0 short sword of venom
(4, 3, Orc:1)
  a +0 leather armour
  a +2 vorpal flail
(4, 7, Orc:1)
  a +0 plate armour
  a +0 buckler
(4, 16, Orc:1)
  a +0 long sword
(4, 26, Orc:1)
  a +0 robe
  a +0 dagger
(4, 27, Orc:1)
  a +0 robe
  a +0 dagger
  a +0 scale mail
  a +0 short sword
(4, 28, Orc:1)
  a +0 falchion
  a +0 plate armour
  a +0 scimitar
(5, 16, Orc:1)
  a +0 plate armour
  a +0 long sword
(5, 17, Orc:1)
  a +0 dagger
(5, 27, Orc:1)
  a +0 chain mail
  a +0 long sword
(5, 28, Orc:1)
  a +0 dagger
(6, 27, Orc:1)
  a +0 ring mail
  a +0 hand axe
(28, 18, Orc:1)
  a +0 giant club

Level 2 of the Orcish Mines
[Shop] Itixijom's General Store
  a Young Poisoner's Handbook (260 gold)
  25 arrows (65 gold)
  18 stones (23 gold)
  a scroll of identify (26 gold)
  a +0 long sword (45 gold)
[Shop] Yjucan Voicw's Antique Armour Shoppe
  a +0 scale mail (88 gold)
  quicksilver dragon scales (1320 gold)
  a +3 leather armour of fire resistance (528 gold)
  a +2 tower shield of fire resistance (473 gold)
  a +0 leather armour (44 gold)
  a +2 robe of the Archmagi (829 gold)
  +0 gold dragon scales (1760 gold)
  a +3 chain mail of poison resistance (517 gold)
  a +2 scale mail of cold resistance (462 gold)
[Shop] Ewanur's Jewellery Boutique
  an amulet of faith (440 gold)
  a ring of protection from cold (275 gold)
  an amulet of guardian spirit (330 gold)
  a +6 ring of strength (643 gold)
  the ring "Hoxzahaq" {rElec rPois rC- rN+ Will+++} (466 gold)
    [ring of positive energy]

    rC:        It makes you vulnerable to cold.
    rElec:     It insulates you from electricity.
    rPois:     It protects you from poison.
    rN:        It protects you from negative energy.
    Will:      It greatly increases your willpower.
  a ring of magical power (220 gold)
  a ring of wizardry (330 gold)
  a +6 ring of dexterity (643 gold)
(4, -6, Orc:2)
  a +0 great mace
  a +0 plate armour
(4, -5, Orc:2)
  a +0 war axe
  a +0 chain mail
(5, -5, Orc:2)
  a +0 short sword
  a +0 plate armour
  a +0 long sword
  a +0 plate armour
  a +0 troll leather armour
  a +0 war axe
  a +0 chain mail
(13, -18, Orc:2)
  a +0 robe
  a +0 dagger
(14, -18, Orc:2)
  a +0 plate armour
  a +0 war axe
(15, -17, Orc:2)
  a +0 plate armour
  a +0 battleaxe
(15, -16, Orc:2)
  a +0 robe
  a +0 dagger
(16, -17, Orc:2)
  a +0 scale mail
  a +0 club
(18, -14, Orc:2)
  a +0 plate armour
  a +0 war axe
(18, -13, Orc:2)
  a +0 plate armour
  a +0 glaive
(19, -13, Orc:2)
  a +0 plate armour
  a +0 war axe
  a +0 plate armour
  19 bolts
  a +0 glaive
  a +0 arbalest
(20, -12, Orc:2)
  a +0 chain mail
  a +0 great sword
(22, -9, Orc:2)
  a +0 plate armour
  a +2 vorpal long sword
(22, -8, Orc:2)
  a +0 plate armour
  a +0 dire flail
(22, -7, Orc:2)
  a +0 dagger
  a +0 plate armour
  a +0 battleaxe
(23, -9, Orc:2)
  a +0 ring mail
  a +2 vorpal mace
  a +0 robe
  a +0 dagger
(23, -8, Orc:2)
  the +2 buckler "Ebetes" {rElec Dex+4}
    Dex:       It affects your dexterity (+4).
    rElec:     It insulates you from electricity.
(23, -7, Orc:2)
  a +0 leather armour
  a +0 club
  a +0 plate armour
  a +3 war axe
(24, -9, Orc:2)
  a +0 plate armour
  a +0 hand axe
  a +0 robe
  a +0 dagger
(24, -8, Orc:2)
  a +0 club
  a +0 robe
  a +0 dagger
  a +0 plate armour
  a +0 short sword
  a +0 chain mail
  a +0 war axe
(24, -7, Orc:2)
  a +0 ring mail
  a +0 club
  a +0 war axe
(25, -9, Orc:2)
  a +0 robe
  a +0 dagger
  a +0 plate armour
  a +0 long sword
(25, -8, Orc:2)
  a +0 short sword
(26, -9, Orc:2)
  a +0 flail
  a +0 plate armour
  a +0 mace
  a +0 battleaxe
  a +0 plate armour
  a +0 scimitar
(26, -7, Orc:2)
  a +0 giant club
(27, -21, Orc:2)
  a +0 flail
(27, -20, Orc:2)
  a +0 robe
  a +0 dagger
(27, -19, Orc:2)
  a +0 plate armour
  a +0 broad axe
  a +0 flail
(28, -21, Orc:2)
  a +0 plate armour
  a +0 long sword
(28, -19, Orc:2)
  a +0 chain mail
  a +0 war axe
  a +0 mace
(29, -19, Orc:2)
  a +0 plate armour
  a +1 great mace of protection
(34, -24, Orc:2)
  a +0 short sword
(35, -24, Orc:2)
  a +0 plate armour
  a +0 scimitar
(35, -23, Orc:2)
  3 boomerangs
  a +0 falchion
(37, -27, Orc:2)
  a +0 dagger
(39, 7, Orc:2)
  a +0 troll leather armour
(41, -26, Orc:2)
  a +0 giant club
(42, -29, Orc:2)
  a +0 plate armour
  a +0 glaive
(43, -30, Orc:2)
  a +0 chain mail
  a +0 flail
(43, -29, Orc:2)
  a +0 robe
  a +0 dagger
(44, -28, Orc:2)
  a +0 leather armour
  a +0 club
(45, -30, Orc:2)
  a +0 chain mail
  a boomerang
  a +0 battleaxe
(47, -29, Orc:2)
  a +0 dagger
(48, -30, Orc:2)
  a +0 leather armour
  a +0 hand axe
(48, -29, Orc:2)
  a +0 leather armour
  a +2 war axe of freezing
(49, -29, Orc:2)
  a +0 club

Level 1 of the Elven Halls
[Shop] Naisyud's Antique Armour Emporium
  a +2 ring mail of fire resistance (546 gold)
  a +0 scale mail (104 gold)
  a +0 leather armour (52 gold)
  a +0 ring mail (104 gold)
  a +0 robe (18 gold)
  a +0 chain mail (117 gold)
  a +0 leather armour (52 gold)
  a +0 ring mail (104 gold)
[Shop] Cuezxan's Distillery
  a potion of attraction (36 gold)
  a potion of brilliance (48 gold)
(0, 0, Elf:1)
  a +0 short sword
  a +0 chain mail
(5, 10, Elf:1)
  a +0 rapier
(6, 13, Elf:1)
  21 stones
(7, 4, Elf:1)
  18 stones
(9, -5, Elf:1)
  a scroll of noise
(9, 1, Elf:1)
  a +0 dagger
  a +0 chain mail
(9, 3, Elf:1)
  a +2 short sword of freezing
(9, 4, Elf:1)
  a +0 robe
(10, -1, Elf:1)
  a +0 short sword of freezing
(10, 0, Elf:1)
  a +1 rapier of freezing
(10, 3, Elf:1)
  a +0 short sword
  a +0 leather armour
(11, 5, Elf:1)
  a +0 short sword
(12, -2, Elf:1)
  a +1 dagger of venom
  a +0 scale mail
(13, -10, Elf:1)
  17 stones
(13, 0, Elf:1)
  a +0 dagger
  a +0 ring mail
(14, 0, Elf:1)
  a +0 short sword of venom
(16, -30, Elf:1)
  a +0 buckler
  a +0 ring mail
  a +0 short sword
(16, -29, Elf:1)
  11 sling bullets
  16 arrows
  a +0 long sword
  a +0 shortbow
(16, -7, Elf:1)
  a +0 rapier
  a +0 leather armour
(16, -1, Elf:1)
  a +0 scale mail
(16, 3, Elf:1)
  a +0 rapier
  a +0 long sword
(17, -31, Elf:1)
  a +1 leather armour of fire resistance
  22 arrows
  a +0 short sword
  a +0 longbow
(17, -29, Elf:1)
  the +5 war axe of Okawaru's Hatred {flame, rN+}
    It burns those it strikes, dealing additional fire damage. Big, fiery blades
    are also staple armaments of hydra-hunters.

    rN:        It protects you from negative energy.
(17, -28, Elf:1)
  a +3 rapier of draining
(17, 4, Elf:1)
  a +1 short sword of flaming
(18, -23, Elf:1)
  a +0 long sword
(18, -1, Elf:1)
  a +0 scale mail
(26, -26, Elf:1)
  a +0 rapier
(28, -17, Elf:1)
  a +0 rapier
(29, 4, Elf:1)
  a +0 scimitar
  a +0 scale mail
(29, 6, Elf:1)
  a +0 long sword
(29, 8, Elf:1)
  a +0 short sword
  a +0 leather armour
(31, 5, Elf:1)
  a +0 long sword
(37, -32, Elf:1)
  a +1 flail of venom
(37, -6, Elf:1)
  a +0 short sword
  a +0 shortbow
  26 arrows
  a +0 leather armour
(38, -16, Elf:1)
  a +0 long sword
  a +0 buckler
(38, -15, Elf:1)
  a +2 scimitar of holy wrath
(41, -17, Elf:1)
  a +0 dagger
(41, -15, Elf:1)
  a +0 dagger
  a +0 shortbow
  16 arrows
  a +0 leather armour
(42, -17, Elf:1)
  a +0 short sword
  a +0 leather armour
  a +0 short sword
  a +0 longbow
  15 arrows
  a +0 leather armour
(42, -16, Elf:1)
  a +0 dagger
  a +0 shortbow
  10 arrows
  a +0 leather armour
(43, -16, Elf:1)
  a +0 dagger
  a +0 shortbow
  16 arrows
  a +0 leather armour
(43, -15, Elf:1)
  a +0 scimitar
  a +0 shortbow
  24 arrows
(43, 6, Elf:1)
  a +0 halberd
(47, -6, Elf:1)
  a +0 dagger
  a +0 leather armour
(47, -4, Elf:1)
  a +0 short sword
  a +0 shortbow
  17 arrows
  a +0 leather armour
(47, -3, Elf:1)
  a +0 dagger
  a +0 shortbow
  24 arrows
  a +0 leather armour
(47, 4, Elf:1)
  a +0 war axe of freezing
(48, -5, Elf:1)
  a +0 short sword
  a +0 chain mail
(51, -41, Elf:1)
  a +0 buckler
  a +0 scimitar
(52, -26, Elf:1)
  21 stones
(55, -13, Elf:1)
  a +0 broad axe
(57, -21, Elf:1)
  a +0 rapier
(60, -8, Elf:1)
  a +0 vorpal scimitar
(61, -32, Elf:1)
  24 stones
(62, -26, Elf:1)
  a +0 chain mail
(67, -50, Elf:1)
  a +0 dagger
(67, -48, Elf:1)
  a +0 ring mail
  a +0 long sword
(68, -49, Elf:1)
  a +0 ring mail
  a +0 dagger
(70, -49, Elf:1)
  a +0 rapier

Level 2 of the Elven Halls
(0, 0, Elf:2)
  a +0 long sword
(1, -35, Elf:2)
  a +0 short sword
(1, -23, Elf:2)
  a +0 bardiche
(2, 0, Elf:2)
  a +1 vorpal long sword
  a +0 leather armour
(3, -17, Elf:2)
  a +0 leather armour
  25 arrows
  a +0 dagger
  a +1 vorpal longbow
(3, -15, Elf:2)
  a +0 leather armour
  16 arrows
  a +0 short sword
  a +0 shortbow
(4, -34, Elf:2)
  a +0 long sword
(4, -33, Elf:2)
  a +0 bardiche
(4, -30, Elf:2)
  a +0 scimitar
(4, -17, Elf:2)
  a +0 buckler
  a +0 ring mail
  a +0 short sword
(4, -15, Elf:2)
  a +0 long sword
(4, -14, Elf:2)
  a +2 halberd of venom
(5, -40, Elf:2)
  a scarf of resistance
(5, -26, Elf:2)
  a +0 bardiche
(5, -25, Elf:2)
  a +0 war axe
(5, -16, Elf:2)
  a +0 leather armour
  a +0 vampiric long sword
  a +0 long sword
  a +2 buckler
  a +0 long sword
(5, -15, Elf:2)
  a +2 broad axe of freezing
(6, -28, Elf:2)
  a +0 bardiche
(6, -18, Elf:2)
  a +0 leather armour
  22 arrows
  a +0 short sword
  a +0 shortbow
(6, -17, Elf:2)
  a +0 leather armour
  a +0 short sword
(6, -16, Elf:2)
  a +0 long sword of freezing
(7, -29, Elf:2)
  a +0 battleaxe
(7, -28, Elf:2)
  a +0 morningstar
(7, -15, Elf:2)
  a +0 rapier
(8, -35, Elf:2)
  a +0 scimitar
(8, -12, Elf:2)
  18 stones
(9, -33, Elf:2)
  a +0 rapier
(10, -32, Elf:2)
  a +0 long sword
(10, -28, Elf:2)
  a +0 war axe
(10, -24, Elf:2)
  a +8 dagger
(11, -27, Elf:2)
  a +0 long sword
(11, 13, Elf:2)
  a +0 hand axe
(12, -33, Elf:2)
  a +0 falchion
(12, -30, Elf:2)
  a +0 rapier
  a +0 chain mail
  a +0 mace of protection
(12, -29, Elf:2)
  a +0 short sword
(13, -29, Elf:2)
  a +1 animal skin
(14, -30, Elf:2)
  a +0 long sword
  a +0 scale mail
  a +1 war axe of venom
(14, -9, Elf:2)
  a +0 rapier
(14, 11, Elf:2)
  a +1 dire flail of holy wrath
(15, -32, Elf:2)
  a +0 long sword
(15, -31, Elf:2)
  a +0 trident of protection
(15, -30, Elf:2)
  a +4 glaive of protection
(22, -43, Elf:2)
  a +1 vorpal battleaxe
(25, -42, Elf:2)
  a +3 mace of protection
(25, -2, Elf:2)
  12 arrows
(26, -27, Elf:2)
  a +1 dagger of venom
(28, -27, Elf:2)
  a +0 dagger
  a +0 scale mail
(28, -23, Elf:2)
  a +0 short sword
  a +0 leather armour
(28, -22, Elf:2)
  a +2 long sword of electrocution
(29, -7, Elf:2)
  a +0 rapier
(35, 8, Elf:2)
  a +0 short sword
  a +0 longbow
  25 arrows
  a +0 leather armour
(35, 9, Elf:2)
  a +0 short sword
  a +1 dagger of holy wrath
  a +0 shortbow
  7 arrows
  a +0 leather armour
(38, 9, Elf:2)
  a +0 dagger
(39, 9, Elf:2)
  a +0 long sword
  a +0 ring mail
(41, 13, Elf:2)
  a +0 ring mail
(42, 11, Elf:2)
  a +0 dagger
  a +0 longbow
  15 arrows
  a +0 leather armour
(45, -42, Elf:2)
  a +0 broad axe of venom
(45, -41, Elf:2)
  a +0 dire flail of draining
(48, -42, Elf:2)
  a +3 dire flail of venom
(49, -41, Elf:2)
  a +0 long sword
  a +0 chain mail
  a +0 buckler
  a +7 vampiric eveningstar
  a +0 shortbow
  21 arrows
  a +0 chain mail
  a +1 scimitar of holy wrath
(49, -39, Elf:2)
  a +5 battleaxe of freezing
(50, -14, Elf:2)
  a +0 long sword
(50, -13, Elf:2)
  a +0 long sword
(52, -5, Elf:2)
  a +4 short sword of flaming
(55, -30, Elf:2)
  a +1 long sword of holy wrath
(55, -27, Elf:2)
  a +4 hand axe of venom
(56, -27, Elf:2)
  a +0 scimitar
(56, -26, Elf:2)
  a +0 triple sword of electrocution
(56, 11, Elf:2)
  a +3 dire flail of holy wrath
(57, -28, Elf:2)
  a +0 dagger
  a +0 leather armour
(57, 12, Elf:2)
  a +0 dagger
  a +0 leather armour
(58, -20, Elf:2)
  a +0 long sword
  a +0 leather armour
(59, -20, Elf:2)
  a +3 dire flail of protection
(61, -10, Elf:2)
  a +0 short sword
(63, 8, Elf:2)
  a +0 long sword
  a +0 shortbow
  9 arrows
(66, -2, Elf:2)
  a +4 short sword of freezing

Level 3 of the Elven Halls
[Shop] Estrocla's Distillery
  a potion of curing (54 gold)
  a potion of flight (54 gold)
  a potion of curing (54 gold)
  2 potions of attraction (108 gold)
  a potion of degeneration (18 gold)
  a potion of degeneration (18 gold)
(0, 0, Elf:3)
  a +0 scale mail
(1, -8, Elf:3)
  a +0 dagger
(1, -6, Elf:3)
  a box of beasts
(2, -9, Elf:3)
  a staff of poison
(3, -24, Elf:3)
  a +0 leather armour
  a +2 dagger of venom
(3, -22, Elf:3)
  a +5 halberd of pain
(3, -6, Elf:3)
  a condenser vane
(4, -7, Elf:3)
  17 sling bullets
(4, -6, Elf:3)
  a ring of ice
  a ring of poison resistance
(5, -31, Elf:3)
  a +2 pair of gloves
  a scroll of amnesia
  2 potions of magic
  a +0 vorpal broad axe
  a ring of protection from fire
  a ring of ice
  a potion of brilliance
  an amulet of regeneration
(5, -6, Elf:3)
  the +5 morningstar "Erchyi" {freeze, rN++ Will- Str+9}
    It freezes those it strikes, dealing additional cold damage. It can also
    slow down cold-blooded creatures.

    Str:       It affects your strength (+9).
    rN:        It greatly protects you from negative energy.
    Will:      It decreases your willpower.
  a +0 robe
  12 stones
(5, -1, Elf:3)
  a +0 shortbow
  a +0 scimitar
  27 arrows
  a +0 ring mail
(6, -25, Elf:3)
  a +0 leather armour
  16 arrows
  a +2 dagger of venom
  a +0 shortbow
(6, -9, Elf:3)
  10 stones
(6, -7, Elf:3)
  a +1 vorpal longbow
  25 arrows
  a +0 leather armour
(7, -6, Elf:3)
  a staff of earth
(8, -27, Elf:3)
  a +1 vampiric short sword
(8, -25, Elf:3)
  a +0 leather armour
  20 arrows
  a +0 dagger
  a +0 shortbow
(8, -9, Elf:3)
  a book of Pain
(8, 0, Elf:3)
  24 stones
(9, -28, Elf:3)
  a +0 rapier
  a +0 scale mail
  a +0 long sword
(9, -26, Elf:3)
  a +0 leather armour
  a +0 long sword
  a +0 leather armour
  a +0 dagger
(9, -24, Elf:3)
  a +0 rapier
(9, 2, Elf:3)
  a +0 rapier
  a +0 chain mail
(10, -28, Elf:3)
  a +0 rapier
(10, -27, Elf:3)
  a +0 leather armour
  a +0 rapier
(10, -26, Elf:3)
  a +0 leather armour
  a +1 rapier of protection
(10, -21, Elf:3)
  a +0 dagger
  a +0 leather armour
  a +0 short sword
(10, -19, Elf:3)
  a +0 long sword
(10, -15, Elf:3)
  a +0 rapier
(11, -6, Elf:3)
  a +0 scale mail
  a +0 long sword
(11, -4, Elf:3)
  a +0 ring mail
  a +0 long sword
  a +0 chain mail
  a +0 long sword
(11, -2, Elf:3)
  a +0 short sword
  a +0 leather armour
  a +0 short sword
(11, -1, Elf:3)
  a +0 ring mail
  a +0 short sword
  a +0 scimitar
  a +0 chain mail
  a +0 dagger
(12, -14, Elf:3)
  a +6 ring of intelligence
(12, -2, Elf:3)
  a +0 rapier
  a +2 long sword of holy wrath
  a +0 leather armour
  a +0 long sword
(12, -1, Elf:3)
  a +0 scale mail
  a +0 rapier
  a +0 leather armour
  a +0 long sword
  a ring of positive energy
(13, 3, Elf:3)
  a +0 dagger
(15, -9, Elf:3)
  a staff of conjuration
(15, -8, Elf:3)
  a tin of tremorstones (2/2)
(15, -7, Elf:3)
  a book of Pain
(16, -17, Elf:3)
  a +6 glaive of freezing
(16, -8, Elf:3)
  a +0 rapier
(16, -7, Elf:3)
  the +9 mace of Vinkielu {venom, Int+4}
    It poisons the flesh of those it strikes.

    Int:       It affects your intelligence (+4).
(16, -6, Elf:3)
  a lightning rod (4/4)
(17, -9, Elf:3)
  a potion of brilliance
(18, -8, Elf:3)
  the +7 battleaxe of the Sage {drain, Int+8}
    A truly terrible weapon, it drains the life of any living foe it strikes.

    Int:       It affects your intelligence (+8).

    The Shining One disapproves of the use of such an item.
(19, -9, Elf:3)
  20 stones
(19, -7, Elf:3)
  a +0 long sword of protection
(20, -9, Elf:3)
  a +1 vorpal falchion
(20, -8, Elf:3)
  a +1 spectral quarterstaff
(20, -6, Elf:3)
  a +2 trident of freezing
(21, -36, Elf:3)
  a +0 falchion
(21, -9, Elf:3)
  a +0 dagger
(21, -7, Elf:3)
  a staff of cold
(21, -6, Elf:3)
  a +2 scale mail of cold resistance
(21, -5, Elf:3)
  a +3 vorpal war axe
  a +0 ring mail
  a +0 longbow
  15 arrows
  a +0 leather armour
  a +0 long sword
  a +0 scale mail
(22, -8, Elf:3)
  the +9 morningstar "Leviticus" {holy, rElec Will+}
    It has been blessed by the Shining One to cause great damage to the undead
    and demons.

    rElec:     It insulates you from electricity.
    Will:      It increases your willpower.
(22, -7, Elf:3)
  a +0 hand crossbow
(22, -6, Elf:3)
  a staff of air
(22, -4, Elf:3)
  a +0 long sword
  a +0 leather armour
  a +0 long sword
  a +0 chain mail
  a +0 buckler
  a +0 long sword
  a +0 rapier
  a +0 rapier
  a +0 leather armour
(23, -9, Elf:3)
  a lightning rod (4/4)
(23, -7, Elf:3)
  a +0 vampiric falchion
(23, -6, Elf:3)
  a +0 dagger
(26, -18, Elf:3)
  a +0 long sword
  a +0 short sword
(27, -19, Elf:3)
  a +0 leather armour
  a +0 long sword
(27, -8, Elf:3)
  a +0 long sword
(31, 4, Elf:3)
  18 stones
(33, -19, Elf:3)
  a +0 leather armour
  a +0 rapier
(41, -8, Elf:3)
  a +0 leather armour
  15 arrows
  a +0 short sword
  a +0 shortbow
(42, -11, Elf:3)
  a +0 leather armour
  a +4 long sword
(43, -8, Elf:3)
  a +0 long sword
  a +0 long sword
  a +0 long sword
(44, -8, Elf:3)
  a +0 scale mail
  a +0 long sword
(48, -12, Elf:3)
  a +0 morningstar
(50, -18, Elf:3)
  a +0 chain mail
  a +0 rapier
(52, -16, Elf:3)
  a +0 leather armour
  25 arrows
  a +0 dagger
  a +0 longbow
(52, -15, Elf:3)
  a +1 dire flail of protection
(53, -17, Elf:3)
  a +3 dagger
(54, -17, Elf:3)
  a +0 dagger
(54, -11, Elf:3)
  a +0 leather armour
  20 arrows
  a +0 dagger
  a +0 longbow
(55, -15, Elf:3)
  a +2 vorpal scimitar

Level 1 of the Lair of Beasts
(0, 0, Lair:1)
  a +0 pair of boots
(5, -9, Lair:1)
  a +0 pair of gloves
(17, -27, Lair:1)
  a +0 chain mail
(18, 4, Lair:1)
  22 stones
(32, -22, Lair:1)
  24 stones
(33, -24, Lair:1)
  16 stones
(42, 12, Lair:1)
  20 stones
(43, -4, Lair:1)
  a +0 whip
(44, -24, Lair:1)
  2 poisoned darts
(46, -1, Lair:1)
  3 javelins
(51, 11, Lair:1)
  7 gold pieces

Level 2 of the Lair of Beasts
(0, 0, Lair:2)
  a +0 leather armour
(8, -38, Lair:2)
  a scroll of immolation
(10, -28, Lair:2)
  a +0 plate armour
(19, -30, Lair:2)
  a +0 robe
(26, -26, Lair:2)
  a +0 ring mail
(30, -22, Lair:2)
  a +0 ring mail
(33, -31, Lair:2)
  2 atropa-tipped darts
(36, -12, Lair:2)
  a +0 dagger
(41, -30, Lair:2)
  10 stones
(42, -30, Lair:2)
  17 stones
(42, -29, Lair:2)
  25 stones
(45, -41, Lair:2)
  a +0 ring mail
(46, -32, Lair:2)
  15 stones
(49, -27, Lair:2)
  18 stones
(51, -12, Lair:2)
  a +0 mace
(58, -32, Lair:2)
  18 sling bullets

Level 3 of the Lair of Beasts
(0, 0, Lair:3)
  14 arrows
(4, -21, Lair:3)
  a +0 ring mail
(5, 19, Lair:3)
  a +2 troll leather armour {Snorg}
(8, 25, Lair:3)
  a scroll of torment
(12, -15, Lair:3)
  an orb of mayhem
(15, -17, Lair:3)
  a +0 dagger
(19, 30, Lair:3)
  an amulet of magic regeneration
(22, -3, Lair:3)
  15 stones
(45, 26, Lair:3)
  14 stones
(47, 22, Lair:3)
  a scroll of immolation
(58, -18, Lair:3)
  a +0 quarterstaff
(58, 25, Lair:3)
  Lifessu's Almanac of Stolen Souls
    Spells                            Type                      Level
    Known
     a - Simulacrum                    Ice/Necromancy                6
    yes
     b - Haunt                         Necromancy/Summoning          7
    yes

Level 4 of the Lair of Beasts
(0, 0, Lair:4)
  16 stones
(9, 3, Lair:4)
  a +0 hunting sling
(13, -28, Lair:4)
  a scroll of noise
(22, 22, Lair:4)
  a +0 short sword
(23, 1, Lair:4)
  4 silver javelins
(23, 2, Lair:4)
  a potion of invisibility
(23, 4, Lair:4)
  a potion of haste
(23, 5, Lair:4)
  a scroll of teleportation
(24, 2, Lair:4)
  a potion of mutation
(25, 6, Lair:4)
  30 stones
(26, -15, Lair:4)
  a +0 hand axe
(29, -10, Lair:4)
  a +0 falchion
(30, 22, Lair:4)
  16 stones
(33, -21, Lair:4)
  a scroll of noise
(33, 21, Lair:4)
  a +0 club
(46, -21, Lair:4)
  2 poisoned darts
(55, 26, Lair:4)
  4 poisoned darts

Level 5 of the Lair of Beasts
(0, 0, Lair:5)
  a +2 war axe of venom
(3, -9, Lair:5)
  a tin of tremorstones (2/2)
(23, 28, Lair:5)
  a +0 ring mail
(33, 14, Lair:5)
  a +1 ring mail of poison resistance
  6 javelins
  a +6 long sword of protection
(40, 13, Lair:5)
  11 stones
(41, 21, Lair:5)
  a +0 robe

Level 6 of the Lair of Beasts
(0, 0, Lair:6)
  a +0 hand crossbow
(2, -40, Lair:6)
  6 javelins
(2, 17, Lair:6)
  a piece from Xom's chessboard (15/15)
(3, 17, Lair:6)
  a tin of tremorstones (2/2)
(4, -41, Lair:6)
  +0 ice dragon scales
(4, 18, Lair:6)
  a +0 flail
(41, -37, Lair:6)
  6 boomerangs
(50, 4, Lair:6)
  4 javelins
(52, 17, Lair:6)
  a +0 scale mail
(56, -33, Lair:6)
  a staff of air
(62, -30, Lair:6)
  7 stones
(64, 2, Lair:6)
  a piece from Xom's chessboard (15/15)
(64, 15, Lair:6)
  a +0 quarterstaff

Level 1 of the Swamp
(0, 0, Swamp:1)
  a +0 hand crossbow
(1, -22, Swamp:1)
  a +0 dagger
(4, -28, Swamp:1)
  a +0 morningstar
(26, -13, Swamp:1)
  28 stones
(31, -36, Swamp:1)
  5 sling bullets
(34, -38, Swamp:1)
  a +0 scale mail
(43, -12, Swamp:1)
  30 stones

Level 2 of the Swamp
(0, 0, Swamp:2)
  19 stones
(0, 1, Swamp:2)
  18 sling bullets
(2, 13, Swamp:2)
  a scroll of vulnerability
(11, -5, Swamp:2)
  a +0 trident
(12, -19, Swamp:2)
  a scroll of vulnerability
(15, 5, Swamp:2)
  the +7 hand axe of Bedu {spect, Int+4}
    When its wielder attacks, the weapon's spirit leaps out and strikes again.
    The spirit shares a part of any damage it takes with its wielder.

    Int:       It affects your intelligence (+4).
(16, -32, Swamp:2)
  a +0 robe
(23, -12, Swamp:2)
  a +6 ring of dexterity
(24, -25, Swamp:2)
  19 stones
(25, -29, Swamp:2)
  21 bolts
(29, -23, Swamp:2)
  a +0 robe

Level 3 of the Swamp
(0, 0, Swamp:3)
  a +0 cloak
(4, 4, Swamp:3)
  24 bolts
(5, 33, Swamp:3)
  a +0 ring mail
(6, 12, Swamp:3)
  a +0 spear
(7, 13, Swamp:3)
  a +0 war axe of pain
  a +0 animal skin
(8, 11, Swamp:3)
  a +0 spear
(9, 26, Swamp:3)
  31 arrows
(15, 4, Swamp:3)
  10 arrows
(21, 7, Swamp:3)
  16 stones
(21, 11, Swamp:3)
  a +4 battleaxe of freezing
(24, 2, Swamp:3)
  a +0 cloak
(25, 13, Swamp:3)
  24 bolts
(33, 11, Swamp:3)
  a +0 dagger
(39, 27, Swamp:3)
  a +0 robe
  a +0 quarterstaff
(51, 32, Swamp:3)
  2 scrolls of torment

Level 4 of the Swamp
(0, 0, Swamp:4)
  a +0 spear
(1, 0, Swamp:4)
  a +0 spear
  a +0 buckler
(2, 0, Swamp:4)
  a +0 spear
  2 curare-tipped darts
(2, 1, Swamp:4)
  a +0 quarterstaff
  a +0 robe
(5, -16, Swamp:4)
  a +0 scale mail
(6, -16, Swamp:4)
  a +0 robe
(19, -13, Swamp:4)
  a +0 dagger
(21, 18, Swamp:4)
  12 stones
(23, -9, Swamp:4)
  the ring of Dosoxir {rN+ rCorr}
    [ring of resist corrosion]

    rN:        It protects you from negative energy.
    rCorr:     It protects you from acid and corrosion.
  the ring of Ciefriec {EV+4 Dex+3}
    [ring of evasion]

    EV:        It affects your evasion (+4).
    Dex:       It affects your dexterity (+3).
  the +1 kite shield of Diogidu {Rampage rC+ Dex+4 Stlth+}
    Dex:       It affects your dexterity (+4).
    rC:        It protects you from cold.
    Rampage:   It bestows one free step when moving towards enemies.
    Stlth:     It makes you more stealthy.
  the ring "Tuacyec" {rElec EV+4 Str+2}
    [ring of evasion]

    EV:        It affects your evasion (+4).
    Str:       It affects your strength (+2).
    rElec:     It insulates you from electricity.
(27, -14, Swamp:4)
  a ring of fire
(28, -10, Swamp:4)
  a +1 war axe of freezing
(34, -19, Swamp:4)
  11 arrows
(45, -15, Swamp:4)
  13 stones
(46, -15, Swamp:4)
  a +0 ring mail
(48, -23, Swamp:4)
  18 stones

Level 1 of the Spider Nest
(0, 0, Spider:1)
  a +0 great mace
(10, -25, Spider:1)
  5 gold pieces
(10, -24, Spider:1)
  a +0 robe
(11, -24, Spider:1)
  a +0 falchion
(11, -23, Spider:1)
  a scroll of identify
(11, -22, Spider:1)
  a +0 helmet
(12, -24, Spider:1)
  19 gold pieces
(13, 7, Spider:1)
  a +0 ring mail
(20, -12, Spider:1)
  a +0 robe
  a +0 vampiric lajatang
(28, -16, Spider:1)
  a +0 robe
(31, -13, Spider:1)
  a staff of poison
(35, -32, Spider:1)
  13 arrows

Level 2 of the Spider Nest
(0, 0, Spider:2)
  an amulet of reflection
(9, -16, Spider:2)
  a +0 dire flail
(9, 17, Spider:2)
  a scroll of noise
(11, -18, Spider:2)
  25 bolts
(14, -14, Spider:2)
  a potion of degeneration
(16, -25, Spider:2)
  a +0 war axe
(16, -6, Spider:2)
  a +0 plate armour
(20, -20, Spider:2)
  a +1 plate armour of positive energy
(23, 21, Spider:2)
  18 arrows
  a +0 great mace
(25, 1, Spider:2)
  12 stones
(27, 27, Spider:2)
  a +0 chain mail
(29, -11, Spider:2)
  a +0 quarterstaff
(29, -2, Spider:2)
  21 arrows
(34, -11, Spider:2)
  a +0 scale mail
(34, 17, Spider:2)
  25 arrows
(35, -9, Spider:2)
  a +0 ring mail
(41, -19, Spider:2)
  a +0 scimitar
(43, -25, Spider:2)
  4 poisoned darts

Level 3 of the Spider Nest
(0, 0, Spider:3)
  10 stones
(4, -33, Spider:3)
  a +0 robe
(7, -22, Spider:3)
  25 bolts
(9, -23, Spider:3)
  a +0 leather armour
  a +0 war axe
(10, -24, Spider:3)
  a +3 ring mail of poison resistance
  a +0 ring mail
  a +0 war axe
(10, -20, Spider:3)
  2 javelins
(19, -34, Spider:3)
  a +0 buckler
  a +0 robe
  a +0 war axe
(19, -15, Spider:3)
  21 sling bullets
(23, -33, Spider:3)
  a +0 leather armour
(26, -1, Spider:3)
  a +0 ring mail
(27, -40, Spider:3)
  a +0 robe
(31, -2, Spider:3)
  21 stones
(38, -2, Spider:3)
  a +1 pair of gloves
  a +0 cloak
  a +3 rapier of electrocution
(42, -3, Spider:3)
  a +0 robe
  a +0 hand axe
(44, -4, Spider:3)
  a +0 leather armour
  a +0 hand axe
  a +0 leather armour
  a +0 hand axe
(58, -9, Spider:3)
  a +0 robe

Level 4 of the Spider Nest
(0, 0, Spider:4)
  the +4 war axe of Skirmishing {drain, rPois rN++}
    A truly terrible weapon, it drains the life of any living foe it strikes.

    rPois:     It protects you from poison.
    rN:        It greatly protects you from negative energy.

    The Shining One disapproves of the use of such an item.
(2, -20, Spider:4)
  a +0 leather armour
(5, -28, Spider:4)
  17 arrows
(7, 4, Spider:4)
  an orb of energy
(9, 1, Spider:4)
  a +0 pair of boots
(10, 2, Spider:4)
  a +1 cloak of stealth
(11, 2, Spider:4)
  a +1 vampiric executioner's axe
  2 scrolls of amnesia
  11 potions of magic
  a potion of brilliance
  9 scrolls of vulnerability
(14, 3, Spider:4)
  16 bolts
(14, 7, Spider:4)
  3 poisoned darts
(18, -9, Spider:4)
  a +0 long sword
(31, 0, Spider:4)
  a staff of poison
(33, -16, Spider:4)
  a +1 vorpal scimitar
(33, 0, Spider:4)
  2 boomerangs
(35, -1, Spider:4)
  30 stones
(41, -29, Spider:4)
  16 bolts
(41, -26, Spider:4)
  a +0 buckler
(48, -28, Spider:4)
  18 stones

Level 1 of the Pits of Slime

Level 5 of the Pits of Slime
(0, 0, Slime:5)
  a scroll of amnesia
(0, 7, Slime:5)
  a potion of degeneration
(0, 8, Slime:5)
  a +0 war axe
(1, -2, Slime:5)
  a scroll of torment
(1, -1, Slime:5)
  a condenser vane
(1, 0, Slime:5)
  a potion of degeneration
(1, 6, Slime:5)
  23 stones
(1, 8, Slime:5)
  a +4 ring of protection
(1, 9, Slime:5)
  21 stones
(2, -3, Slime:5)
  a +0 chain mail
(2, -2, Slime:5)
  a box of beasts
(2, -1, Slime:5)
  a +0 halberd of distortion
(2, 0, Slime:5)
  a Trismegistus Codex
(2, 6, Slime:5)
  19 stones
(2, 7, Slime:5)
  the brooch of Shielding {Spirit SH+8}
    [amulet of guardian spirit]

    It causes incoming damage to be divided between your reserves of health and
    magic.
    SH:        It affects your SH (+8).
(2, 9, Slime:5)
  a +2 short sword of venom
(2, 10, Slime:5)
  20 arrows
(3, -4, Slime:5)
  the ring of Lamunwor {rPois rC+ Dex+4}
    [ring of poison resistance]

    Dex:       It affects your dexterity (+4).
    rC:        It protects you from cold.
    rPois:     It protects you from poison.
(3, -3, Slime:5)
  a +4 spear
(3, -2, Slime:5)
  a +0 club
(3, -1, Slime:5)
  a lightning rod (4/4)
(3, 0, Slime:5)
  23 stones
(3, 8, Slime:5)
  a book of Maledictions
(3, 9, Slime:5)
  a +1 vampiric hand axe
(4, -1, Slime:5)
  a +0 hunting sling
(4, 1, Slime:5)
  a book of Unlife
(4, 6, Slime:5)
  a staff of death
(4, 8, Slime:5)
  25 stones
(9, -1, Slime:5)
  a +2 short sword of holy wrath
(9, 1, Slime:5)
  a +0 plate armour of cold resistance
(9, 6, Slime:5)
  the Almanac of the Feathery Mountains
    Spells                            Type                      Level
    Known
     a - Sandblast                     Earth                         1
    yes
     b - Corpse Rot                    Necromancy/Air                2
    yes
     c - Leda's Liquefaction           Hexes/Earth                   4
    yes
     d - Borgnjor's Vile Clutch        Necromancy/Earth              5
    yes
(9, 8, Slime:5)
  16 stones
(9, 10, Slime:5)
  a +0 scale mail
(10, -3, Slime:5)
  17 sling bullets
(10, -2, Slime:5)
  a +0 vorpal scimitar
(10, -1, Slime:5)
  the +0 robe "Ximisa" {Str+4}
    Str:       It affects your strength (+4).
(10, 8, Slime:5)
  the Disquisition on the Rocks and Calling
    Spells                            Type                      Level
    Known
     a - Leda's Liquefaction           Hexes/Earth                   4
    yes
     b - Animate Armour                Summoning/Earth               4
    yes
     c - Lehudib's Crystal Spear       Conjuration/Earth             8
    yes
(10, 10, Slime:5)
  a +0 ring mail
(10, 11, Slime:5)
  a scroll of vulnerability
(11, -2, Slime:5)
  a lightning rod (4/4)
(11, -1, Slime:5)
  a +1 war axe of flaming
(11, 6, Slime:5)
  21 sling bullets
(11, 7, Slime:5)
  a staff of cold
(11, 8, Slime:5)
  a book of Misfortune
(11, 9, Slime:5)
  the +1 robe of Wetsai {Harm rC+ Will+}
    rC:        It protects you from cold.
    Harm:      It increases damage dealt and taken.
    Will:      It increases your willpower.
(11, 10, Slime:5)
  the +4 battleaxe of Acwat {speed, rElec Dex+4}
    Attacks with this weapon are significantly faster.

    Dex:       It affects your dexterity (+4).
    rElec:     It insulates you from electricity.
(12, -2, Slime:5)
  a +0 dagger
(12, -1, Slime:5)
  a piece from Xom's chessboard (15/15)
(12, 0, Slime:5)
  a box of beasts
(12, 1, Slime:5)
  14 arrows
(12, 8, Slime:5)
  a book of Dreams
(13, -1, Slime:5)
  31 stones
(13, 0, Slime:5)
  a +6 ring of strength
(13, 8, Slime:5)
  a +0 club

Level 1 of the Vaults
[Shop] Tuxtom's Distillery
  a potion of attraction (48 gold)
  a potion of lignification (48 gold)
  a potion of lignification (48 gold)
  a potion of curing (48 gold)
  a potion of brilliance (64 gold)
(0, 0, Vaults:1)
  the +11 quarterstaff "Fakeis" {holy, Fly rF+ rCorr Dex+2}
    It has been blessed by the Shining One to cause great damage to the undead
    and demons.

    Dex:       It affects your dexterity (+2).
    rF:        It protects you from fire.
    Fly:       It grants you flight.
    rCorr:     It protects you from acid and corrosion.
  a +0 chain mail
(1, -3, Vaults:1)
  a +0 hand axe
(2, -5, Vaults:1)
  a +0 scale mail
(3, 26, Vaults:1)
  a +1 battleaxe
  a +0 plate armour
(3, 28, Vaults:1)
  a +0 dagger
  a +0 leather armour
  a +0 battleaxe
  a +0 chain mail
  a +1 vorpal great mace
  a +0 plate armour
  a +1 vorpal dire flail
  a +0 plate armour
  a +0 hand axe
  a +0 leather armour
  a +0 war axe
  a +10 plate armour of ponderousness
(3, 29, Vaults:1)
  a +0 halberd
  a +0 plate armour
(4, -8, Vaults:1)
  a +0 hand axe
(4, 26, Vaults:1)
  a +0 battleaxe
  a +0 plate armour
  a +0 short sword
(4, 28, Vaults:1)
  a +0 hand axe
  a +0 chain mail
  a +0 flail
  a +0 ring mail
  a +2 antimagic war axe
  a +0 plate armour of fire resistance
  a +0 scimitar
  a +0 chain mail
  a +0 hand axe
  a +2 great mace of protection
  a +0 plate armour
  a +0 troll leather armour
  a +0 short sword
  a +0 leather armour
  a +3 great mace of protection
  a +0 plate armour
(4, 29, Vaults:1)
  a +0 falchion
(5, 17, Vaults:1)
  a +2 dagger of venom
  a +0 chain mail
(5, 29, Vaults:1)
  a +0 trident
  a +0 plate armour
(7, 22, Vaults:1)
  a +0 trident
  a +0 leather armour
(8, 10, Vaults:1)
  a +2 robe of fire resistance
(13, 20, Vaults:1)
  a +0 dagger
(15, 18, Vaults:1)
  a +0 short sword
  a +0 flail
  a +0 ring mail
  a +5 double sword of electrocution
  a +2 chain mail of fire resistance
  a +0 kite shield of reflection
  a +0 glaive
  a +0 chain mail
(15, 19, Vaults:1)
  a +0 shortbow
  19 arrows
  a +0 mace
  a +3 ring mail
  a +0 arbalest
  15 bolts
(15, 20, Vaults:1)
  a +0 war axe
  a +0 arbalest
  a +0 ring mail
  a +0 arbalest
  32 bolts
  a +0 longbow
  16 arrows
(16, 1, Vaults:1)
  a +0 scale mail
(16, 19, Vaults:1)
  a +0 dire flail
  a +2 ring mail of fire resistance
(16, 20, Vaults:1)
  a +0 glaive
  a +0 plate armour
(22, 32, Vaults:1)
  a tin of tremorstones (2/2)
(26, 17, Vaults:1)
  a +0 troll leather armour
(26, 19, Vaults:1)
  a +0 flail
  a +0 ring mail
(27, 16, Vaults:1)
  a +0 pair of boots of rampaging
(29, 3, Vaults:1)
  a +0 pair of gloves
(29, 12, Vaults:1)
  a +0 great sword
  a +0 chain mail
  a +0 shortbow
  20 arrows
(29, 13, Vaults:1)
  a +0 great sword of holy wrath
  a +2 chain mail of cold resistance
(29, 14, Vaults:1)
  a +1 war axe of freezing
  a +0 arbalest
  14 bolts
  a +0 plate armour
(29, 31, Vaults:1)
  a +0 great mace
  a +0 ring mail
(30, 20, Vaults:1)
  a +0 shortbow
  15 arrows
(31, 20, Vaults:1)
  a +0 longbow
  21 arrows
(40, 36, Vaults:1)
  26 stones
(41, 2, Vaults:1)
  a +0 morningstar of protection
  a +0 ring mail
(41, 4, Vaults:1)
  a +0 troll leather armour
(42, 2, Vaults:1)
  a +0 troll leather armour
(46, 38, Vaults:1)
  a +0 plate armour
(46, 39, Vaults:1)
  a +0 scale mail
  a +0 dire flail
(46, 40, Vaults:1)
  a +0 plate armour
  a +0 war axe
(51, -2, Vaults:1)
  a +0 troll leather armour
(51, -1, Vaults:1)
  a +0 troll leather armour
(51, 42, Vaults:1)
  a +0 scale mail
  a +0 war axe
(52, -2, Vaults:1)
  a +0 flail
  a +0 ring mail
(52, 35, Vaults:1)
  a +0 scale mail
(54, 16, Vaults:1)
  the +6 war axe "Kimyaxof" {drain, *Noise rElec MP+9 Str-5}
    A truly terrible weapon, it drains the life of any living foe it strikes.

    Str:       It affects your strength (-5).
    rElec:     It insulates you from electricity.
    MP:        It affects your magic capacity (+9).
    *Noise:    It may make noises in combat.

    The Shining One disapproves of the use of such an item.
(55, -10, Vaults:1)
  a +2 long sword
  a +0 scale mail
  a +2 buckler of positive energy
(56, 45, Vaults:1)
  26 arrows
  a +0 longbow
(58, -7, Vaults:1)
  a +0 arbalest
  22 bolts
  a +1 vampiric war axe
  a +0 ring mail
(59, -7, Vaults:1)
  a +0 dagger
  a +0 robe
  a +0 battleaxe
  a +1 plate armour of poison resistance
(59, 45, Vaults:1)
  a +0 scale mail
  a +0 morningstar
(60, 11, Vaults:1)
  a +0 arbalest
  25 bolts
(62, 13, Vaults:1)
  a +1 dire flail of draining
  a +0 animal skin
(64, 31, Vaults:1)
  a +0 quarterstaff
(67, 27, Vaults:1)
  a +0 ring mail

Level 2 of the Vaults
[Shop] Emoczuf's Antique Armour Shoppe
  a +0 ring mail (180 gold)
  a +2 ring mail of fire resistance (945 gold)
  a +1 helmet (517 gold)
  +2 ice dragon scales (3240 gold)
  a +3 scale mail of cold resistance (1170 gold)
  a +0 robe (31 gold)
  a +3 chain mail of positive energy (1057 gold)
  a +0 robe (31 gold)
  the +1 pair of boots of the Kangaroo {*Corrode +Blink Str+5} (1278 gold)
    Str:       It affects your strength (+5).
    +Blink:    It lets you blink.
    *Corrode:  It may corrode you when you take damage.
  a +1 robe of positive energy (436 gold)
(0, 0, Vaults:2)
  a +0 arbalest
  18 bolts
(1, 0, Vaults:2)
  a +4 vorpal dire flail
  a +0 chain mail
  a +0 flail
  a +0 ring mail
(1, 2, Vaults:2)
  a +0 troll leather armour
(2, 1, Vaults:2)
  a +0 mace
  a +0 scale mail
(2, 2, Vaults:2)
  a +0 scale mail
(5, -17, Vaults:2)
  a +0 arbalest
  28 bolts
(13, -21, Vaults:2)
  a +0 arbalest
  21 bolts
(17, 22, Vaults:2)
  a +0 dagger
  a +0 robe
(21, 31, Vaults:2)
  a +4 morningstar (still there?)
  a +0 ring mail (still there?)
(22, 30, Vaults:2)
  a +1 kite shield of poison resistance
(26, -23, Vaults:2)
  19 bolts
(28, -15, Vaults:2)
  a +0 plate armour
  a +0 great sword
(30, -22, Vaults:2)
  a +0 ring mail
  12 bolts
  a +0 long sword
  a +0 arbalest
(30, -21, Vaults:2)
  a +0 scale mail
  a +0 mace
  a +1 scale mail of cold resistance
  a +2 vorpal flail
(30, -20, Vaults:2)
  a +0 scale mail
  a +0 great mace
  a +0 ring mail
  a +0 morningstar
(31, -22, Vaults:2)
  a +0 plate armour
  a +0 battleaxe
(31, -20, Vaults:2)
  a +0 plate armour
  a +4 great mace
(32, -19, Vaults:2)
  a +6 vorpal war axe
(35, 20, Vaults:2)
  23 gold pieces
(35, 21, Vaults:2)
  14 arrows
(36, 20, Vaults:2)
  a scroll of noise
(36, 21, Vaults:2)
  17 stones
(37, -15, Vaults:2)
  a +0 chain mail
  a +0 great sword
(39, -24, Vaults:2)
  a potion of degeneration
(39, -18, Vaults:2)
  22 stones
(41, -12, Vaults:2)
  a +6 ring of intelligence
(41, 35, Vaults:2)
  a +0 scale mail
(47, 8, Vaults:2)
  a +0 long sword
(47, 22, Vaults:2)
  a phantom mirror
(50, -19, Vaults:2)
  a +0 ring mail
(51, -7, Vaults:2)
  28 stones
(51, -1, Vaults:2)
  17 stones
(51, 31, Vaults:2)
  a +0 dagger
  a +0 robe
(53, 14, Vaults:2)
  a +0 dire flail
  a +0 dire flail
(54, 28, Vaults:2)
  a +0 vorpal arbalest
  19 bolts
(56, 27, Vaults:2)
  a +0 dire flail
  a +0 ring mail
(57, 25, Vaults:2)
  a +0 dire flail
  a +0 dire flail
(57, 27, Vaults:2)
  a +0 great mace
  a +0 leather armour
(58, -6, Vaults:2)
  a +0 ring mail
(58, 12, Vaults:2)
  a +0 troll leather armour
(59, 12, Vaults:2)
  a +0 flail
  a +0 leather armour

Level 3 of the Vaults
(0, 0, Vaults:3)
  a +0 arbalest
  16 bolts
(0, 1, Vaults:3)
  a +0 arbalest
  19 bolts
(2, 0, Vaults:3)
  a +0 arbalest
  19 bolts
(10, 17, Vaults:3)
  a +1 battleaxe
  a +0 plate armour
  a +1 great mace
  a +0 plate armour
(11, 17, Vaults:3)
  a +0 ring mail
  a +2 dagger of speed
  a +0 robe
  a +3 vorpal great sword
  a +0 plate armour
(13, 15, Vaults:3)
  a +0 ring mail
(14, 15, Vaults:3)
  a +0 ring mail
(15, -11, Vaults:3)
  a +0 dagger
  a +0 robe
(15, 15, Vaults:3)
  a +0 battleaxe
  a +0 plate armour
  a +1 long sword of electrocution
  a +0 arbalest
  12 bolts
  a +0 ring mail
(15, 16, Vaults:3)
  a +2 great sword
  a +0 plate armour
(16, 35, Vaults:3)
  a +0 plate armour
(18, 8, Vaults:3)
  a +0 ring mail
(19, 36, Vaults:3)
  a +0 mace
  a +0 leather armour
(21, -1, Vaults:3)
  a +0 war axe
  a +0 ring mail
(22, 27, Vaults:3)
  14 arrows
(24, 4, Vaults:3)
  14 arrows
(27, 14, Vaults:3)
  a +0 dire flail
  a +0 leather armour
(27, 18, Vaults:3)
  a +0 troll leather armour
(28, 23, Vaults:3)
  a +0 troll leather armour
(29, 4, Vaults:3)
  a +2 dire flail of draining
  a +0 animal skin
(29, 5, Vaults:3)
  a +0 vorpal war axe
(29, 6, Vaults:3)
  a +0 war axe
  a +0 ring mail
(29, 23, Vaults:3)
  a +1 mace of venom
  a +0 ring mail
(30, 6, Vaults:3)
  a +2 battleaxe of freezing
  a +0 war axe
  a +0 chain mail
  a +0 tower shield
  a +0 dire flail
  a +2 arbalest of flaming
  23 bolts
  a +0 plate armour
(31, 29, Vaults:3)
  21 stones
(31, 37, Vaults:3)
  a +0 dagger
  a +0 robe
(32, 29, Vaults:3)
  a +0 long sword
(32, 32, Vaults:3)
  a +0 bardiche
  a +0 chain mail
(41, 34, Vaults:3)
  a +0 great mace
  a +0 scale mail
(43, 8, Vaults:3)
  a +0 arbalest
  24 bolts
(43, 9, Vaults:3)
  a +0 arbalest
  15 bolts
(44, 7, Vaults:3)
  a +0 arbalest
  27 bolts
(44, 8, Vaults:3)
  a +0 arbalest
  25 bolts
(52, 34, Vaults:3)
  a +0 arbalest
  34 bolts
(56, -17, Vaults:3)
  a +0 long sword
(57, 29, Vaults:3)
  a +3 vorpal great mace
  a +0 plate armour
(57, 30, Vaults:3)
  a +0 arbalest
  26 bolts
(58, 28, Vaults:3)
  a +0 arbalest
  27 bolts
(58, 30, Vaults:3)
  a +0 arbalest
  22 bolts
(58, 41, Vaults:3)
  a +0 leather armour
(59, -16, Vaults:3)
  a +0 ring mail
(59, -14, Vaults:3)
  a +0 arbalest
  12 bolts
  a +2 morningstar of protection
  a +0 ring mail
(59, 28, Vaults:3)
  a +0 arbalest
  25 bolts
(59, 29, Vaults:3)
  a +0 arbalest
  20 bolts
(60, -13, Vaults:3)
  a +0 short sword
(62, -13, Vaults:3)
  18 stones
(62, 37, Vaults:3)
  a +6 ring of intelligence
(65, -16, Vaults:3)
  a +0 ring mail
(68, 20, Vaults:3)
  a +0 dagger
  a +0 robe
(69, 37, Vaults:3)
  18 bolts
  a +0 troll leather armour
  a +0 ring mail
  a +0 morningstar
  a +0 ring mail
  a +0 war axe
(69, 40, Vaults:3)
  a +2 battleaxe of electrocution
(70, 38, Vaults:3)
  a +0 robe
  a +0 dagger
(71, 18, Vaults:3)
  a +0 plate armour

Level 4 of the Vaults
(0, 0, Vaults:4)
  a +0 morningstar
(3, -19, Vaults:4)
  a phial of floods
(9, -10, Vaults:4)
  a +1 morningstar of holy wrath
  a +0 arbalest
  16 bolts
  a +0 ring mail
(9, -7, Vaults:4)
  a +0 ring mail
(9, -2, Vaults:4)
  a +1 long sword of electrocution
  a +0 arbalest
  17 bolts
  a +0 ring mail
(13, -33, Vaults:4)
  a +0 scale mail
  a +0 morningstar
(14, -34, Vaults:4)
  a scroll of torment
  a +0 ring mail
  a +0 long sword
(14, -3, Vaults:4)
  a +0 great mace
  a +0 scale mail
(15, -54, Vaults:4)
  a +0 dire flail
  a +0 scale mail
(15, -31, Vaults:4)
  17 arrows
(15, -3, Vaults:4)
  a +0 flail
(15, -2, Vaults:4)
  a +0 flail
  a +0 scale mail
  a +0 ring mail
(16, -29, Vaults:4)
  a +2 tower shield of cold resistance
(19, -28, Vaults:4)
  a +0 plate armour
  a +0 great sword
  34 bolts
  a +0 arbalest
  a +3 arbalest of freezing
(19, -27, Vaults:4)
  a +0 ring mail
  a +0 mace
  a +0 plate armour
  a +1 great sword
  a +0 scale mail
  a +0 morningstar
(19, -26, Vaults:4)
  a +0 troll leather armour
  a +0 ring mail
  a +0 morningstar
  a +0 plate armour
  a +0 battleaxe
(19, -25, Vaults:4)
  a +0 ring mail of fire resistance
  a +0 dire flail
(20, -28, Vaults:4)
  a +0 ring mail
  a +0 mace
(27, -24, Vaults:4)
  a +0 chain mail of willpower
(29, -21, Vaults:4)
  a +0 long sword
  a +0 scale mail
(31, -20, Vaults:4)
  a +0 dagger
  a +0 robe
(32, -44, Vaults:4)
  15 stones
(33, -61, Vaults:4)
  the +4 scale mail of Beogh's Generosity {+Inv rCorr}
    +Inv:      It lets you turn invisible.
    rCorr:     It protects you from acid and corrosion.
(33, -37, Vaults:4)
  a +0 robe
(39, -28, Vaults:4)
  a +0 troll leather armour
(39, -27, Vaults:4)
  a +0 mace
  a +0 ring mail
(40, -53, Vaults:4)
  17 stones
(40, -17, Vaults:4)
  a +0 morningstar
  a +0 scale mail
  a scroll of amnesia
(43, -54, Vaults:4)
  a +2 morningstar of draining
(46, -47, Vaults:4)
  a +1 glaive of freezing
  a +0 plate armour
(47, -46, Vaults:4)
  a +2 vorpal battleaxe
  a +0 plate armour
  a +3 long sword of electrocution
  a +0 arbalest
  20 bolts
  a +0 chain mail
(48, -46, Vaults:4)
  a +2 war axe
  a +0 plate armour
(49, -46, Vaults:4)
  a +0 bardiche
  a +2 chain mail of cold resistance
(53, -9, Vaults:4)
  a +0 dire flail
  a +0 animal skin
(53, -7, Vaults:4)
  a +0 arbalest
  15 bolts
(54, -56, Vaults:4)
  17 arrows
(54, -33, Vaults:4)
  a +0 troll leather armour
(55, -38, Vaults:4)
  a +0 great mace
  a +0 leather armour
(55, -37, Vaults:4)
  a +0 arbalest
  20 bolts
(55, -35, Vaults:4)
  a +0 arbalest
  30 bolts
(55, -34, Vaults:4)
  a +0 great sword
  a +0 chain mail
(55, -33, Vaults:4)
  a +0 troll leather armour
  a +0 dire flail
  a +0 animal skin
  a +0 troll leather armour
(55, -10, Vaults:4)
  a +0 arbalest
  6 bolts
(55, -9, Vaults:4)
  a +0 arbalest
  28 bolts
(56, -10, Vaults:4)
  a +0 arbalest
  17 bolts
  a +0 flail
  a +0 scale mail
(56, -9, Vaults:4)
  a +1 battleaxe
  a +0 chain mail
(57, -9, Vaults:4)
  a +0 arbalest
  16 bolts

Level 5 of the Vaults
(0, 1, Vaults:5)
  the +6 spear of the Scavenger {flame, rPois rCorr Int-2}
    It burns those it strikes, dealing additional fire damage.

    Int:       It affects your intelligence (-2).
    rPois:     It protects you from poison.
    rCorr:     It protects you from acid and corrosion.
(1, 0, Vaults:5)
  a +0 long sword
  a +0 plate armour
(3, -9, Vaults:5)
  a +2 great sword of flaming
(4, -18, Vaults:5)
  an amulet of reflection
(6, -19, Vaults:5)
  a +0 battleaxe
  a +0 chain mail
(7, -19, Vaults:5)
  a +0 whip
  a +0 leather armour
  a +0 hand axe
  a +0 leather armour
  a +0 long sword
  a +0 chain mail
  a +2 morningstar of draining
(8, 4, Vaults:5)
  a +0 robe
(10, 7, Vaults:5)
  a +0 great mace
  a +0 scale mail
(10, 8, Vaults:5)
  a ring of flight
(10, 9, Vaults:5)
  13 stones
(12, -21, Vaults:5)
  a +0 great sword of flaming
(13, 3, Vaults:5)
  a +0 great mace of holy wrath
  a +0 scale mail
(14, -19, Vaults:5)
  a +2 plate armour of cold resistance
(15, 6, Vaults:5)
  a +0 falchion
(15, 15, Vaults:5)
  a +0 war axe
  a +0 scale mail
  a +0 buckler of protection
(16, -31, Vaults:5)
  a +0 arbalest
  21 bolts
(16, 6, Vaults:5)
  a +0 war axe
  a +0 arbalest
  19 bolts
  a +0 ring mail
  a +0 club
(16, 15, Vaults:5)
  a +0 great sword of electrocution
  a +2 scale mail of positive energy
(17, 6, Vaults:5)
  a +0 halberd
(18, 7, Vaults:5)
  a staff of earth
(19, 9, Vaults:5)
  a +1 battleaxe of freezing
(20, 1, Vaults:5)
  a +0 war axe
  a +0 ring mail
(21, 6, Vaults:5)
  19 stones
(24, 18, Vaults:5)
  a +0 arbalest
  23 bolts
(24, 19, Vaults:5)
  a +1 arbalest of flaming
  23 bolts
(25, 5, Vaults:5)
  a +1 glaive of venom
  a +4 vorpal arbalest
  37 stones
  a +0 chain mail
  a ring of protection from fire
(25, 18, Vaults:5)
  a +2 vorpal battleaxe
  a +0 plate armour
(26, -2, Vaults:5)
  a +6 halberd of venom
  a +0 scale mail
  a ring of protection from fire
(26, 17, Vaults:5)
  a +0 long sword
  a +0 arbalest
  7 bolts
  a +0 scale mail
(27, -31, Vaults:5)
  a +0 troll leather armour
(27, -30, Vaults:5)
  a +0 troll leather armour
(27, -29, Vaults:5)
  a +0 dire flail of draining
  a +0 leather armour
(27, -7, Vaults:5)
  a +0 bardiche
  a +0 plate armour
(27, -6, Vaults:5)
  a +0 bardiche
  a +0 plate armour
  a +2 long sword of draining
  a +0 plate armour
  a +0 dire flail
  a +0 plate armour
(27, -5, Vaults:5)
  5 large rocks
  a +0 great mace
  a +0 chain mail
  a +0 long sword
  a +0 plate armour
  a +0 war axe
  a +0 chain mail
(27, -4, Vaults:5)
  a +0 vorpal dire flail
  a +0 dire flail
  a +0 war axe
  a +0 plate armour
  a +0 kite shield
  a +3 great mace
  a +0 plate armour
  a +2 war axe
  a +0 plate armour
  a +0 tower shield
(28, -7, Vaults:5)
  4 large rocks
  a +0 arbalest
  21 bolts
(28, -6, Vaults:5)
  a +0 morningstar
  a +0 war axe
  a +0 chain mail
  4 large rocks
  a +1 war axe
  a +0 chain mail
  a +0 kite shield
(28, -5, Vaults:5)
  a +3 war axe of distortion
(28, -4, Vaults:5)
  a +0 glaive
  a +0 plate armour
  a +2 war axe of pain
  a +0 plate armour
  a +2 kite shield of protection
  a +0 battleaxe
  a +0 chain mail
  a +0 battleaxe
  a +0 chain mail
(29, -7, Vaults:5)
  a +2 vorpal dire flail
  a +0 dire flail
(29, -6, Vaults:5)
  a +0 arbalest of freezing
  22 bolts
  a +0 great mace
  a +0 ring mail
  a +2 vampiric long sword
  a +0 chain mail
  a +0 battleaxe of electrocution
  a +0 chain mail
(29, -5, Vaults:5)
  a +2 great sword of protection
  a +0 chain mail of cold resistance
  a +2 battleaxe of freezing
  a +0 dire flail
  a +0 dire flail
  a +0 battleaxe
  a +0 chain mail
  a +0 war axe
  a +0 chain mail
  a +0 kite shield
  a +0 war axe
  a +0 plate armour
(29, -4, Vaults:5)
  a +0 glaive
  a +0 chain mail
  a +0 war axe
  a +0 chain mail
  a +0 long sword
  a +0 chain mail
  a +0 kite shield
(29, -3, Vaults:5)
  a +0 chain mail
(30, -7, Vaults:5)
  a +0 arbalest
  18 bolts
  a +0 glaive
  a +0 plate armour
(30, -6, Vaults:5)
  a +1 dire flail of holy wrath
  a +0 scale mail
  a +0 ring mail
(30, -5, Vaults:5)
  a +0 bardiche
  a +0 plate armour
  a +0 flail
(30, -4, Vaults:5)
  a +0 halberd
  a +0 chain mail
(30, 0, Vaults:5)
  a +0 flail
  a +0 plate armour
(31, -10, Vaults:5)
  6 large rocks
(33, -20, Vaults:5)
  a +0 short sword
  a +0 robe
(33, -3, Vaults:5)
  a +2 great sword of electrocution
  a +0 ring mail
(33, -2, Vaults:5)
  a +0 short sword
  a +0 leather armour
  2 scrolls of vulnerability
(34, -20, Vaults:5)
  a +0 vorpal flail
(35, -13, Vaults:5)
  a +0 mace
(36, -7, Vaults:5)
  a +0 arbalest
  15 bolts
(37, -27, Vaults:5)
  18 arrows
(37, -22, Vaults:5)
  a +0 trident
(37, -20, Vaults:5)
  a +1 short sword of draining
(37, -11, Vaults:5)
  a +0 vampiric hand axe
(38, -27, Vaults:5)
  a staff of cold
(38, -22, Vaults:5)
  15 sling bullets
(38, -11, Vaults:5)
  3 curare-tipped darts
(38, 8, Vaults:5)
  a staff of air
(38, 13, Vaults:5)
  a +2 helmet of intelligence
(39, -19, Vaults:5)
  a +0 battleaxe
  a +4 plate armour
(40, -24, Vaults:5)
  15 bolts
(40, -20, Vaults:5)
  a +0 shortbow
  a +0 long sword
  19 arrows
(41, -19, Vaults:5)
  a +0 short sword
  a +0 long sword
  a +0 scale mail
  a +2 buckler of protection
(41, -18, Vaults:5)
  a +2 great sword of flaming
(42, -9, Vaults:5)
  a +0 dagger
(42, 16, Vaults:5)
  a +1 falchion of electrocution
  a +0 scale mail
  the ring of Division {rElec Str+6}
    [ring of strength]

    Str:       It affects your strength (+6).
    rElec:     It insulates you from electricity.
  a potion of brilliance
(43, -22, Vaults:5)
  6 large rocks
(44, -25, Vaults:5)
  28 arrows
(44, -22, Vaults:5)
  a +0 morningstar
  a +0 scale mail
(45, -25, Vaults:5)
  a +0 war axe
(45, -24, Vaults:5)
  a box of beasts
(45, -14, Vaults:5)
  a +0 flail
(45, -13, Vaults:5)
  the +1 leather armour of Nysum {rN+}
    rN:        It protects you from negative energy.
(45, 13, Vaults:5)
  a +0 whip
(46, -25, Vaults:5)
  a staff of earth
(46, -24, Vaults:5)
  a phial of floods
(46, -13, Vaults:5)
  a +3 scythe of freezing
(46, 9, Vaults:5)
  14 arrows
(47, -28, Vaults:5)
  16 arrows
(48, -21, Vaults:5)
  a +0 arbalest
  the +9 war axe "Tapnesio" {protect, Contam Dex+6}
    It grants its wielder temporary protection when it strikes (+7 to AC).

    Dex:       It affects your dexterity (+6).
    Contam:    It causes magical contamination when unequipped.
  12 bolts
  a +0 robe
(50, -29, Vaults:5)
  a +0 hunting sling
(50, -25, Vaults:5)
  18 stones
(50, -24, Vaults:5)
  16 sling bullets
(50, -14, Vaults:5)
  a +0 falchion of electrocution
(52, -27, Vaults:5)
  a book of Beasts
(52, -22, Vaults:5)
  a lightning rod (4/4)
(52, -11, Vaults:5)
  22 bolts
(52, 13, Vaults:5)
  a +0 short sword
(53, -27, Vaults:5)
  a staff of death
(53, -22, Vaults:5)
  a phantom mirror
(55, -25, Vaults:5)
  a +0 pair of gloves
(57, -27, Vaults:5)
  a +0 dagger
  a +0 ring mail
(57, -22, Vaults:5)
  a +0 spear
  a +0 robe
(57, -3, Vaults:5)
  a +0 mace
  a +0 ring mail

Level 1 of the Crypt
(0, 0, Crypt:1)
  a +0 battleaxe
  a +0 short sword
  a +0 battleaxe
  a +0 long sword
(0, 7, Crypt:1)
  6 curare-tipped darts
(1, 17, Crypt:1)
  a +3 sacred scourge of holy wrath
  the +5 tower shield "Cawkas" {rF- Will+ Int+3}
    Int:       It affects your intelligence (+3).
    rF:        It makes you vulnerable to fire.
    Will:      It increases your willpower.
(8, 4, Crypt:1)
  17 arrows
(10, 5, Crypt:1)
  a ring of flight
(19, 31, Crypt:1)
  13 sling bullets
(20, 6, Crypt:1)
  the Unrestrained Analects
(22, 4, Crypt:1)
  20 arrows
(25, 30, Crypt:1)
  a +0 robe
(27, 33, Crypt:1)
  a +0 scale mail
(28, 15, Crypt:1)
  the +11 quarterstaff "Minotaur's Curse" {vamp, rPois}
    It occasionally heals its wielder for a portion of the damage dealt when it
    wounds a living foe.

    rPois:     It protects you from poison.

    The Shining One disapproves of the use of such an item.
(32, 2, Crypt:1)
  a +0 morningstar
(32, 14, Crypt:1)
  a +0 leather armour
(33, 30, Crypt:1)
  a +0 robe
(35, 3, Crypt:1)
  a +0 leather armour
(36, 33, Crypt:1)
  a +0 scale mail
(42, -1, Crypt:1)
  a +0 plate armour
(47, 12, Crypt:1)
  a +0 leather armour
(50, 23, Crypt:1)
  +2 storm dragon scales {Bai Suzhen}
  a +0 quarterstaff

Level 2 of the Crypt
(5, 20, Crypt:2)
  a +4 ring of slaying
(15, 6, Crypt:2)
  a +0 short sword
(16, 3, Crypt:2)
  a +0 war axe
(16, 4, Crypt:2)
  a +0 vorpal great mace
  a +0 chain mail
(16, 6, Crypt:2)
  a +0 halberd
(25, 22, Crypt:2)
  a +1 battleaxe
  a +0 plate armour
  a +0 dire flail
(26, 22, Crypt:2)
  a +0 trident
(26, 23, Crypt:2)
  a +0 glaive
(28, 4, Crypt:2)
  a +0 falchion
(32, 7, Crypt:2)
  4 boomerangs
(34, 8, Crypt:2)
  15 stones
(38, 11, Crypt:2)
  a +0 scimitar
(38, 27, Crypt:2)
  a +0 robe
(42, -6, Crypt:2)
  a +0 battleaxe
(43, 26, Crypt:2)
  a +0 scale mail
(45, 18, Crypt:2)
  a +0 battleaxe
(45, 19, Crypt:2)
  a +0 hand axe
(45, 21, Crypt:2)
  a +0 glaive
(46, 20, Crypt:2)
  a +0 battleaxe
(47, 30, Crypt:2)
  a scroll of immolation
(55, 32, Crypt:2)
  a scroll of immolation
(57, -8, Crypt:2)
  23 sling bullets
(59, 38, Crypt:2)
  a ring of protection from fire

Level 3 of the Crypt
(0, 0, Crypt:3)
  a +3 scimitar of flaming
  a +0 chain mail
(0, 2, Crypt:3)
  a +0 vorpal demon whip
  a +0 plate armour
(2, -23, Crypt:3)
  a +0 trident
(3, -23, Crypt:3)
  a +4 demon blade
  a +0 chain mail
(3, -22, Crypt:3)
  a +0 scimitar
  a +0 plate armour
  a +0 demon trident of draining
  a +0 war axe of flaming
  a +0 plate armour
(5, -47, Crypt:3)
  21 stones
(5, -46, Crypt:3)
  a staff of earth
(5, -45, Crypt:3)
  a ring of protection from fire
(6, -45, Crypt:3)
  a staff of death
(7, -47, Crypt:3)
  a +0 flail
(7, -45, Crypt:3)
  a +0 plate armour of poison resistance
(7, -9, Crypt:3)
  a +0 trident
(7, -4, Crypt:3)
  a +5 glaive
  a +0 plate armour
(7, -3, Crypt:3)
  a +1 vampiric demon trident
(8, -47, Crypt:3)
  a +4 vorpal morningstar
(8, -25, Crypt:3)
  a +0 trident
(8, 2, Crypt:3)
  33 arrows
(13, -45, Crypt:3)
  26 stones
(15, -49, Crypt:3)
  a +0 club
(15, -34, Crypt:3)
  a +0 great mace of protection
(15, -30, Crypt:3)
  a +0 hunting sling
(15, 1, Crypt:3)
  a +0 mace
(17, -26, Crypt:3)
  a +4 great sword of draining
  a +0 chain mail
(17, -7, Crypt:3)
  a +0 flail
(18, 3, Crypt:3)
  a +0 morningstar
(20, -30, Crypt:3)
  a +6 ring of intelligence
(20, -29, Crypt:3)
  a +0 cloak
(21, -30, Crypt:3)
  22 stones
(21, -27, Crypt:3)
  a +2 scimitar of flaming
  a +2 plate armour of cold resistance
(23, -5, Crypt:3)
  a +0 mace
(24, -36, Crypt:3)
  a +0 pair of gloves
(25, -30, Crypt:3)
  a +0 mace
(26, -30, Crypt:3)
  a +0 quarterstaff
(27, -28, Crypt:3)
  a +0 trident
(30, -50, Crypt:3)
  a staff of conjuration
(32, -53, Crypt:3)
  a Young Poisoner's Handbook
(33, -54, Crypt:3)
  a book of Chaos
(33, 7, Crypt:3)
  a +1 short sword of draining
(44, -34, Crypt:3)
  a +0 robe
  a +0 robe
(48, -29, Crypt:3)
  a +0 dagger
(50, -51, Crypt:3)
  a box of beasts
(51, -51, Crypt:3)
  a +0 scale mail
(52, -40, Crypt:3)
  a +0 great mace
  a +0 plate armour
(52, -28, Crypt:3)
  a +2 great mace of pain
(52, -27, Crypt:3)
  a +6 dire flail of venom
(52, -26, Crypt:3)
  a book of Dreams
(52, -19, Crypt:3)
  a +0 hunting sling
(53, -40, Crypt:3)
  a +3 great mace
  a +0 plate armour

the Vestibule of Hell
(22, -22, Hell)
  quicksilver dragon scales
(23, -3, Hell)
  a +0 morningstar
(23, -2, Hell)
  a +0 plate armour
  a +2 glaive of flaming
  a +1 vorpal scythe
  a +0 robe
  a +0 dagger
  a +1 robe of fire resistance
  a +0 dagger of protection
(23, -1, Hell)
  a +0 chain mail
  a +3 vorpal glaive
(23, 0, Hell)
  a +0 plate armour
  a +1 battleaxe
  a +0 plate armour
  a +2 battleaxe of draining
  a +0 dire flail
  a +0 trident
(23, 1, Hell)
  a +0 chain mail
  a +2 vorpal demon whip
(23, 2, Hell)
  a +0 chain mail
  a +1 scimitar of flaming
(24, -2, Hell)
  a +0 plate armour
  a +1 demon whip
  a +0 plate armour
  a +5 great sword of draining
(24, 0, Hell)
  a +0 robe
  a +0 dagger
  a +0 plate armour
  a +4 glaive of draining
  a +0 plate armour
  a +2 war axe
(24, 1, Hell)
  the -5 hat of Inaction {+Inv rN+ Int+2}
    Int:       It affects your intelligence (+2).
    rN:        It protects you from negative energy.
    +Inv:      It lets you turn invisible.
(24, 2, Hell)
  a +3 scythe of venom
  a +0 robe
  a +0 dagger
(25, -3, Hell)
  a +2 scythe of freezing
(25, -2, Hell)
  a +0 chain mail
  a +4 halberd of flaming
  a +0 plate armour
  a +2 broad axe
  a +2 plate armour of cold resistance
  a +1 halberd
  a +0 dire flail
  a +0 flail
  a +1 vampiric lajatang
(25, -1, Hell)
  a +0 plate armour
  a +0 great mace of draining
  the horn of Geryon
(25, 0, Hell)
  a +0 chain mail
  a +5 vorpal scimitar
(26, -1, Hell)
  a +0 robe
  a +1 dagger of protection
  a +0 plate armour
  a +1 demon trident
(30, -16, Hell)
  a +1 scythe of protection
(42, 1, Hell)
  a +7 scythe of freezing

Level 1 of the Iron City of Dis
(11, -16, Dis:1)
  a +2 great mace of holy wrath
(13, -4, Dis:1)
  a +0 morningstar
(20, -14, Dis:1)
  a +0 giant club

Level 2 of the Iron City of Dis
(2, 1, Dis:2)
  a +0 plate armour
  a +3 vorpal great mace
(11, -2, Dis:2)
  a +1 great mace of draining
  a +0 plate armour

Level 3 of the Iron City of Dis
(12, -2, Dis:3)
  a +0 morningstar
(14, -4, Dis:3)
  a +2 chain mail of willpower
  a +3 great sword of flaming
(15, -2, Dis:3)
  a +1 morningstar of protection
(15, -1, Dis:3)
  a +0 great mace
(16, -1, Dis:3)
  a +0 chain mail
  a +2 vorpal great sword

Level 4 of the Iron City of Dis
(9, 6, Dis:4)
  a +1 great sword
  a +0 plate armour
(12, -3, Dis:4)
  a +0 flail
(12, -1, Dis:4)
  a +3 great mace of draining
  a +0 chain mail

Level 5 of the Iron City of Dis
(6, 6, Dis:5)
  a +0 plate armour
  a +2 great sword of draining

Level 7 of the Iron City of Dis
(1, -2, Dis:7)
  a +0 morningstar
(1, 0, Dis:7)
  a +0 great mace
(3, -16, Dis:7)
  a staff of earth
(3, 7, Dis:7)
  a +2 dire flail of protection
(4, -19, Dis:7)
  a +0 giant club
(5, -22, Dis:7)
  a +0 giant club
(8, 0, Dis:7)
  a +2 pair of gloves of strength
(9, -19, Dis:7)
  a tin of tremorstones (2/2)
(9, -6, Dis:7)
  a +1 great mace of protection
(9, 0, Dis:7)
  a +3 morningstar of flaming
(9, 5, Dis:7)
  a staff of earth
(10, -5, Dis:7)
  a staff of poison
(11, -6, Dis:7)
  a ring of positive energy
(12, -5, Dis:7)
  an amulet of regeneration
(13, -6, Dis:7)
  a box of beasts
(14, -5, Dis:7)
  a phantom mirror
(17, -5, Dis:7)
  a +2 hand axe of freezing
(18, -6, Dis:7)
  a +2 fustibalus of flaming
(20, -6, Dis:7)
  a piece from Xom's chessboard (15/15)
(21, -5, Dis:7)
  a +0 falchion of flaming
(30, -19, Dis:7)
  a +0 dire flail
(30, -18, Dis:7)
  a +0 flail
(31, -21, Dis:7)
  a +1 morningstar of distortion
(31, -17, Dis:7)
  a +0 flail
(32, -18, Dis:7)
  a +4 dire flail
(34, -24, Dis:7)
  a +0 giant club
(35, -26, Dis:7)
  a +0 flail
(36, -12, Dis:7)
  the +7 dire flail "Uteump" {antimagic, Drain rF- rC+ rN+ Will+++}
    It reduces the magical energy of the wielder, and disrupts the spells and
    magical abilities of those it strikes. Natural abilities and divine
    invocations are not affected.

    rF:        It makes you vulnerable to fire.
    rC:        It protects you from cold.
    rN:        It protects you from negative energy.
    Drain:     It drains your maximum health when unequipped.
    Will:      It greatly increases your willpower.
(36, -10, Dis:7)
  the ring of Eril {rPois rC+}
    [ring of protection from cold]

    rC:        It protects you from cold.
    rPois:     It protects you from poison.
  an amulet of faith
(40, 2, Dis:7)
  a staff of conjuration
(41, 1, Dis:7)
  the +8 whip "Snakebite" {venom, curare, rPois}
    It poisons the flesh of those it strikes.

    It occasionally inflicts asphyxiating poison on those it strikes, dealing
    poison damage and causing slowness.

    rPois:     It protects you from poison.
(41, 2, Dis:7)
  a book of Chaos
(43, -9, Dis:7)
  the +4 staff of Dispater
    It can be evoked to hurl damnation at the cost of health and magic, with
    strength depending on Evocations skill.

    The Shining One disapproves of the use of such an item.
(44, -9, Dis:7)
  a +0 giant club
(47, -20, Dis:7)
  a +1 flail of protection
(51, -29, Dis:7)
  a +0 giant spiked club
(52, 5, Dis:7)
  a +3 dagger of freezing
(57, 5, Dis:7)
  a +0 giant club
(58, -16, Dis:7)
  the ring of the Sneaky Priests {rF+ MP+9 Int+8 Dex-5 Stlth+}
    [ring of magical power]

    Int:       It affects your intelligence (+8).
    Dex:       It affects your dexterity (-5).
    rF:        It protects you from fire.
    MP:        It affects your magic capacity (+9).
    Stlth:     It makes you more stealthy.
(58, 2, Dis:7)
  a +5 hand axe of distortion
(60, -14, Dis:7)
  a +0 dire flail
(61, -13, Dis:7)
  a +2 antimagic morningstar

Level 1 of Gehenna
(0, 0, Geh:1)
  a +1 great sword of flaming

Level 3 of Gehenna
(11, 2, Geh:3)
  a +0 demon whip
(12, 0, Geh:3)
  a +0 great sword of flaming
(14, -6, Geh:3)
  a +2 great sword of flaming
(17, -16, Geh:3)
  a +2 great sword of flaming
(22, -6, Geh:3)
  a +3 demon whip

Level 4 of Gehenna
(4, -4, Geh:4)
  a +1 demon whip of venom
(6, 4, Geh:4)
  a +3 great sword of flaming

Level 5 of Gehenna
(4, -2, Geh:5)
  a +1 demon whip of electrocution

Level 6 of Gehenna
(4, -6, Geh:6)
  a +1 demon whip of venom
(13, 3, Geh:6)
  a +1 great sword of flaming

Level 7 of Gehenna
(0, 0, Geh:7)
  a +2 vorpal morningstar
(0, 6, Geh:7)
  a +0 demon whip of freezing
(0, 12, Geh:7)
  a +2 demon whip of electrocution
(2, -18, Geh:7)
  a +3 flail
(2, -3, Geh:7)
  a +0 demon whip
  the amulet of Afopaquihe {Faith -Tele rCorr Str+8 SInv}
    [amulet of faith]

    It allows you to gain divine favour quickly.
    Str:       It affects your strength (+8).
    SInv:      It lets you see invisible.
    -Tele:     It prevents most forms of teleportation.
    rCorr:     It protects you from acid and corrosion.
(2, 7, Geh:7)
  a +3 great sword of flaming
(7, 1, Geh:7)
  a condenser vane
(8, 0, Geh:7)
  a +0 flail of protection
(8, 2, Geh:7)
  a +5 dagger of draining
(9, 1, Geh:7)
  a +2 shortbow of flaming
(9, 2, Geh:7)
  a staff of earth
(10, -4, Geh:7)
  a +1 demon whip of draining
  the +7 sceptre of Asmodeus
    It can be evoked to summon fiery demons, with success rate depending on
    Evocations skill. Those summoned this way will remain friendly only for a
    limited time.

    The Shining One disapproves of the use of such an item.
(10, 2, Geh:7)
  a box of beasts
(15, -14, Geh:7)
  a +1 vorpal halberd
(15, -13, Geh:7)
  a +1 vorpal fustibalus
(15, -12, Geh:7)
  a +1 demon whip of electrocution
(18, -6, Geh:7)
  a +0 demon whip
  a +2 great sword of flaming
(18, -5, Geh:7)
  a +1 demon whip of venom
(18, 12, Geh:7)
  a +0 demon whip of venom
(19, -8, Geh:7)
  a +0 great sword of flaming
(24, -38, Geh:7)
  a +3 demon whip
(25, -11, Geh:7)
  a +0 flail
(28, -6, Geh:7)
  a +0 flail
(28, -3, Geh:7)
  a +0 flail
(48, -1, Geh:7)
  a +0 mace
(54, 0, Geh:7)
  a +0 demon whip

Level 1 of Cocytus
(0, 0, Coc:1)
  a +0 battleaxe of freezing
(0, 2, Coc:1)
  a +1 battleaxe of freezing

Level 2 of Cocytus

Level 3 of Cocytus
(15, -2, Coc:3)
  a +0 battleaxe of freezing

Level 5 of Cocytus

Level 6 of Cocytus

Level 7 of Cocytus
(8, -7, Coc:7)
  +0 ice dragon scales
(11, -8, Coc:7)
  +0 ice dragon scales
(11, 4, Coc:7)
  a ring of wizardry
(11, 5, Coc:7)
  a tin of tremorstones (2/2)
(12, 3, Coc:7)
  a +1 plate armour of willpower
(12, 4, Coc:7)
  a tin of tremorstones (2/2)
(12, 5, Coc:7)
  a staff of earth
(12, 8, Coc:7)
  a ring of flight
(13, 3, Coc:7)
  an amulet of reflection
(19, 8, Coc:7)
  a staff of death
(22, 3, Coc:7)
  a +0 pair of boots
(22, 5, Coc:7)
  13 arrows
(23, 4, Coc:7)
  20 arrows
(24, 5, Coc:7)
  a book of Vapours

Level 1 of Tartarus

Level 2 of Tartarus
(3, -3, Tar:2)
  a +1 scythe of flaming
(5, -4, Tar:2)
  a +1 scythe of protection
(5, -3, Tar:2)
  4 large rocks
  a +1 whip
(7, -4, Tar:2)
  a +2 scythe of freezing
(13, -5, Tar:2)
  a +3 whip of draining

Level 3 of Tartarus
(0, 0, Tar:3)
  a +2 whip

Level 4 of Tartarus
(0, 0, Tar:4)
  a +3 demon whip of electrocution
(10, -14, Tar:4)
  a +3 whip

Level 5 of Tartarus
(19, 17, Tar:5)
  a +3 whip
(19, 18, Tar:5)
  a +1 whip
  a +4 antimagic scythe

Level 6 of Tartarus
(9, 7, Tar:6)
  5 large rocks
(9, 8, Tar:6)
  a +0 scythe of freezing
  3 large rocks
(10, 6, Tar:6)
  a +2 scythe of venom
(12, 8, Tar:6)
  a +1 scythe of protection
(14, -2, Tar:6)
  5 large rocks
(24, 5, Tar:6)
  3 large rocks

Level 7 of Tartarus
(0, 0, Tar:7)
  a +6 glaive of protection
(0, 4, Tar:7)
  a +2 robe of willpower
(0, 7, Tar:7)
  a phial of floods
(1, 0, Tar:7)
  the ring of Gidwagg {rElec rF+ Will+ Str-4 Dex+4}
    [ring of protection from fire]

    Str:       It affects your strength (-4).
    Dex:       It affects your dexterity (+4).
    rF:        It protects you from fire.
    rElec:     It insulates you from electricity.
    Will:      It increases your willpower.
(1, 1, Tar:7)
  a box of beasts
(1, 4, Tar:7)
  an amulet of the acrobat
(1, 5, Tar:7)
  the +5 ring mail "Tawex" {Slay+2}
    Slay:      It affects your accuracy & damage with ranged weapons and melee
    (+2).
(2, 5, Tar:7)
  a ring of positive energy
(2, 6, Tar:7)
  a piece from Xom's chessboard (15/15)
(2, 7, Tar:7)
  a staff of air
(3, 1, Tar:7)
  a +1 vorpal scimitar
(4, 0, Tar:7)
  the ring "Elluzxiu" {rPois Int+4 Dex+4}
    [ring of poison resistance]

    Int:       It affects your intelligence (+4).
    Dex:       It affects your dexterity (+4).
    rPois:     It protects you from poison.
(4, 1, Tar:7)
  an amulet of magic regeneration
(5, 2, Tar:7)
  a +0 robe of cold resistance
(6, 0, Tar:7)
  a +1 great mace of holy wrath
(6, 1, Tar:7)
  an amulet of faith
(6, 2, Tar:7)
  a phial of floods
(6, 45, Tar:7)
  5 large rocks
(6, 47, Tar:7)
  3 large rocks
(7, 2, Tar:7)
  a +4 hunting sling of flaming
(7, 13, Tar:7)
  2 large rocks
(7, 46, Tar:7)
  6 large rocks
(8, 4, Tar:7)
  3 large rocks
(8, 13, Tar:7)
  8 large rocks
(8, 14, Tar:7)
  a +3 vampiric demon whip
(9, 8, Tar:7)
  a +2 arbalest of freezing
(12, 23, Tar:7)
  a +1 vorpal flail
(12, 24, Tar:7)
  a staff of conjuration
(12, 30, Tar:7)
  5 large rocks
(13, 18, Tar:7)
  a piece from Xom's chessboard (15/15)
(13, 19, Tar:7)
  a lightning rod (4/4)
(13, 32, Tar:7)
  5 large rocks
(14, 18, Tar:7)
  a phantom mirror
(14, 19, Tar:7)
  the ring of Foaddimneaj {Ice Int+4}
    [ring of ice]

    It enhances your ice magic.
    Int:       It affects your intelligence (+4).
    rF:        It makes you vulnerable to fire.
    rC:        It protects you from cold.
(15, 8, Tar:7)
  a ring of wizardry
(15, 18, Tar:7)
  a tin of tremorstones (2/2)
(15, 19, Tar:7)
  a piece from Xom's chessboard (15/15)
(16, 23, Tar:7)
  a book of Vapours
(34, 10, Tar:7)
  21 stones
(34, 46, Tar:7)
  an amulet of the acrobat
(34, 47, Tar:7)
  2 large rocks
(36, 16, Tar:7)
  a +3 scythe of venom
(36, 18, Tar:7)
  a +2 scythe of flaming
(37, -2, Tar:7)
  3 large rocks
(37, 51, Tar:7)
  a +3 whip
(38, 0, Tar:7)
  3 datura-tipped darts
(42, 37, Tar:7)
  5 large rocks
(44, 2, Tar:7)
  a piece from Xom's chessboard (15/15)
(44, 3, Tar:7)
  3 large rocks
(46, 38, Tar:7)
  a +2 hand axe of electrocution
(47, 4, Tar:7)
  3 large rocks
(48, 42, Tar:7)
  a +2 hunting sling of flaming
(52, 3, Tar:7)
  a +1 whip
(54, 3, Tar:7)
  a +1 whip
(58, 38, Tar:7)
  a condenser vane
(60, 8, Tar:7)
  a lightning rod (4/4)
(60, 44, Tar:7)
  a book of Spectacle
(63, 15, Tar:7)
  a +2 scythe of protection
(63, 17, Tar:7)
  a +3 vorpal scythe
(63, 21, Tar:7)
  a +5 vampiric scythe

Level 1 of the Realm of Zot
(0, 0, Zot:1)
  a +0 hand axe
(1, -13, Zot:1)
  a +0 cloak
  a +0 dagger
(1, -8, Zot:1)
  a +0 halberd
(1, -7, Zot:1)
  a +0 dire flail
(2, -9, Zot:1)
  a +0 rapier
  a +0 cloak
(2, -7, Zot:1)
  a +0 long sword
  a +0 cloak
(3, -22, Zot:1)
  a +0 halberd
(3, -21, Zot:1)
  a +0 long sword
(3, -8, Zot:1)
  a +0 scimitar
(3, 9, Zot:1)
  25 stones
(4, -20, Zot:1)
  quicksilver dragon scales
  a +2 cloak
  a +1 vorpal battleaxe
(4, 11, Zot:1)
  a book of Air
(9, 14, Zot:1)
  a +0 mace
(11, 3, Zot:1)
  a scroll of noise
(15, 10, Zot:1)
  a +10 club of flaming
(17, 10, Zot:1)
  the +7 lajatang of Someismo {vorpal, Int+3}
    It inflicts extra damage upon your enemies.

    Int:       It affects your intelligence (+3).
(18, -25, Zot:1)
  a +11 club of electrocution
(18, 5, Zot:1)
  a +0 dagger
  a +0 cloak
  a +0 battleaxe
  a +0 dire flail
  a +2 cloak
(18, 6, Zot:1)
  a +0 cloak
  a +0 long sword
(19, -25, Zot:1)
  a +0 falchion
(19, -24, Zot:1)
  a +12 club of freezing
(19, -22, Zot:1)
  a +1 broad axe of venom
(20, 2, Zot:1)
  a +0 long sword
(21, -28, Zot:1)
  a +0 trident
(22, -28, Zot:1)
  a +0 giant club
(23, -29, Zot:1)
  a +10 club of flaming
(30, 5, Zot:1)
  a +0 battleaxe
(30, 6, Zot:1)
  a +0 short sword
  a +0 war axe
(30, 11, Zot:1)
  a book of Transfigurations
(31, 3, Zot:1)
  a +0 long sword
  a +1 cloak of preservation
  a +0 flail
(31, 5, Zot:1)
  a +0 dire flail
  a +0 trident
(32, -10, Zot:1)
  a book of Changes
(33, 2, Zot:1)
  a +0 glaive
(37, 0, Zot:1)
  +0 storm dragon scales
(38, -7, Zot:1)
  a +0 trident
(42, -12, Zot:1)
  16 arrows

Level 2 of the Realm of Zot
(8, 21, Zot:2)
  a +2 war axe of distortion
(9, 16, Zot:2)
  a +0 cloak
  a +0 dagger
(9, 18, Zot:2)
  a +0 cloak
(9, 20, Zot:2)
  a +2 hand axe of electrocution
(9, 21, Zot:2)
  a +0 scimitar
(9, 45, Zot:2)
  15 arrows
(10, 20, Zot:2)
  a +0 cloak
  a +0 long sword
(10, 21, Zot:2)
  a +0 plate armour
  a +0 halberd
(12, -1, Zot:2)
  a +0 whip
  a +0 cloak
(13, -1, Zot:2)
  a +0 glaive
(14, -2, Zot:2)
  a +1 long sword of freezing
  a +0 cloak
(14, 15, Zot:2)
  22 stones
(32, 46, Zot:2)
  a +0 hand axe
(39, -1, Zot:2)
  a +0 barding
(39, 41, Zot:2)
  13 stones
(43, 27, Zot:2)
  a +0 dire flail
(55, 10, Zot:2)
  a +6 ring of intelligence
(55, 12, Zot:2)
  a scroll of amnesia
  a +0 chain mail

Level 3 of the Realm of Zot
(0, 10, Zot:3)
  4 curare-tipped darts
(5, 5, Zot:3)
  +0 storm dragon scales
(5, 19, Zot:3)
  a +0 hand axe
(6, 20, Zot:3)
  a +0 short sword
(7, 18, Zot:3)
  a +0 flail
(7, 19, Zot:3)
  a +0 long sword
  a +0 dagger
  a +0 cloak
(7, 20, Zot:3)
  a +4 scimitar
(8, 18, Zot:3)
  a +1 glaive of venom
(8, 24, Zot:3)
  a +0 short sword
(9, 15, Zot:3)
  a +0 dagger
  a +0 cloak
(9, 45, Zot:3)
  +0 gold dragon scales
(10, 16, Zot:3)
  a +3 hand axe of freezing
(11, 15, Zot:3)
  +0 gold dragon scales
(13, 14, Zot:3)
  a +0 trident
(13, 17, Zot:3)
  a +0 long sword
  a +0 trident
  +0 storm dragon scales
(13, 18, Zot:3)
  a +0 battleaxe
(13, 19, Zot:3)
  quicksilver dragon scales
  a +0 dire flail
(14, 19, Zot:3)
  a +0 battleaxe
  a +0 dire flail
(17, 20, Zot:3)
  a +1 cloak of poison resistance
  a +0 long sword
(17, 50, Zot:3)
  a +0 flail
(21, 48, Zot:3)
  20 arrows
(22, 7, Zot:3)
  a +2 halberd of distortion
(33, 16, Zot:3)
  a +0 glaive
(34, 16, Zot:3)
  a +0 war axe
  a +0 cloak
(35, 0, Zot:3)
  +0 storm dragon scales
(35, 14, Zot:3)
  a +0 dagger
  a +0 cloak
(35, 16, Zot:3)
  a +0 cloak
  a +0 long sword
  a +0 cloak
(40, 28, Zot:3)
  a +0 long sword
  a +0 war axe
(41, 27, Zot:3)
  a +0 halberd
(41, 28, Zot:3)
  a +0 hand axe
(42, 23, Zot:3)
  a book of Vapours
(42, 25, Zot:3)
  a +0 cloak
  a +0 whip
(42, 26, Zot:3)
  a +0 dire flail
(43, 23, Zot:3)
  a +0 mace
(44, 24, Zot:3)
  +0 storm dragon scales
(45, 23, Zot:3)
  a +0 cloak
  a +0 dagger
(46, -11, Zot:3)
  2 potions of degeneration
(47, -11, Zot:3)
  a +0 leather armour
(49, 10, Zot:3)
  quicksilver dragon scales
(49, 19, Zot:3)
  a +0 trident
(49, 49, Zot:3)
  a scarf of invisibility
(52, 35, Zot:3)
  +0 shadow dragon scales
(52, 36, Zot:3)
  a +4 war axe of freezing
(58, 30, Zot:3)
  a +0 trident
(58, 31, Zot:3)
  a +0 cloak
(58, 32, Zot:3)
  a +0 hand axe
(59, 30, Zot:3)
  a +0 scimitar
(59, 31, Zot:3)
  a +0 war axe
(71, -8, Zot:3)
  a scroll of vulnerability

Level 4 of the Realm of Zot
(0, 0, Zot:4)
  a +0 falchion
(5, -13, Zot:4)
  a book of Chaos
(10, 16, Zot:4)
  a +0 robe
(17, 14, Zot:4)
  a +0 long sword
  a +0 cloak
(18, -17, Zot:4)
  15 stones
(19, 28, Zot:4)
  a +0 halberd
(20, 26, Zot:4)
  a +1 dire flail of holy wrath
  a +0 cloak
(20, 27, Zot:4)
  a +0 scimitar
(20, 28, Zot:4)
  a +0 rapier
  a +0 cloak
  a +0 cloak
(21, 28, Zot:4)
  a +0 long sword
  a +0 cloak
  a +0 trident
  a +0 scimitar
(22, -7, Zot:4)
  a +0 leather armour
(22, 26, Zot:4)
  a +0 cloak
(22, 28, Zot:4)
  a +0 flail
(24, 19, Zot:4)
  a +0 club
(24, 23, Zot:4)
  a +0 dire flail
(25, 24, Zot:4)
  a +0 dagger
(32, 8, Zot:4)
  a +0 leather armour
(34, 28, Zot:4)
  a +0 halberd
(35, 27, Zot:4)
  a +2 dire flail of draining
  a +0 long sword
(35, 28, Zot:4)
  a +0 battleaxe
  a +2 cloak of stealth
(36, 24, Zot:4)
  23 stones
(36, 27, Zot:4)
  5 javelins
(36, 28, Zot:4)
  a +3 short sword
(39, 10, Zot:4)
  a +0 cloak
  a +0 long sword
(40, 7, Zot:4)
  a +0 trident
  a +0 short sword
(40, 8, Zot:4)
  a +0 war axe
(41, 8, Zot:4)
  a +0 cloak
  a +0 dire flail
(41, 9, Zot:4)
  a +0 trident
(41, 10, Zot:4)
  a +0 cloak
  a +0 short sword
(42, 7, Zot:4)
  a +0 scimitar
(42, 8, Zot:4)
  a +0 mace
(42, 9, Zot:4)
  a +0 long sword
  a +0 scimitar
(42, 10, Zot:4)
  a +0 trident
(47, -15, Zot:4)
  a +0 long sword
(52, 3, Zot:4)
  +0 shadow dragon scales

Level 5 of the Realm of Zot
(0, 0, Zot:5)
  a +0 long sword
(0, 9, Zot:5)
  the +4 halberd of an ossuary {chaos, Drain rPois Will- Int+7}
    Each time it hits an enemy it has a different, random effect.

    Int:       It affects your intelligence (+7).
    rPois:     It protects you from poison.
    Drain:     It drains your maximum health when unequipped.
    Will:      It decreases your willpower.

    The Shining One disapproves of the use of such an item.
(7, -8, Zot:5)
  4 poisoned darts
(8, 2, Zot:5)
  16 arrows
(11, 23, Zot:5)
  +0 storm dragon scales
(11, 27, Zot:5)
  a +0 flail
(12, -2, Zot:5)
  21 sling bullets
(14, 8, Zot:5)
  18 stones
(15, 2, Zot:5)
  a +1 pair of boots
(17, 15, Zot:5)
  a +0 cloak
(20, 26, Zot:5)
  the +0 hat "Vocuczoa" {*Slow Regen+ Int+5}
    Int:       It affects your intelligence (+5).
    Regen:     It increases your rate of health regeneration.
    *Slow:     It may slow you when you take damage.
(25, 21, Zot:5)
  a +0 cloak
  a +0 whip
(26, -3, Zot:5)
  a +10 club
(26, 22, Zot:5)
  a +11 club of electrocution
(27, 21, Zot:5)
  a +0 battleaxe
(28, 21, Zot:5)
  a +0 mace
(28, 22, Zot:5)
  a +0 hand axe
(29, 16, Zot:5)
  a +0 cloak
  a +0 vorpal long sword
(30, 20, Zot:5)
  a +0 quarterstaff
(35, 9, Zot:5)
  a +0 ring mail
(37, 7, Zot:5)
  a +2 cloak
  a +0 dagger
(39, 6, Zot:5)
  a +0 war axe
  a +0 cloak
  a +1 dagger of speed
(39, 7, Zot:5)
  a +0 glaive
  a +0 scimitar
(41, 6, Zot:5)
  +0 gold dragon scales
(42, 6, Zot:5)
  a +10 club of flaming
(42, 7, Zot:5)
  a +0 halberd
(45, 9, Zot:5)
  a +6 ring of intelligence
(46, 38, Zot:5)
  a +0 demon whip
(47, -2, Zot:5)
  8 arrows
(50, 4, Zot:5)
  a +9 club of venom
(51, -3, Zot:5)
  a +0 buckler
(56, -1, Zot:5)
  a scarf of repulsion
(58, -5, Zot:5)
  24 stones
(58, 38, Zot:5)
  a potion of degeneration

Level 1 of the Depths
(6, -24, Depths:1)
  a +0 hunting sling
(11, -20, Depths:1)
  a book of Dangerous Friends
(12, -17, Depths:1)
  a +2 long sword of flaming
  a +0 plate armour
  a +0 dagger
  a +0 robe
  a +5 great sword
  a +0 plate armour
(12, -16, Depths:1)
  a +2 vorpal battleaxe
  a +0 plate armour
(12, -9, Depths:1)
  4 boomerangs
(13, -35, Depths:1)
  4 large rocks
(13, -20, Depths:1)
  5 bolts
(13, -18, Depths:1)
  a +4 glaive
  a +0 plate armour
(13, -3, Depths:1)
  a +0 hunting sling
(14, -16, Depths:1)
  a +0 demon trident of flaming
  a +0 chain mail
(14, -5, Depths:1)
  a +0 dire flail
  a +0 dire flail
(20, -23, Depths:1)
  a +0 robe
(21, 1, Depths:1)
  3 large rocks
(22, 1, Depths:1)
  a +0 great mace
  a +0 dire flail
(28, 4, Depths:1)
  16 arrows
(29, 0, Depths:1)
  a +0 trident
  the +0 chain mail of Qoocam {*Corrode rElec rPois Str+4 Int+4}
    Str:       It affects your strength (+4).
    Int:       It affects your intelligence (+4).
    rElec:     It insulates you from electricity.
    rPois:     It protects you from poison.
    *Corrode:  It may corrode you when you take damage.
(29, 1, Depths:1)
  a +0 dagger of pain
  a +0 robe
(30, 1, Depths:1)
  3 large rocks
(35, -37, Depths:1)
  a staff of poison
(40, -33, Depths:1)
  3 large rocks
  a +0 trident
(43, -34, Depths:1)
  27 sling bullets
(44, 9, Depths:1)
  a +0 ring mail
(49, -5, Depths:1)
  a +0 leather armour
  a +0 dire flail
(50, -22, Depths:1)
  a +0 plate armour
  a +2 war axe of flaming
(50, -5, Depths:1)
  a +0 buckler
(50, 19, Depths:1)
  24 stones
(51, -24, Depths:1)
  +1 shadow dragon scales
  a +1 demon whip of flaming
(51, -3, Depths:1)
  a scarf of repulsion
(52, -23, Depths:1)
  a +0 chain mail
  a +3 long sword of flaming
  a +0 robe
  a +0 dagger
  a +0 chain mail
  a +5 scimitar
(52, -22, Depths:1)
  3 large rocks
  a +0 plate armour
  a +3 battleaxe of draining
(54, 10, Depths:1)
  3 large rocks
(55, 10, Depths:1)
  a +0 battleaxe
  a +0 ring mail
(62, -26, Depths:1)
  a +1 battleaxe of freezing
(65, -9, Depths:1)
  a +0 leather armour
(66, -11, Depths:1)
  15 stones

Level 2 of the Depths
(0, 0, Depths:2)
  a +0 troll leather armour
(2, -1, Depths:2)
  a +0 robe
(5, 24, Depths:2)
  a +2 vorpal halberd
(9, -17, Depths:2)
  a +0 robe
(11, 19, Depths:2)
  a +0 ring mail
(16, -3, Depths:2)
  a potion of degeneration
(16, 5, Depths:2)
  3 large rocks
(16, 8, Depths:2)
  a +0 animal skin
  a +0 war axe
(21, 22, Depths:2)
  17 stones
(21, 32, Depths:2)
  the +10 spear "Efekukhi" {venom, Str+3}
    It poisons the flesh of those it strikes.

    Str:       It affects your strength (+3).
(35, 0, Depths:2)
  a +0 trident (still there?)
  a +0 robe (still there?)
(35, 3, Depths:2)
  a +1 great sword of flaming
(35, 8, Depths:2)
  a Grand Grimoire
(36, 9, Depths:2)
  3 atropa-tipped darts
(37, 8, Depths:2)
  a +2 spectral quarterstaff
(37, 15, Depths:2)
  the ring of the Cockatrice {rPois Will+}
    [ring of poison resistance]

    rPois:     It protects you from poison.
    Will:      It increases your willpower.
  the ring of Birdsong {Will+ EV+4 Str+2}
    [ring of evasion]

    EV:        It affects your evasion (+4).
    Str:       It affects your strength (+2).
    Will:      It increases your willpower.
  a ring of magical power
(39, -4, Depths:2)
  a +3 battleaxe of freezing
  (unseen)
(39, 8, Depths:2)
  a staff of poison
(40, 0, Depths:2)
  a +1 great sword of flaming
(46, 13, Depths:2)
  a ring of willpower
  a +6 ring of strength
(49, 6, Depths:2)
  a +0 robe
(50, 0, Depths:2)
  16 sling bullets
(71, -4, Depths:2)
  2 curare-tipped darts

Level 3 of the Depths
(0, 0, Depths:3)
  a +0 long sword
(1, -22, Depths:3)
  a +0 troll leather armour
(5, -33, Depths:3)
  22 stones
(7, -6, Depths:3)
  the +1 ring mail of Divine Joy {Drain rC+++ Str-5 Int+6}
    Str:       It affects your strength (-5).
    Int:       It affects your intelligence (+6).
    rC:        It renders you almost immune to cold.
    Drain:     It drains your maximum health when unequipped.
(10, -6, Depths:3)
  a +0 scythe
(13, -14, Depths:3)
  a scroll of immolation
(15, -19, Depths:3)
  a +0 chain mail
(17, -10, Depths:3)
  a +0 war axe
(19, -28, Depths:3)
  6 large rocks
  a +4 antimagic lajatang
  a +0 robe
  a +0 battleaxe
  a +3 ring mail
(20, -14, Depths:3)
  a +0 scale mail
(27, -24, Depths:3)
  a scroll of amnesia
(28, -27, Depths:3)
  a scroll of noise
(28, -26, Depths:3)
  a +0 dire flail of protection
(28, -13, Depths:3)
  a +2 buckler of protection
  a +2 scale mail of willpower
  a +5 long sword of draining
(29, -25, Depths:3)
  a ring of poison resistance
(29, 5, Depths:3)
  a +0 war axe
(30, -34, Depths:3)
  a +3 battleaxe of freezing
(30, -26, Depths:3)
  an amulet of faith
(30, -24, Depths:3)
  19 stones
(37, -23, Depths:3)
  a +1 great sword of flaming
(38, -24, Depths:3)
  a +0 whip
  a +0 robe
(42, -5, Depths:3)
  a book of Air
(43, 1, Depths:3)
  a scroll of amnesia
(46, -16, Depths:3)
  2 large rocks
(51, -27, Depths:3)
  5 poisoned darts
(51, -25, Depths:3)
  3 curare-tipped darts
(51, -13, Depths:3)
  20 stones
(52, -19, Depths:3)
  a +3 vorpal broad axe
(53, -20, Depths:3)
  a +0 robe
  a +0 quarterstaff
(53, -19, Depths:3)
  a +0 troll leather armour
  a +0 troll leather armour
(53, -18, Depths:3)
  a +0 troll leather armour
(54, -21, Depths:3)
  a +0 leather armour
  a +0 spear
(54, -16, Depths:3)
  a +0 spear
(54, -14, Depths:3)
  a +0 demon whip
(54, -13, Depths:3)
  a +0 chain mail
(55, -13, Depths:3)
  a +0 plate armour
  a +0 broad axe of draining
(56, -15, Depths:3)
  a +0 scythe of venom
  a +1 chain mail of poison resistance
  a +1 dire flail
  a +0 robe
  a +0 dagger
(56, -13, Depths:3)
  a +0 trident
(60, -5, Depths:3)
  a +0 quarterstaff
(64, -34, Depths:3)
  14 arrows
  a +0 shortbow of flaming
(65, -2, Depths:3)
  +0 ice dragon scales
(66, -2, Depths:3)
  4 large rocks
(67, -37, Depths:3)
  a +0 troll leather armour

Level 4 of the Depths
(0, 0, Depths:4)
  a +0 robe
(6, 0, Depths:4)
  a +1 demon blade
  a +0 chain mail
(7, -1, Depths:4)
  a +0 demon blade
(8, 0, Depths:4)
  a +4 great mace
  a +0 plate armour
  a +2 scimitar of distortion
  a +0 plate armour
(9, -8, Depths:4)
  a +0 plate armour
(12, 1, Depths:4)
  a +1 scimitar of draining
  a +0 chain mail
(17, -1, Depths:4)
  a +2 buckler
(19, -2, Depths:4)
  2 large rocks
(19, -1, Depths:4)
  a +0 troll leather armour
  +0 fire dragon scales
  a +1 battleaxe of freezing
  6 large rocks
(19, 6, Depths:4)
  a ring of poison resistance
(20, 0, Depths:4)
  a +0 troll leather armour
(20, 8, Depths:4)
  a potion of degeneration
(21, -2, Depths:4)
  a +0 troll leather armour
(21, -1, Depths:4)
  a +0 chain mail
  a +2 vorpal great mace
(23, -1, Depths:4)
  a +0 dire flail
  a +0 dire flail
(27, -18, Depths:4)
  2 boomerangs of dispersal
(27, 14, Depths:4)
  a +0 ring mail
(31, -15, Depths:4)
  4 boomerangs of dispersal
(34, -1, Depths:4)
  4 large rocks
(34, 0, Depths:4)
  a +0 flail
(35, 1, Depths:4)
  a +0 cloak
  a +0 long sword
(36, -16, Depths:4)
  a +0 scale mail
(37, 7, Depths:4)
  23 stones
(44, -3, Depths:4)
  a +0 scimitar
  a +0 long sword
(47, -11, Depths:4)
  a +0 great mace
  a +0 cloak
(47, 11, Depths:4)
  a +0 mace
(48, -11, Depths:4)
  a +0 long sword
  a +1 antimagic rapier
  a +0 animal skin
(48, 11, Depths:4)
  a +0 dire flail of draining
  a +0 dire flail
  a +0 ring mail
  a +0 battleaxe
(48, 17, Depths:4)
  a +3 battleaxe of freezing
(57, 26, Depths:4)
  a +0 broad axe
  a +0 ring mail
  a +0 buckler
(59, 11, Depths:4)
  a +0 robe

