// Jest Snapshot v1, https://goo.gl/fbAQLP

exports[`https://crawl.kelbi.org/crawl/morgue/TsoeiynMaft/morgue-TsoeiynMaft-20230301-012532.txt.gz 1`] = `
{
  "background": null,
  "datetime": 2023-03-01T01:25:32.000Z,
  "eventCount": 245,
  "eventErrors": [],
  "events": [
    {
      "branch": "Dungeon",
      "data": "TsoeiynMaft the Robot Fighter began the quest for the Orb.",
      "level": "1",
      "location": "Dungeon:1",
      "note": "TsoeiynMaft the Robot Fighter began the quest for the Orb.",
      "turn": "0",
      "type": "first-event",
    },
    {
      "branch": "Dungeon",
      "data": {
        "hp": "18",
        "level": "1",
        "mp": "0",
      },
      "level": "1",
      "location": "Dungeon:1",
      "note": "Reached XP level 1. HP: 18/18 MP: 0/0",
      "turn": "0",
      "type": "experience-level",
    },
    {
      "branch": "Dungeon",
      "data": {
        "hp": "24",
        "level": "2",
        "mp": "1",
      },
      "level": "1",
      "location": "Dungeon:1",
      "note": "Reached XP level 2. HP: 24/24 MP: 1/1",
      "turn": "126",
      "type": "experience-level",
    },
    {
      "branch": "Dungeon",
      "data": {
        "hp": "29",
        "level": "3",
        "mp": "2",
      },
      "level": "1",
      "location": "Dungeon:1",
      "note": "Reached XP level 3. HP: 26/29 MP: 2/2",
      "turn": "355",
      "type": "experience-level",
    },
    {
      "branch": "Dungeon",
      "data": {
        "who": "Sigmund",
      },
      "level": "2",
      "location": "Dungeon:2",
      "note": "Noticed Sigmund",
      "turn": "863",
      "type": "unique-noticed",
    },
    {
      "branch": "Dungeon",
      "data": {
        "hp": "35",
        "level": "4",
        "mp": "3",
      },
      "level": "1",
      "location": "Dungeon:1",
      "note": "Reached XP level 4. HP: 22/35 MP: 3/3",
      "turn": "939",
      "type": "experience-level",
    },
    {
      "branch": "Dungeon",
      "data": {
        "level": "1",
        "skill": "Dodging",
      },
      "level": "2",
      "location": "Dungeon:2",
      "note": "Reached skill level 1 in Dodging",
      "turn": "1072",
      "type": "skill-level",
    },
    {
      "branch": "Dungeon",
      "data": {
        "desc": "You can shoot a disintegration laser from your mouth.",
        "kind": "Gained",
        "source": "Robot growth",
        "stat": undefined,
      },
      "level": "3",
      "location": "Dungeon:3",
      "note": "Gained mutation: You can shoot a disintegration laser from your mouth. [Robot growth]",
      "turn": "1482",
      "type": "mutation",
    },
    {
      "branch": "Dungeon",
      "data": {
        "hp": "41",
        "level": "5",
        "mp": "4",
      },
      "level": "3",
      "location": "Dungeon:3",
      "note": "Reached XP level 5. HP: 41/41 MP: 4/4",
      "turn": "1482",
      "type": "experience-level",
    },
    {
      "branch": "Dungeon",
      "data": {
        "level": "1",
        "skill": "Stealth",
      },
      "level": "3",
      "location": "Dungeon:3",
      "note": "Reached skill level 1 in Stealth",
      "turn": "1483",
      "type": "skill-level",
    },
    {
      "branch": "Dungeon",
      "data": {
        "god": "Shining One",
      },
      "level": "3",
      "location": "Dungeon:3",
      "note": "Found a glowing golden altar of the Shining One.",
      "turn": "1650",
      "type": "altar",
    },
    {
      "branch": "Dungeon",
      "data": {
        "god": "Fedhas",
      },
      "level": "3",
      "location": "Dungeon:3",
      "note": "Found a blossoming altar of Fedhas.",
      "turn": "2211",
      "type": "altar",
    },
    {
      "branch": "Dungeon",
      "data": {
        "hp": "48",
        "level": "6",
        "mp": "5",
      },
      "level": "4",
      "location": "Dungeon:4",
      "note": "Reached XP level 6. HP: 45/48 MP: 5/5",
      "turn": "2491",
      "type": "experience-level",
    },
    {
      "branch": "Dungeon",
      "data": {
        "item": "cursed +13 scythe of Curses {drain, *Curse}",
      },
      "level": "4",
      "location": "Dungeon:4",
      "note": "Found the cursed +13 scythe of Curses {drain, *Curse}",
      "turn": "2733",
      "type": "found",
    },
    {
      "branch": "Dungeon",
      "data": {
        "item": "cursed +13 scythe of Curses {drain, *Curse}",
      },
      "level": "4",
      "location": "Dungeon:4",
      "note": "Found the cursed +13 scythe of Curses {drain, *Curse}",
      "turn": "2733",
      "type": "item",
    },
    {
      "branch": "Dungeon",
      "data": {
        "god": "Zin",
      },
      "level": "4",
      "location": "Dungeon:4",
      "note": "Found a glowing silver altar of Zin.",
      "turn": "2740",
      "type": "altar",
    },
    {
      "branch": "Dungeon",
      "data": {
        "god": "Wu Jian",
      },
      "level": "4",
      "location": "Dungeon:4",
      "note": "Found an ornate altar of the Wu Jian Council.",
      "turn": "2782",
      "type": "altar",
    },
    {
      "branch": "Dungeon",
      "data": {
        "god": "Fedhas",
      },
      "level": "4",
      "location": "Dungeon:4",
      "note": "Found a blossoming altar of Fedhas.",
      "turn": "2782",
      "type": "altar",
    },
    {
      "branch": "Dungeon",
      "data": {
        "hp": "54",
        "level": "7",
        "mp": "6",
      },
      "level": "4",
      "location": "Dungeon:4",
      "note": "Reached XP level 7. HP: 54/54 MP: 6/6",
      "turn": "3363",
      "type": "experience-level",
    },
    {
      "branch": "Dungeon",
      "data": {
        "hp": "61",
        "level": "8",
        "mp": "7",
      },
      "level": "4",
      "location": "Dungeon:4",
      "note": "Reached XP level 8. HP: 61/61 MP: 7/7",
      "turn": "4085",
      "type": "experience-level",
    },
    {
      "branch": "Dungeon",
      "data": {
        "god": "Dithmenos",
      },
      "level": "4",
      "location": "Dungeon:4",
      "note": "Found a shadowy altar of Dithmenos.",
      "turn": "4169",
      "type": "altar",
    },
    {
      "branch": "Dungeon",
      "data": {
        "god": "Nemelex",
      },
      "level": "4",
      "location": "Dungeon:4",
      "note": "Found a sparkling altar of Nemelex Xobeh.",
      "turn": "4282",
      "type": "altar",
    },
    {
      "branch": "Dungeon",
      "data": {
        "level": "5",
        "skill": "Fighting",
      },
      "level": "5",
      "location": "Dungeon:5",
      "note": "Reached skill level 5 in Fighting",
      "turn": "4719",
      "type": "skill-level",
    },
    {
      "branch": "Dungeon",
      "data": {
        "level": "5",
        "skill": "Shields",
      },
      "level": "5",
      "location": "Dungeon:5",
      "note": "Reached skill level 5 in Shields",
      "turn": "4927",
      "type": "skill-level",
    },
    {
      "branch": "Dungeon",
      "data": {
        "level": "5",
        "skill": "Armour",
      },
      "level": "5",
      "location": "Dungeon:5",
      "note": "Reached skill level 5 in Armour",
      "turn": "5046",
      "type": "skill-level",
    },
    {
      "branch": "Temple",
      "data": {
        "god": "Gozag",
      },
      "level": undefined,
      "location": "Temple",
      "note": "Became a worshipper of Gozag Ym Sagoz the Greedy",
      "turn": "5178",
      "type": "join-god",
    },
    {
      "branch": "Dungeon",
      "data": {
        "hp": "68",
        "level": "9",
        "mp": "8",
      },
      "level": "5",
      "location": "Dungeon:5",
      "note": "Reached XP level 9. HP: 57/68 MP: 8/8",
      "turn": "5564",
      "type": "experience-level",
    },
    {
      "branch": "Dungeon",
      "data": {
        "god": "Xom",
      },
      "level": "5",
      "location": "Dungeon:5",
      "note": "Found a shimmering altar of Xom.",
      "turn": "5619",
      "type": "altar",
    },
    {
      "branch": "Dungeon",
      "data": {
        "god": "Xom",
      },
      "level": "5",
      "location": "Dungeon:5",
      "note": "Found a shimmering altar of Xom.",
      "turn": "5620",
      "type": "altar",
    },
    {
      "branch": "Dungeon",
      "data": {
        "god": "Xom",
      },
      "level": "5",
      "location": "Dungeon:5",
      "note": "Found a shimmering altar of Xom.",
      "turn": "5620",
      "type": "altar",
    },
    {
      "branch": "Dungeon",
      "data": {
        "god": "Xom",
      },
      "level": "5",
      "location": "Dungeon:5",
      "note": "Found a shimmering altar of Xom.",
      "turn": "5623",
      "type": "altar",
    },
    {
      "branch": "Dungeon",
      "data": {
        "god": "Xom",
      },
      "level": "5",
      "location": "Dungeon:5",
      "note": "Found a shimmering altar of Xom.",
      "turn": "5623",
      "type": "altar",
    },
    {
      "branch": "Dungeon",
      "data": {
        "god": "Ru",
      },
      "level": "5",
      "location": "Dungeon:5",
      "note": "Found a sacrificial altar of Ru.",
      "turn": "5685",
      "type": "altar",
    },
    {
      "branch": "Dungeon",
      "data": {
        "level": "5",
        "skill": "Long Blades",
      },
      "level": "6",
      "location": "Dungeon:6",
      "note": "Reached skill level 5 in Long Blades",
      "turn": "5973",
      "type": "skill-level",
    },
    {
      "branch": "Dungeon",
      "data": {
        "level": "5",
        "skill": "Dodging",
      },
      "level": "7",
      "location": "Dungeon:7",
      "note": "Reached skill level 5 in Dodging",
      "turn": "6945",
      "type": "skill-level",
    },
    {
      "branch": "Dungeon",
      "data": {
        "hp": "76",
        "level": "10",
        "mp": "9",
      },
      "level": "7",
      "location": "Dungeon:7",
      "note": "Reached XP level 10. HP: 43/76 MP: 9/9",
      "turn": "7156",
      "type": "experience-level",
    },
    {
      "branch": "Dungeon",
      "data": {
        "god": "Trog",
      },
      "level": "9",
      "location": "Dungeon:9",
      "note": "Found a bloodstained altar of Trog.",
      "turn": "8595",
      "type": "altar",
    },
    {
      "branch": "Dungeon",
      "data": {
        "god": "Sif Muna",
      },
      "level": "9",
      "location": "Dungeon:9",
      "note": "Found a shimmering blue altar of Sif Muna.",
      "turn": "8781",
      "type": "altar",
    },
    {
      "branch": "Dungeon",
      "data": {
        "god": "Kikubaaqudgha",
      },
      "level": "9",
      "location": "Dungeon:9",
      "note": "Found an ancient bone altar of Kikubaaqudgha.",
      "turn": "9001",
      "type": "altar",
    },
    {
      "branch": "Dungeon",
      "data": {
        "who": "Erica",
      },
      "level": "9",
      "location": "Dungeon:9",
      "note": "Noticed Erica",
      "turn": "9003",
      "type": "unique-noticed",
    },
    {
      "branch": "Dungeon",
      "data": {
        "who": "Erica",
      },
      "level": "9",
      "location": "Dungeon:9",
      "note": "Killed Erica",
      "turn": "9031",
      "type": "unique-killed",
    },
    {
      "branch": "Dungeon",
      "data": {
        "god": "Vehumet",
      },
      "level": "9",
      "location": "Dungeon:9",
      "note": "Found a radiant altar of Vehumet.",
      "turn": "9203",
      "type": "altar",
    },
    {
      "branch": "Dungeon",
      "data": {
        "who": "Gastronok",
      },
      "level": "9",
      "location": "Dungeon:9",
      "note": "Noticed Gastronok",
      "turn": "9273",
      "type": "unique-noticed",
    },
    {
      "branch": "Dungeon",
      "data": {
        "hp": "84",
        "level": "11",
        "mp": "10",
      },
      "level": "10",
      "location": "Dungeon:10",
      "note": "Reached XP level 11. HP: 73/84 MP: 10/10",
      "turn": "9725",
      "type": "experience-level",
    },
    {
      "branch": "Dungeon",
      "data": {
        "level": "1",
        "skill": "Throwing",
      },
      "level": "10",
      "location": "Dungeon:10",
      "note": "Reached skill level 1 in Throwing",
      "turn": "9781",
      "type": "skill-level",
    },
    {
      "branch": "Dungeon",
      "data": {
        "item": "+8 rapier of Moral Flaws {venom, rC++}",
      },
      "level": "10",
      "location": "Dungeon:10",
      "note": "Identified the +8 rapier of Moral Flaws {venom, rC++} (You found it on level 10 of the Dungeon)",
      "turn": "9972",
      "type": "ident-loc",
    },
    {
      "branch": "Dungeon",
      "data": {
        "item": "+8 rapier of Moral Flaws {venom, rC++}",
      },
      "level": "10",
      "location": "Dungeon:10",
      "note": "Identified the +8 rapier of Moral Flaws {venom, rC++} (You found it on level 10 of the Dungeon)",
      "turn": "9972",
      "type": "item",
    },
    {
      "branch": "Dungeon",
      "data": {
        "item": "+10 plate armour of Inaction {rCorr Slay+3}",
      },
      "level": "10",
      "location": "Dungeon:10",
      "note": "Identified the +10 plate armour of Inaction {rCorr Slay+3}",
      "turn": "10067",
      "type": "ident",
    },
    {
      "branch": "Dungeon",
      "data": {
        "item": "+10 plate armour of Inaction {rCorr Slay+3}",
      },
      "level": "10",
      "location": "Dungeon:10",
      "note": "Identified the +10 plate armour of Inaction {rCorr Slay+3}",
      "turn": "10067",
      "type": "item",
    },
    {
      "branch": "Dungeon",
      "data": {
        "level": "5",
        "skill": "Stealth",
      },
      "level": "10",
      "location": "Dungeon:10",
      "note": "Reached skill level 5 in Stealth",
      "turn": "10096",
      "type": "skill-level",
    },
    {
      "branch": "Dungeon",
      "data": {
        "gold": "225",
        "is_valid_shop": false,
        "item": "runed helmet",
      },
      "level": "10",
      "location": "Dungeon:10",
      "note": "Bought a runed helmet for 225 gold pieces",
      "turn": "10990",
      "type": "bought",
    },
    {
      "branch": "Dungeon",
      "data": {
        "gold": "285",
        "is_valid_shop": false,
        "item": "twisted cloak",
      },
      "level": "10",
      "location": "Dungeon:10",
      "note": "Bought a twisted cloak for 285 gold pieces",
      "turn": "10990",
      "type": "bought",
    },
    {
      "branch": "Dungeon",
      "data": {
        "gold": "285",
        "item": "+0 cloak of Lust {*Slow rC++}",
      },
      "level": "10",
      "location": "Dungeon:10",
      "note": "Identified the +0 cloak of Lust {*Slow rC++} (You bought it in a shop on level 10 of the Dungeon)",
      "turn": "11001",
      "type": "ident-bought-loc",
    },
    {
      "branch": "Dungeon",
      "data": {
        "gold": "285",
        "item": "+0 cloak of Lust {*Slow rC++}",
      },
      "level": "10",
      "location": "Dungeon:10",
      "note": "Identified the +0 cloak of Lust {*Slow rC++} (You bought it in a shop on level 10 of the Dungeon)",
      "turn": "11001",
      "type": "item",
    },
    {
      "branch": "Dungeon",
      "data": {
        "who": "Gastronok",
      },
      "level": "9",
      "location": "Dungeon:9",
      "note": "Killed Gastronok",
      "turn": "11268",
      "type": "unique-killed",
    },
    {
      "branch": "Dungeon",
      "data": {
        "hp": "93",
        "level": "12",
        "mp": "11",
      },
      "level": "8",
      "location": "Dungeon:8",
      "note": "Reached XP level 12. HP: 82/93 MP: 11/11",
      "turn": "11586",
      "type": "experience-level",
    },
    {
      "branch": "Lair",
      "data": {
        "who": "Grum",
      },
      "level": "1",
      "location": "Lair:1",
      "note": "Noticed Grum",
      "turn": "11998",
      "type": "unique-noticed",
    },
    {
      "branch": "Lair",
      "data": {
        "who": "Grum",
      },
      "level": "1",
      "location": "Lair:1",
      "note": "Killed Grum",
      "turn": "12007",
      "type": "unique-killed",
    },
    {
      "branch": "Lair",
      "data": {
        "who": "Urug",
      },
      "level": "2",
      "location": "Lair:2",
      "note": "Noticed Urug",
      "turn": "14172",
      "type": "unique-noticed",
    },
    {
      "branch": "Lair",
      "data": {
        "who": "Urug",
      },
      "level": "2",
      "location": "Lair:2",
      "note": "Killed Urug",
      "turn": "14188",
      "type": "unique-killed",
    },
    {
      "branch": "Lair",
      "data": {
        "hp": "101",
        "level": "13",
        "mp": "12",
      },
      "level": "3",
      "location": "Lair:3",
      "note": "Reached XP level 13. HP: 94/101 MP: 12/12",
      "turn": "14672",
      "type": "experience-level",
    },
    {
      "branch": "Lair",
      "data": {
        "level": "1",
        "skill": "Evocations",
      },
      "level": "4",
      "location": "Lair:4",
      "note": "Reached skill level 1 in Evocations",
      "turn": "15976",
      "type": "skill-level",
    },
    {
      "branch": "Lair",
      "data": {
        "level": "2",
        "skill": "Evocations",
      },
      "level": "4",
      "location": "Lair:4",
      "note": "Reached skill level 2 in Evocations",
      "turn": "16207",
      "type": "skill-level",
    },
    {
      "branch": "Lair",
      "data": {
        "god": "Jiyva",
      },
      "level": "5",
      "location": "Lair:5",
      "note": "Found a viscous altar of Jiyva.",
      "turn": "17512",
      "type": "altar",
    },
    {
      "branch": "Lair",
      "data": {
        "level": "3",
        "skill": "Evocations",
      },
      "level": "5",
      "location": "Lair:5",
      "note": "Reached skill level 3 in Evocations",
      "turn": "17683",
      "type": "skill-level",
    },
    {
      "branch": "Lair",
      "data": {
        "level": "10",
        "skill": "Fighting",
      },
      "level": "5",
      "location": "Lair:5",
      "note": "Reached skill level 10 in Fighting",
      "turn": "17752",
      "type": "skill-level",
    },
    {
      "branch": "Lair",
      "data": {
        "hp": "110",
        "level": "14",
        "mp": "15",
      },
      "level": "6",
      "location": "Lair:6",
      "note": "Reached XP level 14. HP: 110/110 MP: 15/15",
      "turn": "17934",
      "type": "experience-level",
    },
    {
      "branch": "Lair",
      "data": {
        "level": "10",
        "skill": "Armour",
      },
      "level": "6",
      "location": "Lair:6",
      "note": "Reached skill level 10 in Armour",
      "turn": "18481",
      "type": "skill-level",
    },
    {
      "branch": "Lair",
      "data": {
        "level": "10",
        "skill": "Shields",
      },
      "level": "6",
      "location": "Lair:6",
      "note": "Reached skill level 10 in Shields",
      "turn": "18481",
      "type": "skill-level",
    },
    {
      "branch": "Lair",
      "data": {
        "level": "4",
        "skill": "Evocations",
      },
      "level": "6",
      "location": "Lair:6",
      "note": "Reached skill level 4 in Evocations",
      "turn": "18573",
      "type": "skill-level",
    },
    {
      "branch": "Lair",
      "data": {
        "level": "10",
        "skill": "Long Blades",
      },
      "level": "6",
      "location": "Lair:6",
      "note": "Reached skill level 10 in Long Blades",
      "turn": "18605",
      "type": "skill-level",
    },
    {
      "branch": "Lair",
      "data": {
        "level": "5",
        "skill": "Throwing",
      },
      "level": "6",
      "location": "Lair:6",
      "note": "Reached skill level 5 in Throwing",
      "turn": "18605",
      "type": "skill-level",
    },
    {
      "branch": "Lair",
      "data": {
        "level": "10",
        "skill": "Dodging",
      },
      "level": "6",
      "location": "Lair:6",
      "note": "Reached skill level 10 in Dodging",
      "turn": "19555",
      "type": "skill-level",
    },
    {
      "branch": "Lair",
      "data": {
        "level": "5",
        "skill": "Evocations",
      },
      "level": "6",
      "location": "Lair:6",
      "note": "Reached skill level 5 in Evocations",
      "turn": "19745",
      "type": "skill-level",
    },
    {
      "branch": "Lair",
      "data": {
        "hp": "117",
        "level": "15",
        "mp": "18",
      },
      "level": "6",
      "location": "Lair:6",
      "note": "Reached XP level 15. HP: 107/117 MP: 18/18",
      "turn": "21208",
      "type": "experience-level",
    },
    {
      "branch": "Lair",
      "data": {
        "level": "6",
        "skill": "Evocations",
      },
      "level": "5",
      "location": "Lair:5",
      "note": "Reached skill level 6 in Evocations",
      "turn": "21785",
      "type": "skill-level",
    },
    {
      "branch": "Dungeon",
      "data": {
        "who": "Sigmund",
      },
      "level": "2",
      "location": "Dungeon:2",
      "note": "Killed Sigmund",
      "turn": "22504",
      "type": "unique-killed",
    },
    {
      "branch": "Orc",
      "data": {
        "level": "7",
        "skill": "Evocations",
      },
      "level": "2",
      "location": "Orc:2",
      "note": "Reached skill level 7 in Evocations",
      "turn": "24043",
      "type": "skill-level",
    },
    {
      "branch": "Orc",
      "data": {
        "god": "Beogh",
      },
      "level": "1",
      "location": "Orc:1",
      "note": "Found a roughly hewn altar of Beogh.",
      "turn": "24518",
      "type": "altar",
    },
    {
      "branch": "Orc",
      "data": {
        "name": "Bixzaup's General Store",
      },
      "level": "2",
      "location": "Orc:2",
      "note": "Found Bixzaup's General Store.",
      "turn": "25590",
      "type": "shop",
    },
    {
      "branch": "Orc",
      "data": {
        "name": "Suvvylam's Distillery",
      },
      "level": "2",
      "location": "Orc:2",
      "note": "Found Suvvylam's Distillery.",
      "turn": "25590",
      "type": "shop",
    },
    {
      "branch": "Orc",
      "data": {
        "name": "Keffuelu's Book Shop",
      },
      "level": "2",
      "location": "Orc:2",
      "note": "Found Keffuelu's Book Shop.",
      "turn": "25592",
      "type": "shop",
    },
    {
      "branch": "Orc",
      "data": {
        "name": "Getro's Armour Shop",
      },
      "level": "2",
      "location": "Orc:2",
      "note": "Found Getro's Armour Shop.",
      "turn": "25611",
      "type": "shop",
    },
    {
      "branch": "Orc",
      "data": {
        "gold": "56",
        "is_valid_shop": true,
        "item": "scroll of fear",
      },
      "level": "2",
      "location": "Orc:2",
      "note": "Bought a scroll of fear for 56 gold pieces",
      "turn": "25714",
      "type": "bought",
    },
    {
      "branch": "Orc",
      "data": {
        "gold": "368",
        "is_valid_shop": true,
        "item": "wand of disintegration (19)",
      },
      "level": "2",
      "location": "Orc:2",
      "note": "Bought a wand of disintegration (19) for 368 gold pieces",
      "turn": "25714",
      "type": "bought",
    },
    {
      "branch": "Orc",
      "data": {
        "gold": "336",
        "is_valid_shop": true,
        "item": "wand of disintegration (17)",
      },
      "level": "2",
      "location": "Orc:2",
      "note": "Bought a wand of disintegration (17) for 336 gold pieces",
      "turn": "25714",
      "type": "bought",
    },
    {
      "branch": "Dungeon",
      "data": {
        "hp": "126",
        "level": "16",
        "mp": "20",
      },
      "level": "11",
      "location": "Dungeon:11",
      "note": "Reached XP level 16. HP: 126/126 MP: 20/20",
      "turn": "26217",
      "type": "experience-level",
    },
    {
      "branch": "Dungeon",
      "data": {
        "who": "Nergalle",
      },
      "level": "12",
      "location": "Dungeon:12",
      "note": "Noticed Nergalle",
      "turn": "27118",
      "type": "unique-noticed",
    },
    {
      "branch": "Dungeon",
      "data": {
        "who": "Nergalle",
      },
      "level": "12",
      "location": "Dungeon:12",
      "note": "Killed Nergalle",
      "turn": "27127",
      "type": "unique-killed",
    },
    {
      "branch": "Dungeon",
      "data": {
        "level": "8",
        "skill": "Evocations",
      },
      "level": "12",
      "location": "Dungeon:12",
      "note": "Reached skill level 8 in Evocations",
      "turn": "27289",
      "type": "skill-level",
    },
    {
      "branch": "Dungeon",
      "data": {
        "item": "Wizejaat's Catalogue of Supportive Orientation",
      },
      "level": "13",
      "location": "Dungeon:13",
      "note": "Identified Wizejaat's Catalogue of Supportive Orientation",
      "turn": "27651",
      "type": "ident",
    },
    {
      "branch": "Dungeon",
      "data": {
        "item": "Wizejaat's Catalogue of Supportive Orientation",
      },
      "level": "13",
      "location": "Dungeon:13",
      "note": "Identified Wizejaat's Catalogue of Supportive Orientation",
      "turn": "27651",
      "type": "item",
    },
    {
      "branch": "Dungeon",
      "data": {
        "level": "9",
        "skill": "Evocations",
      },
      "level": "14",
      "location": "Dungeon:14",
      "note": "Reached skill level 9 in Evocations",
      "turn": "28859",
      "type": "skill-level",
    },
    {
      "branch": "Dungeon",
      "data": {
        "branch": "Vaults",
      },
      "level": "14",
      "location": "Dungeon:14",
      "note": "Found a gate to the Vaults.",
      "turn": "29063",
      "type": "portal",
    },
    {
      "branch": "Dungeon",
      "data": {
        "hp": "133",
        "level": "17",
        "mp": "22",
      },
      "level": "14",
      "location": "Dungeon:14",
      "note": "Reached XP level 17. HP: 133/133 MP: 22/22",
      "turn": "29899",
      "type": "experience-level",
    },
    {
      "branch": "Dungeon",
      "data": {
        "who": "Kirke",
      },
      "level": "15",
      "location": "Dungeon:15",
      "note": "Noticed Kirke",
      "turn": "30430",
      "type": "unique-noticed",
    },
    {
      "branch": "Dungeon",
      "data": {
        "who": "Kirke",
      },
      "level": "15",
      "location": "Dungeon:15",
      "note": "Killed Kirke",
      "turn": "30442",
      "type": "unique-killed",
    },
    {
      "branch": "Lair",
      "data": {
        "gold": "105",
        "is_valid_shop": false,
        "item": "scroll of enchant armour",
      },
      "level": "1",
      "location": "Lair:1",
      "note": "Bought a scroll of enchant armour for 105 gold pieces",
      "turn": "31832",
      "type": "bought",
    },
    {
      "branch": "Lair",
      "data": {
        "gold": "28",
        "is_valid_shop": false,
        "item": "scroll of fog",
      },
      "level": "1",
      "location": "Lair:1",
      "note": "Bought a scroll of fog for 28 gold pieces",
      "turn": "31832",
      "type": "bought",
    },
    {
      "branch": "Lair",
      "data": {
        "gold": "728",
        "is_valid_shop": false,
        "item": "scroll of acquirement",
      },
      "level": "1",
      "location": "Lair:1",
      "note": "Bought a scroll of acquirement for 728 gold pieces",
      "turn": "31832",
      "type": "bought",
    },
    {
      "branch": "Lair",
      "data": {
        "item": "+2 cloak of Muttered Phrases {-Cast rElec rF+} (You acquired it on level 1 of the Lair of Beasts)",
      },
      "level": "1",
      "location": "Lair:1",
      "note": "Identified the +2 cloak of Muttered Phrases {-Cast rElec rF+} (You acquired it on level 1 of the Lair of Beasts)",
      "turn": "31838",
      "type": "ident",
    },
    {
      "branch": "Lair",
      "data": {
        "item": "+2 cloak of Muttered Phrases {-Cast rElec rF+} (You acquired it on level 1 of the Lair of Beasts)",
      },
      "level": "1",
      "location": "Lair:1",
      "note": "Identified the +2 cloak of Muttered Phrases {-Cast rElec rF+} (You acquired it on level 1 of the Lair of Beasts)",
      "turn": "31838",
      "type": "item",
    },
    {
      "branch": "Snake",
      "data": {
        "level": "10",
        "skill": "Evocations",
      },
      "level": "2",
      "location": "Snake:2",
      "note": "Reached skill level 10 in Evocations",
      "turn": "33628",
      "type": "skill-level",
    },
    {
      "branch": "Snake",
      "data": {
        "name": "Nulefunn's Distillery",
      },
      "level": "2",
      "location": "Snake:2",
      "note": "Found Nulefunn's Distillery.",
      "turn": "33848",
      "type": "shop",
    },
    {
      "branch": "Snake",
      "data": {
        "name": "Voinep's Food Emporium",
      },
      "level": "2",
      "location": "Snake:2",
      "note": "Found Voinep's Food Emporium.",
      "turn": "33854",
      "type": "shop",
    },
    {
      "branch": "Snake",
      "data": {
        "who": "Roxanne",
      },
      "level": "2",
      "location": "Snake:2",
      "note": "Noticed Roxanne",
      "turn": "33885",
      "type": "unique-noticed",
    },
    {
      "branch": "Snake",
      "data": {
        "who": "Azrael",
      },
      "level": "3",
      "location": "Snake:3",
      "note": "Noticed Azrael",
      "turn": "35652",
      "type": "unique-noticed",
    },
    {
      "branch": "Snake",
      "data": {
        "who": "Azrael",
      },
      "level": "3",
      "location": "Snake:3",
      "note": "Killed Azrael",
      "turn": "35677",
      "type": "unique-killed",
    },
    {
      "branch": "Snake",
      "data": {
        "hp": "142",
        "level": "18",
        "mp": "24",
      },
      "level": "3",
      "location": "Snake:3",
      "note": "Reached XP level 18. HP: 142/142 MP: 24/24",
      "turn": "36231",
      "type": "experience-level",
    },
    {
      "branch": "Snake",
      "data": {
        "who": "Mara",
      },
      "level": "4",
      "location": "Snake:4",
      "note": "Noticed Mara",
      "turn": "36673",
      "type": "unique-noticed",
    },
    {
      "branch": "Shoals",
      "data": {
        "level": "11",
        "skill": "Evocations",
      },
      "level": "2",
      "location": "Shoals:2",
      "note": "Reached skill level 11 in Evocations",
      "turn": "39059",
      "type": "skill-level",
    },
    {
      "branch": "Shoals",
      "data": {
        "name": "Wacunaop's Book Shop",
      },
      "level": "4",
      "location": "Shoals:4",
      "note": "Found Wacunaop's Book Shop.",
      "turn": "42445",
      "type": "shop",
    },
    {
      "branch": "Shoals",
      "data": {
        "hp": "149",
        "level": "19",
        "mp": "26",
      },
      "level": "4",
      "location": "Shoals:4",
      "note": "Reached XP level 19. HP: 140/149 MP: 26/26",
      "turn": "42610",
      "type": "experience-level",
    },
    {
      "branch": "Vaults",
      "data": {
        "item": "+1 pair of boots of running",
      },
      "level": "1",
      "location": "Vaults:1",
      "note": "Identified a +1 pair of boots of running (You found it on level 1 of the Vaults)",
      "turn": "44070",
      "type": "ident-loc",
    },
    {
      "branch": "Vaults",
      "data": {
        "item": "+1 pair of boots of running",
      },
      "level": "1",
      "location": "Vaults:1",
      "note": "Identified a +1 pair of boots of running (You found it on level 1 of the Vaults)",
      "turn": "44070",
      "type": "item",
    },
    {
      "branch": "WizLab",
      "data": {
        "level": "12",
        "skill": "Evocations",
      },
      "level": undefined,
      "location": "WizLab",
      "note": "Reached skill level 12 in Evocations",
      "turn": "45128",
      "type": "skill-level",
    },
    {
      "branch": "WizLab",
      "data": {
        "god": "Makhleb",
      },
      "level": undefined,
      "location": "WizLab",
      "note": "Found a burning altar of Makhleb.",
      "turn": "45363",
      "type": "altar",
    },
    {
      "branch": "WizLab",
      "data": {
        "item": "Sif Muna's Reference Book on the Entourage",
      },
      "level": undefined,
      "location": "WizLab",
      "note": "Identified Sif Muna's Reference Book on the Entourage",
      "turn": "45397",
      "type": "ident",
    },
    {
      "branch": "WizLab",
      "data": {
        "item": "Sif Muna's Reference Book on the Entourage",
      },
      "level": undefined,
      "location": "WizLab",
      "note": "Identified Sif Muna's Reference Book on the Entourage",
      "turn": "45397",
      "type": "item",
    },
    {
      "branch": "Vaults",
      "data": {
        "level": "10",
        "skill": "Stealth",
      },
      "level": "1",
      "location": "Vaults:1",
      "note": "Reached skill level 10 in Stealth",
      "turn": "46621",
      "type": "skill-level",
    },
    {
      "branch": "Vaults",
      "data": {
        "hp": "158",
        "level": "20",
        "mp": "28",
      },
      "level": "1",
      "location": "Vaults:1",
      "note": "Reached XP level 20. HP: 107/158 MP: 28/28",
      "turn": "46631",
      "type": "experience-level",
    },
    {
      "branch": "Vaults",
      "data": {
        "level": "13",
        "skill": "Evocations",
      },
      "level": "3",
      "location": "Vaults:3",
      "note": "Reached skill level 13 in Evocations",
      "turn": "50809",
      "type": "skill-level",
    },
    {
      "branch": "Vaults",
      "data": {
        "item": "+1 scale mail of the Hundredfold Ghosts {rPois}",
      },
      "level": "3",
      "location": "Vaults:3",
      "note": "Identified the +1 scale mail of the Hundredfold Ghosts {rPois} (You found it on level 3 of the Vaults)",
      "turn": "51024",
      "type": "ident-loc",
    },
    {
      "branch": "Vaults",
      "data": {
        "item": "+1 scale mail of the Hundredfold Ghosts {rPois}",
      },
      "level": "3",
      "location": "Vaults:3",
      "note": "Identified the +1 scale mail of the Hundredfold Ghosts {rPois} (You found it on level 3 of the Vaults)",
      "turn": "51024",
      "type": "item",
    },
    {
      "branch": "Vaults",
      "data": {
        "hp": "165",
        "level": "21",
        "mp": "29",
      },
      "level": "3",
      "location": "Vaults:3",
      "note": "Reached XP level 21. HP: 165/165 MP: 29/29",
      "turn": "51500",
      "type": "experience-level",
    },
    {
      "branch": "Vaults",
      "data": {
        "who": "Mennas",
      },
      "level": "3",
      "location": "Vaults:3",
      "note": "Noticed Mennas",
      "turn": "52017",
      "type": "unique-noticed",
    },
    {
      "branch": "Vaults",
      "data": {
        "who": "Mennas",
      },
      "level": "3",
      "location": "Vaults:3",
      "note": "Killed Mennas",
      "turn": "52050",
      "type": "unique-killed",
    },
    {
      "branch": "Vaults",
      "data": {
        "name": "Ticevuy's Antique Weapon Boutique",
      },
      "level": "3",
      "location": "Vaults:3",
      "note": "Found Ticevuy's Antique Weapon Boutique.",
      "turn": "53971",
      "type": "shop",
    },
    {
      "branch": "Vaults",
      "data": {
        "name": "Xisim's General Store",
      },
      "level": "4",
      "location": "Vaults:4",
      "note": "Found Xisim's General Store.",
      "turn": "54577",
      "type": "shop",
    },
    {
      "branch": "Vaults",
      "data": {
        "gold": "560",
        "is_valid_shop": true,
        "item": "phial of floods",
      },
      "level": "4",
      "location": "Vaults:4",
      "note": "Bought a phial of floods for 560 gold pieces",
      "turn": "54585",
      "type": "bought",
    },
    {
      "branch": "Lair",
      "data": {
        "gold": "42",
        "is_valid_shop": false,
        "item": "scroll of identify",
      },
      "level": "1",
      "location": "Lair:1",
      "note": "Bought a scroll of identify for 42 gold pieces",
      "turn": "54898",
      "type": "bought",
    },
    {
      "branch": "Lair",
      "data": {
        "gold": "220",
        "is_valid_shop": false,
        "item": "3 scrolls of fear",
      },
      "level": "1",
      "location": "Lair:1",
      "note": "Bought 3 scrolls of fear for 220 gold pieces",
      "turn": "54898",
      "type": "bought",
    },
    {
      "branch": "Lair",
      "data": {
        "gold": "42",
        "is_valid_shop": false,
        "item": "scroll of identify",
      },
      "level": "1",
      "location": "Lair:1",
      "note": "Bought a scroll of identify for 42 gold pieces",
      "turn": "54898",
      "type": "bought",
    },
    {
      "branch": "Vaults",
      "data": {
        "name": "Sid Vom's Armour Shoppe",
      },
      "level": "4",
      "location": "Vaults:4",
      "note": "Found Sid Vom's Armour Shoppe.",
      "turn": "55789",
      "type": "shop",
    },
    {
      "branch": "Vaults",
      "data": {
        "name": "Eduvime's Gadget Shop",
      },
      "level": "4",
      "location": "Vaults:4",
      "note": "Found Eduvime's Gadget Shop.",
      "turn": "55875",
      "type": "shop",
    },
    {
      "branch": "Vaults",
      "data": {
        "gold": "420",
        "is_valid_shop": true,
        "item": "box of beasts",
      },
      "level": "4",
      "location": "Vaults:4",
      "note": "Bought a box of beasts for 420 gold pieces",
      "turn": "55880",
      "type": "bought",
    },
    {
      "branch": "Vaults",
      "data": {
        "hp": "173",
        "level": "22",
        "mp": "31",
      },
      "level": "4",
      "location": "Vaults:4",
      "note": "Reached XP level 22. HP: 145/173 MP: 31/31",
      "turn": "55954",
      "type": "experience-level",
    },
    {
      "branch": "Vaults",
      "data": {
        "level": "14",
        "skill": "Evocations",
      },
      "level": "4",
      "location": "Vaults:4",
      "note": "Reached skill level 14 in Evocations",
      "turn": "55973",
      "type": "skill-level",
    },
    {
      "branch": "Vaults",
      "data": {
        "name": "Ylaxeidgh's General Store",
      },
      "level": "4",
      "location": "Vaults:4",
      "note": "Found Ylaxeidgh's General Store.",
      "turn": "56586",
      "type": "shop",
    },
    {
      "branch": "Vaults",
      "data": {
        "gold": "170",
        "is_valid_shop": true,
        "item": "wand of paralysis (8)",
      },
      "level": "4",
      "location": "Vaults:4",
      "note": "Bought a wand of paralysis (8) for 170 gold pieces",
      "turn": "56592",
      "type": "bought",
    },
    {
      "branch": "Vaults",
      "data": {
        "gold": "374",
        "is_valid_shop": true,
        "item": "wand of acid (7)",
      },
      "level": "4",
      "location": "Vaults:4",
      "note": "Bought a wand of acid (7) for 374 gold pieces",
      "turn": "56592",
      "type": "bought",
    },
    {
      "branch": "Vaults",
      "data": {
        "gold": "374",
        "is_valid_shop": true,
        "item": "wand of digging (7)",
      },
      "level": "4",
      "location": "Vaults:4",
      "note": "Bought a wand of digging (7) for 374 gold pieces",
      "turn": "56592",
      "type": "bought",
    },
    {
      "branch": "Vaults",
      "data": {
        "item": "cursed +0 chain mail "Niakh" {rPois rC- MP+9 Stlth+}",
      },
      "level": "4",
      "location": "Vaults:4",
      "note": "Identified the cursed +0 chain mail "Niakh" {rPois rC- MP+9 Stlth+}",
      "turn": "56960",
      "type": "ident",
    },
    {
      "branch": "Vaults",
      "data": {
        "item": "cursed +0 chain mail "Niakh" {rPois rC- MP+9 Stlth+}",
      },
      "level": "4",
      "location": "Vaults:4",
      "note": "Identified the cursed +0 chain mail "Niakh" {rPois rC- MP+9 Stlth+}",
      "turn": "56960",
      "type": "item",
    },
    {
      "branch": "Vaults",
      "data": {
        "name": "Dodut's Gadget Emporium",
      },
      "level": "4",
      "location": "Vaults:4",
      "note": "Found Dodut's Gadget Emporium.",
      "turn": "57283",
      "type": "shop",
    },
    {
      "branch": "Vaults",
      "data": {
        "gold": "759",
        "is_valid_shop": true,
        "item": "wand of scattershot (7)",
      },
      "level": "4",
      "location": "Vaults:4",
      "note": "Bought a wand of scattershot (7) for 759 gold pieces",
      "turn": "57299",
      "type": "bought",
    },
    {
      "branch": "Depths",
      "data": {
        "branch": "Hell",
      },
      "level": "1",
      "location": "Depths:1",
      "note": "Found a gateway to Hell.",
      "turn": "58107",
      "type": "portal",
    },
    {
      "branch": "Depths",
      "data": {
        "level": "15",
        "skill": "Fighting",
      },
      "level": "1",
      "location": "Depths:1",
      "note": "Reached skill level 15 in Fighting",
      "turn": "58416",
      "type": "skill-level",
    },
    {
      "branch": "Depths",
      "data": {
        "branch": "Abyss",
      },
      "level": "1",
      "location": "Depths:1",
      "note": "Found a one-way gate to the infinite horrors of the Abyss.",
      "turn": "58918",
      "type": "portal",
    },
    {
      "branch": "Depths",
      "data": {
        "level": "10",
        "skill": "Throwing",
      },
      "level": "1",
      "location": "Depths:1",
      "note": "Reached skill level 10 in Throwing",
      "turn": "59119",
      "type": "skill-level",
    },
    {
      "branch": "Depths",
      "data": {
        "level": "15",
        "skill": "Shields",
      },
      "level": "1",
      "location": "Depths:1",
      "note": "Reached skill level 15 in Shields",
      "turn": "59198",
      "type": "skill-level",
    },
    {
      "branch": "Depths",
      "data": {
        "level": "15",
        "skill": "Long Blades",
      },
      "level": "1",
      "location": "Depths:1",
      "note": "Reached skill level 15 in Long Blades",
      "turn": "59549",
      "type": "skill-level",
    },
    {
      "branch": "Depths",
      "data": {
        "level": "15",
        "skill": "Armour",
      },
      "level": "1",
      "location": "Depths:1",
      "note": "Reached skill level 15 in Armour",
      "turn": "59734",
      "type": "skill-level",
    },
    {
      "branch": "Depths",
      "data": {
        "name": "Beogyoha's Assorted Antiques",
      },
      "level": "2",
      "location": "Depths:2",
      "note": "Found Beogyoha's Assorted Antiques.",
      "turn": "59859",
      "type": "shop",
    },
    {
      "branch": "Depths",
      "data": {
        "gold": "185",
        "is_valid_shop": true,
        "item": "serpentine glass ring",
      },
      "level": "2",
      "location": "Depths:2",
      "note": "Bought a serpentine glass ring for 185 gold pieces",
      "turn": "59966",
      "type": "bought",
    },
    {
      "branch": "Depths",
      "data": {
        "gold": "185",
        "item": "ring "Fues" {rPois rC+ rN+ Str-2 Int+4}",
      },
      "level": "2",
      "location": "Depths:2",
      "note": "Identified the ring "Fues" {rPois rC+ rN+ Str-2 Int+4} (You bought it in a shop on level 2 of the Depths)",
      "turn": "59966",
      "type": "ident-bought-loc",
    },
    {
      "branch": "Depths",
      "data": {
        "gold": "185",
        "item": "ring "Fues" {rPois rC+ rN+ Str-2 Int+4}",
      },
      "level": "2",
      "location": "Depths:2",
      "note": "Identified the ring "Fues" {rPois rC+ rN+ Str-2 Int+4} (You bought it in a shop on level 2 of the Depths)",
      "turn": "59966",
      "type": "item",
    },
    {
      "branch": "Depths",
      "data": {
        "who": "the Enchantress",
      },
      "level": "2",
      "location": "Depths:2",
      "note": "Noticed the Enchantress",
      "turn": "60566",
      "type": "unique-noticed",
    },
    {
      "branch": "Depths",
      "data": {
        "who": "the Enchantress",
      },
      "level": "2",
      "location": "Depths:2",
      "note": "Killed the Enchantress",
      "turn": "60595",
      "type": "unique-killed",
    },
    {
      "branch": "Depths",
      "data": {
        "hp": "181",
        "level": "23",
        "mp": "33",
      },
      "level": "2",
      "location": "Depths:2",
      "note": "Reached XP level 23. HP: 125/181 MP: 33/33",
      "turn": "60595",
      "type": "experience-level",
    },
    {
      "branch": "Depths",
      "data": {
        "level": "15",
        "skill": "Dodging",
      },
      "level": "2",
      "location": "Depths:2",
      "note": "Reached skill level 15 in Dodging",
      "turn": "60693",
      "type": "skill-level",
    },
    {
      "branch": "Depths",
      "data": {
        "name": "Viedasob's Jewellery Shop",
      },
      "level": "2",
      "location": "Depths:2",
      "note": "Found Viedasob's Jewellery Shop.",
      "turn": "61204",
      "type": "shop",
    },
    {
      "branch": "Depths",
      "data": {
        "name": "Nefan's Magic Scroll Shop",
      },
      "level": "2",
      "location": "Depths:2",
      "note": "Found Nefan's Magic Scroll Shop.",
      "turn": "61233",
      "type": "shop",
    },
    {
      "branch": "Depths",
      "data": {
        "gold": "52",
        "is_valid_shop": true,
        "item": "scroll of magic mapping",
      },
      "level": "2",
      "location": "Depths:2",
      "note": "Bought a scroll of magic mapping for 52 gold pieces",
      "turn": "61250",
      "type": "bought",
    },
    {
      "branch": "Depths",
      "data": {
        "gold": "52",
        "is_valid_shop": true,
        "item": "scroll of magic mapping",
      },
      "level": "2",
      "location": "Depths:2",
      "note": "Bought a scroll of magic mapping for 52 gold pieces",
      "turn": "61250",
      "type": "bought",
    },
    {
      "branch": "Depths",
      "data": {
        "gold": "52",
        "is_valid_shop": true,
        "item": "scroll of magic mapping",
      },
      "level": "2",
      "location": "Depths:2",
      "note": "Bought a scroll of magic mapping for 52 gold pieces",
      "turn": "61250",
      "type": "bought",
    },
    {
      "branch": "Depths",
      "data": {
        "level": "15",
        "skill": "Evocations",
      },
      "level": "2",
      "location": "Depths:2",
      "note": "Reached skill level 15 in Evocations",
      "turn": "61307",
      "type": "skill-level",
    },
    {
      "branch": "Depths",
      "data": {
        "name": "Cyhunoik's Food Shop",
      },
      "level": "2",
      "location": "Depths:2",
      "note": "Found Cyhunoik's Food Shop.",
      "turn": "61756",
      "type": "shop",
    },
    {
      "branch": "Depths",
      "data": {
        "name": "Unyighy's Food Boutique",
      },
      "level": "2",
      "location": "Depths:2",
      "note": "Found Unyighy's Food Boutique.",
      "turn": "62141",
      "type": "shop",
    },
    {
      "branch": "Depths",
      "data": {
        "hp": "190",
        "level": "24",
        "mp": "33",
      },
      "level": "3",
      "location": "Depths:3",
      "note": "Reached XP level 24. HP: 154/190 MP: 33/33",
      "turn": "64218",
      "type": "experience-level",
    },
    {
      "branch": "Depths",
      "data": {
        "branch": "Pandemonium",
      },
      "level": "3",
      "location": "Depths:3",
      "note": "Found a one-way gate leading to the halls of Pandemonium.",
      "turn": "64566",
      "type": "portal",
    },
    {
      "branch": "Depths",
      "data": {
        "branch": "Ziggurat",
      },
      "level": "3",
      "location": "Depths:3",
      "note": "Found a gateway to a ziggurat.",
      "turn": "65137",
      "type": "portal",
    },
    {
      "branch": "Depths",
      "data": {
        "who": "Sojobo",
      },
      "level": "4",
      "location": "Depths:4",
      "note": "Noticed Sojobo",
      "turn": "65885",
      "type": "unique-noticed",
    },
    {
      "branch": "Depths",
      "data": {
        "who": "Margery",
      },
      "level": "4",
      "location": "Depths:4",
      "note": "Noticed Margery",
      "turn": "65906",
      "type": "unique-noticed",
    },
    {
      "branch": "Depths",
      "data": {
        "who": "Sojobo",
      },
      "level": "4",
      "location": "Depths:4",
      "note": "Killed Sojobo",
      "turn": "65923",
      "type": "unique-killed",
    },
    {
      "branch": "Depths",
      "data": {
        "who": "Margery",
      },
      "level": "4",
      "location": "Depths:4",
      "note": "Killed Margery",
      "turn": "65932",
      "type": "unique-killed",
    },
    {
      "branch": "Depths",
      "data": {
        "level": "16",
        "skill": "Evocations",
      },
      "level": "4",
      "location": "Depths:4",
      "note": "Reached skill level 16 in Evocations",
      "turn": "66417",
      "type": "skill-level",
    },
    {
      "branch": "Depths",
      "data": {
        "hp": "197",
        "level": "25",
        "mp": "34",
      },
      "level": "4",
      "location": "Depths:4",
      "note": "Reached XP level 25. HP: 175/197 MP: 34/34",
      "turn": "66941",
      "type": "experience-level",
    },
    {
      "branch": "Depths",
      "data": {
        "branch": "Zot",
      },
      "level": "5",
      "location": "Depths:5",
      "note": "Found a gate to the Realm of Zot.",
      "turn": "69240",
      "type": "portal",
    },
    {
      "branch": "Depths",
      "data": {
        "name": "Doikh's Jewellery Shoppe",
      },
      "level": "5",
      "location": "Depths:5",
      "note": "Found Doikh's Jewellery Shoppe.",
      "turn": "69365",
      "type": "shop",
    },
    {
      "branch": "Depths",
      "data": {
        "name": "Inimin's Gadget Boutique",
      },
      "level": "5",
      "location": "Depths:5",
      "note": "Found Inimin's Gadget Boutique.",
      "turn": "69365",
      "type": "shop",
    },
    {
      "branch": "Depths",
      "data": {
        "name": "Vadghug's Gadget Boutique",
      },
      "level": "5",
      "location": "Depths:5",
      "note": "Found Vadghug's Gadget Boutique.",
      "turn": "69366",
      "type": "shop",
    },
    {
      "branch": "Depths",
      "data": {
        "gold": "480",
        "is_valid_shop": true,
        "item": "wand of scattershot (4)",
      },
      "level": "5",
      "location": "Depths:5",
      "note": "Bought a wand of scattershot (4) for 480 gold pieces",
      "turn": "69385",
      "type": "bought",
    },
    {
      "branch": "Depths",
      "data": {
        "gold": "400",
        "is_valid_shop": true,
        "item": "box of beasts",
      },
      "level": "5",
      "location": "Depths:5",
      "note": "Bought a box of beasts for 400 gold pieces",
      "turn": "69385",
      "type": "bought",
    },
    {
      "branch": "Depths",
      "data": {
        "gold": "400",
        "is_valid_shop": true,
        "item": "box of beasts",
      },
      "level": "5",
      "location": "Depths:5",
      "note": "Bought a box of beasts for 400 gold pieces",
      "turn": "69385",
      "type": "bought",
    },
    {
      "branch": "Depths",
      "data": {
        "gold": "440",
        "is_valid_shop": true,
        "item": "wand of acid (7)",
      },
      "level": "5",
      "location": "Depths:5",
      "note": "Bought a wand of acid (7) for 440 gold pieces",
      "turn": "69385",
      "type": "bought",
    },
    {
      "branch": "Depths",
      "data": {
        "gold": "480",
        "is_valid_shop": true,
        "item": "box of beasts",
      },
      "level": "5",
      "location": "Depths:5",
      "note": "Bought a box of beasts for 480 gold pieces",
      "turn": "69389",
      "type": "bought",
    },
    {
      "branch": "Depths",
      "data": {
        "gold": "648",
        "is_valid_shop": true,
        "item": "wand of clouds (5)",
      },
      "level": "5",
      "location": "Depths:5",
      "note": "Bought a wand of clouds (5) for 648 gold pieces",
      "turn": "69389",
      "type": "bought",
    },
    {
      "branch": "Depths",
      "data": {
        "item": "-3 kite shield of the Snail {rElec Dex+3} (You acquired it on level 5 of the Depths)",
      },
      "level": "5",
      "location": "Depths:5",
      "note": "Identified the -3 kite shield of the Snail {rElec Dex+3} (You acquired it on level 5 of the Depths)",
      "turn": "69494",
      "type": "ident",
    },
    {
      "branch": "Depths",
      "data": {
        "item": "-3 kite shield of the Snail {rElec Dex+3} (You acquired it on level 5 of the Depths)",
      },
      "level": "5",
      "location": "Depths:5",
      "note": "Identified the -3 kite shield of the Snail {rElec Dex+3} (You acquired it on level 5 of the Depths)",
      "turn": "69494",
      "type": "item",
    },
    {
      "branch": "Lair",
      "data": {
        "gold": "300",
        "is_valid_shop": false,
        "item": "runed cloak",
      },
      "level": "1",
      "location": "Lair:1",
      "note": "Bought a runed cloak for 300 gold pieces",
      "turn": "69794",
      "type": "bought",
    },
    {
      "branch": "Vaults",
      "data": {
        "hp": "206",
        "level": "26",
        "mp": "34",
      },
      "level": "5",
      "location": "Vaults:5",
      "note": "Reached XP level 26. HP: 189/206 MP: 34/34",
      "turn": "70070",
      "type": "experience-level",
    },
    {
      "branch": "Vaults",
      "data": {
        "level": "17",
        "skill": "Evocations",
      },
      "level": "5",
      "location": "Vaults:5",
      "note": "Reached skill level 17 in Evocations",
      "turn": "70071",
      "type": "skill-level",
    },
    {
      "branch": "Vaults",
      "data": {
        "item": "cursed +2 falchion "Z" {vorpal, rPois rN+ Str-2 Dex+2}",
      },
      "level": "5",
      "location": "Vaults:5",
      "note": "Identified the cursed +2 falchion "Z" {vorpal, rPois rN+ Str-2 Dex+2}",
      "turn": "70573",
      "type": "ident",
    },
    {
      "branch": "Vaults",
      "data": {
        "item": "cursed +2 falchion "Z" {vorpal, rPois rN+ Str-2 Dex+2}",
      },
      "level": "5",
      "location": "Vaults:5",
      "note": "Identified the cursed +2 falchion "Z" {vorpal, rPois rN+ Str-2 Dex+2}",
      "turn": "70573",
      "type": "item",
    },
    {
      "branch": "Vaults",
      "data": {
        "item": "+1 battleaxe of Disaster {vamp, +Rage rPois rF- Stlth+}",
      },
      "level": "5",
      "location": "Vaults:5",
      "note": "Identified the +1 battleaxe of Disaster {vamp, +Rage rPois rF- Stlth+}",
      "turn": "72240",
      "type": "ident",
    },
    {
      "branch": "Vaults",
      "data": {
        "item": "+1 battleaxe of Disaster {vamp, +Rage rPois rF- Stlth+}",
      },
      "level": "5",
      "location": "Vaults:5",
      "note": "Identified the +1 battleaxe of Disaster {vamp, +Rage rPois rF- Stlth+}",
      "turn": "72240",
      "type": "item",
    },
    {
      "branch": "Vaults",
      "data": {
        "hp": "215",
        "level": "27",
        "mp": "34",
      },
      "level": "5",
      "location": "Vaults:5",
      "note": "Reached XP level 27. HP: 215/215 MP: 34/34",
      "turn": "72471",
      "type": "experience-level",
    },
    {
      "branch": "Vaults",
      "data": {
        "item": "Kegumy's Almanac of the Ageless People",
      },
      "level": "5",
      "location": "Vaults:5",
      "note": "Identified Kegumy's Almanac of the Ageless People",
      "turn": "72720",
      "type": "ident",
    },
    {
      "branch": "Vaults",
      "data": {
        "item": "Kegumy's Almanac of the Ageless People",
      },
      "level": "5",
      "location": "Vaults:5",
      "note": "Identified Kegumy's Almanac of the Ageless People",
      "turn": "72720",
      "type": "item",
    },
    {
      "branch": "Vaults",
      "data": {
        "item": "+10 rapier of Bloody Death {drain, rPois rF- MR+++}",
      },
      "level": "5",
      "location": "Vaults:5",
      "note": "Identified the +10 rapier of Bloody Death {drain, rPois rF- MR+++}",
      "turn": "72937",
      "type": "ident",
    },
    {
      "branch": "Vaults",
      "data": {
        "item": "+10 rapier of Bloody Death {drain, rPois rF- MR+++}",
      },
      "level": "5",
      "location": "Vaults:5",
      "note": "Identified the +10 rapier of Bloody Death {drain, rPois rF- MR+++}",
      "turn": "72937",
      "type": "item",
    },
    {
      "branch": "Vaults",
      "data": {
        "item": "+5 morningstar of Hepuoto {vorpal, *Noise +Fly rElec Dex+5}",
      },
      "level": "5",
      "location": "Vaults:5",
      "note": "Identified the +5 morningstar of Hepuoto {vorpal, *Noise +Fly rElec Dex+5}",
      "turn": "73865",
      "type": "ident",
    },
    {
      "branch": "Vaults",
      "data": {
        "item": "+5 morningstar of Hepuoto {vorpal, *Noise +Fly rElec Dex+5}",
      },
      "level": "5",
      "location": "Vaults:5",
      "note": "Identified the +5 morningstar of Hepuoto {vorpal, *Noise +Fly rElec Dex+5}",
      "turn": "73865",
      "type": "item",
    },
    {
      "branch": "Vaults",
      "data": {
        "item": "+2 pair of boots "Dezamohu" {MR- Str+2 Int+2 Dex+4}",
      },
      "level": "5",
      "location": "Vaults:5",
      "note": "Identified the +2 pair of boots "Dezamohu" {MR- Str+2 Int+2 Dex+4} (You found it on level 5 of the Vaults)",
      "turn": "74107",
      "type": "ident-loc",
    },
    {
      "branch": "Vaults",
      "data": {
        "item": "+2 pair of boots "Dezamohu" {MR- Str+2 Int+2 Dex+4}",
      },
      "level": "5",
      "location": "Vaults:5",
      "note": "Identified the +2 pair of boots "Dezamohu" {MR- Str+2 Int+2 Dex+4} (You found it on level 5 of the Vaults)",
      "turn": "74107",
      "type": "item",
    },
    {
      "branch": "Slime",
      "data": {
        "level": "18",
        "skill": "Evocations",
      },
      "level": "2",
      "location": "Slime:2",
      "note": "Reached skill level 18 in Evocations",
      "turn": "76720",
      "type": "skill-level",
    },
    {
      "branch": "Slime",
      "data": {
        "who": "Dissolution",
      },
      "level": "4",
      "location": "Slime:4",
      "note": "Noticed Dissolution",
      "turn": "76844",
      "type": "unique-noticed",
    },
    {
      "branch": "Slime",
      "data": {
        "who": "Dissolution",
      },
      "level": "3",
      "location": "Slime:3",
      "note": "Killed Dissolution",
      "turn": "76853",
      "type": "unique-killed",
    },
    {
      "branch": "Slime",
      "data": {
        "god": "Jiyva",
      },
      "level": "5",
      "location": "Slime:5",
      "note": "Found a viscous altar of Jiyva.",
      "turn": "78292",
      "type": "altar",
    },
    {
      "branch": "Slime",
      "data": {
        "who": "the Royal Jelly",
      },
      "level": "5",
      "location": "Slime:5",
      "note": "Noticed the Royal Jelly",
      "turn": "78293",
      "type": "unique-noticed",
    },
    {
      "branch": "Slime",
      "data": {
        "item": "+18 shield of the Gong {rElec rN+ MR+ EV-5}",
      },
      "level": "5",
      "location": "Slime:5",
      "note": "Found the +18 shield of the Gong {rElec rN+ MR+ EV-5}",
      "turn": "78296",
      "type": "found",
    },
    {
      "branch": "Slime",
      "data": {
        "item": "+18 shield of the Gong {rElec rN+ MR+ EV-5}",
      },
      "level": "5",
      "location": "Slime:5",
      "note": "Found the +18 shield of the Gong {rElec rN+ MR+ EV-5}",
      "turn": "78296",
      "type": "item",
    },
    {
      "branch": "Slime",
      "data": {
        "who": "the Royal Jelly",
      },
      "level": "5",
      "location": "Slime:5",
      "note": "Killed the Royal Jelly",
      "turn": "78325",
      "type": "unique-killed",
    },
    {
      "branch": "Slime",
      "data": {
        "item": "amulet of Vitality {Regen+ HP+15}",
      },
      "level": "5",
      "location": "Slime:5",
      "note": "Found the amulet of Vitality {Regen+ HP+15}",
      "turn": "78384",
      "type": "found",
    },
    {
      "branch": "Slime",
      "data": {
        "item": "amulet of Vitality {Regen+ HP+15}",
      },
      "level": "5",
      "location": "Slime:5",
      "note": "Found the amulet of Vitality {Regen+ HP+15}",
      "turn": "78384",
      "type": "item",
    },
    {
      "branch": "Lair",
      "data": {
        "gold": "790",
        "is_valid_shop": false,
        "item": "ring of Ydafu {rC+ MR+ Str+3}",
      },
      "level": "1",
      "location": "Lair:1",
      "note": "Bought the ring of Ydafu {rC+ MR+ Str+3} for 790 gold pieces",
      "turn": "78745",
      "type": "bought",
    },
    {
      "branch": "Elf",
      "data": {
        "god": "Kikubaaqudgha",
      },
      "level": "2",
      "location": "Elf:2",
      "note": "Found an ancient bone altar of Kikubaaqudgha.",
      "turn": "80261",
      "type": "altar",
    },
    {
      "branch": "Elf",
      "data": {
        "item": "+1 rapier "Hydraslayer" {vorpal, rElec rC+}",
      },
      "level": "3",
      "location": "Elf:3",
      "note": "Identified the +1 rapier "Hydraslayer" {vorpal, rElec rC+}",
      "turn": "82036",
      "type": "ident",
    },
    {
      "branch": "Elf",
      "data": {
        "item": "+1 rapier "Hydraslayer" {vorpal, rElec rC+}",
      },
      "level": "3",
      "location": "Elf:3",
      "note": "Identified the +1 rapier "Hydraslayer" {vorpal, rElec rC+}",
      "turn": "82036",
      "type": "item",
    },
    {
      "branch": "Elf",
      "data": {
        "item": "+8 flail of Midwinter {freeze, *Corrode Str+8}",
      },
      "level": "3",
      "location": "Elf:3",
      "note": "Identified the +8 flail of Midwinter {freeze, *Corrode Str+8}",
      "turn": "82058",
      "type": "ident",
    },
    {
      "branch": "Elf",
      "data": {
        "item": "+8 flail of Midwinter {freeze, *Corrode Str+8}",
      },
      "level": "3",
      "location": "Elf:3",
      "note": "Identified the +8 flail of Midwinter {freeze, *Corrode Str+8}",
      "turn": "82058",
      "type": "item",
    },
    {
      "branch": "Elf",
      "data": {
        "item": "ring of Equilibrium {rF+++ rCorr Dex-3 Stlth+}",
      },
      "level": "3",
      "location": "Elf:3",
      "note": "Identified the ring of Equilibrium {rF+++ rCorr Dex-3 Stlth+}",
      "turn": "82058",
      "type": "ident",
    },
    {
      "branch": "Elf",
      "data": {
        "item": "ring of Equilibrium {rF+++ rCorr Dex-3 Stlth+}",
      },
      "level": "3",
      "location": "Elf:3",
      "note": "Identified the ring of Equilibrium {rF+++ rCorr Dex-3 Stlth+}",
      "turn": "82058",
      "type": "item",
    },
    {
      "branch": "Elf",
      "data": {
        "item": "cursed +1 glaive of Light {freeze, rN++}",
      },
      "level": "3",
      "location": "Elf:3",
      "note": "Identified the cursed +1 glaive of Light {freeze, rN++}",
      "turn": "82892",
      "type": "ident",
    },
    {
      "branch": "Elf",
      "data": {
        "item": "cursed +1 glaive of Light {freeze, rN++}",
      },
      "level": "3",
      "location": "Elf:3",
      "note": "Identified the cursed +1 glaive of Light {freeze, rN++}",
      "turn": "82892",
      "type": "item",
    },
    {
      "branch": "Elf",
      "data": {
        "item": "+5 short sword "Killer Klown's Regret" {vorpal, +Blink rC+ SInv}",
      },
      "level": "3",
      "location": "Elf:3",
      "note": "Identified the +5 short sword "Killer Klown's Regret" {vorpal, +Blink rC+ SInv}",
      "turn": "82898",
      "type": "ident",
    },
    {
      "branch": "Elf",
      "data": {
        "item": "+5 short sword "Killer Klown's Regret" {vorpal, +Blink rC+ SInv}",
      },
      "level": "3",
      "location": "Elf:3",
      "note": "Identified the +5 short sword "Killer Klown's Regret" {vorpal, +Blink rC+ SInv}",
      "turn": "82898",
      "type": "item",
    },
    {
      "branch": "Elf",
      "data": {
        "level": "19",
        "skill": "Evocations",
      },
      "level": "3",
      "location": "Elf:3",
      "note": "Reached skill level 19 in Evocations",
      "turn": "83458",
      "type": "skill-level",
    },
    {
      "branch": "Elf",
      "data": {
        "item": "ring "Icinogh" {Int+2 Slay+6}",
      },
      "level": "3",
      "location": "Elf:3",
      "note": "Identified the ring "Icinogh" {Int+2 Slay+6} (You found it on level 3 of the Elven Halls)",
      "turn": "83678",
      "type": "ident-loc",
    },
    {
      "branch": "Elf",
      "data": {
        "item": "ring "Icinogh" {Int+2 Slay+6}",
      },
      "level": "3",
      "location": "Elf:3",
      "note": "Identified the ring "Icinogh" {Int+2 Slay+6} (You found it on level 3 of the Elven Halls)",
      "turn": "83678",
      "type": "item",
    },
    {
      "branch": "Lair",
      "data": {
        "gold": "624",
        "is_valid_shop": false,
        "item": "+2 demon blade of freezing",
      },
      "level": "1",
      "location": "Lair:1",
      "note": "Bought a +2 demon blade of freezing for 624 gold pieces",
      "turn": "84040",
      "type": "bought",
    },
    {
      "branch": "Dungeon",
      "data": {
        "gold": "225",
        "is_valid_shop": false,
        "item": "pair of embroidered gloves",
      },
      "level": "10",
      "location": "Dungeon:10",
      "note": "Bought a pair of embroidered gloves for 225 gold pieces",
      "turn": "84170",
      "type": "bought",
    },
    {
      "branch": "Zot",
      "data": {
        "god": "Xom",
      },
      "level": "1",
      "location": "Zot:1",
      "note": "Found a shimmering altar of Xom.",
      "turn": "86193",
      "type": "altar",
    },
    {
      "branch": "Zot",
      "data": {
        "level": "20",
        "skill": "Evocations",
      },
      "level": "3",
      "location": "Zot:3",
      "note": "Reached skill level 20 in Evocations",
      "turn": "90366",
      "type": "skill-level",
    },
    {
      "branch": "Zot",
      "data": {
        "level": "15",
        "skill": "Stealth",
      },
      "level": "4",
      "location": "Zot:4",
      "note": "Reached skill level 15 in Stealth",
      "turn": "92283",
      "type": "skill-level",
    },
    {
      "branch": "Ziggurat",
      "data": {
        "item": "cursed ring "Harosaeh" {rElec rPois MP+9 EV-4 Int-2}",
      },
      "level": "4",
      "location": "Ziggurat:4",
      "note": "Identified the cursed ring "Harosaeh" {rElec rPois MP+9 EV-4 Int-2} (You found it on level 4 of a ziggurat)",
      "turn": "94656",
      "type": "ident-loc",
    },
    {
      "branch": "Ziggurat",
      "data": {
        "item": "cursed ring "Harosaeh" {rElec rPois MP+9 EV-4 Int-2}",
      },
      "level": "4",
      "location": "Ziggurat:4",
      "note": "Identified the cursed ring "Harosaeh" {rElec rPois MP+9 EV-4 Int-2} (You found it on level 4 of a ziggurat)",
      "turn": "94656",
      "type": "item",
    },
    {
      "branch": "Ziggurat",
      "data": {
        "item": "ring "Lainwuga" {*Tele rPois rF+++ Str-4 Stlth-}",
      },
      "level": "5",
      "location": "Ziggurat:5",
      "note": "Identified the ring "Lainwuga" {*Tele rPois rF+++ Str-4 Stlth-} (You found it on level 5 of a ziggurat)",
      "turn": "94762",
      "type": "ident-loc",
    },
    {
      "branch": "Ziggurat",
      "data": {
        "item": "ring "Lainwuga" {*Tele rPois rF+++ Str-4 Stlth-}",
      },
      "level": "5",
      "location": "Ziggurat:5",
      "note": "Identified the ring "Lainwuga" {*Tele rPois rF+++ Str-4 Stlth-} (You found it on level 5 of a ziggurat)",
      "turn": "94762",
      "type": "item",
    },
    {
      "branch": "Ziggurat",
      "data": {
        "item": "+0 staff of Battle",
      },
      "level": "8",
      "location": "Ziggurat:8",
      "note": "Found the +0 staff of Battle",
      "turn": "95524",
      "type": "found",
    },
    {
      "branch": "Ziggurat",
      "data": {
        "item": "+0 staff of Battle",
      },
      "level": "8",
      "location": "Ziggurat:8",
      "note": "Found the +0 staff of Battle",
      "turn": "95524",
      "type": "item",
    },
    {
      "branch": "Ziggurat",
      "data": {
        "item": "+1 plate armour "Ehiogol" {Dex+4}",
      },
      "level": "8",
      "location": "Ziggurat:8",
      "note": "Identified the +1 plate armour "Ehiogol" {Dex+4} (You found it on level 8 of a ziggurat)",
      "turn": "95543",
      "type": "ident-loc",
    },
    {
      "branch": "Ziggurat",
      "data": {
        "item": "+1 plate armour "Ehiogol" {Dex+4}",
      },
      "level": "8",
      "location": "Ziggurat:8",
      "note": "Identified the +1 plate armour "Ehiogol" {Dex+4} (You found it on level 8 of a ziggurat)",
      "turn": "95543",
      "type": "item",
    },
    {
      "branch": "Zot",
      "data": "Annihilated by an Orb Guardian",
      "level": "5",
      "location": "Zot:5",
      "note": "Annihilated by an Orb Guardian",
      "turn": "96603",
      "type": "last-event",
    },
  ],
  "fullVersion": "2.3.0-a0-568-g763ebf1e5c",
  "god": "Gozag",
  "isBloatcrawl": true,
  "isMorgue": true,
  "isSprint": false,
  "isTrunk": true,
  "is_bcrawl": false,
  "morgue": {
    "basename": "morgue-TsoeiynMaft-20230301-012532",
    "date": 2023-03-01T01:25:32.000Z,
    "filename": "morgue-TsoeiynMaft-20230301-012532.txt.gz",
    "player": "TsoeiynMaft",
    "timestamp": "1677633932000",
    "url": "https://crawl.kelbi.org/crawl/morgue/TsoeiynMaft/morgue-TsoeiynMaft-20230301-012532.txt.gz",
  },
  "runeCount": 3,
  "runes": [
    "barnacled",
    "slimy",
    "silver",
  ],
  "score": "829441",
  "species": null,
  "stash": {
    "artefact_list": [],
    "branch": {},
    "shop_list": [],
  },
  "timeSeconds": 38083,
  "turns": 96603,
  "value": "2706224121741616345",
  "version": "2.3.0",
}
`;
